Component: ARM Compiler 5.05 update 1 (build 106) Tool: armlink [4d0efa]

==============================================================================

Section Cross References

    startup.o(STACK) refers (Special) to heapauxi.o(.text) for __use_two_region_memory
    startup.o(HEAP) refers (Special) to heapauxi.o(.text) for __use_two_region_memory
    startup.o(RESET) refers (Special) to heapauxi.o(.text) for __use_two_region_memory
    startup.o(RESET) refers to startup.o(STACK) for Stack_Top
    startup.o(RESET) refers to __main.o(!!!main) for __main
    startup.o(.text) refers (Special) to heapauxi.o(.text) for __use_two_region_memory
    startup.o(.text) refers to startup.o(HEAP) for Heap_Mem
    startup.o(.text) refers to startup.o(STACK) for Stack_Mem
    main.o(i._Z5draw1v) refers to ili9229.o(i._ZN7ILI922510_setWindowEjjjj) for ILI9225::_setWindow(unsigned, unsigned, unsigned, unsigned)
    main.o(i._Z5draw1v) refers to ili9229.o(i._ZN7ILI922510_writeDataEi) for ILI9225::_writeData(int)
    main.o(i._Z5draw1v) refers to main.o(.bss) for .bss
    main.o(i._Z5draw2v) refers to ili9229.o(i._ZN7ILI922510_setWindowEjjjj) for ILI9225::_setWindow(unsigned, unsigned, unsigned, unsigned)
    main.o(i._Z5draw2v) refers to ili9229.o(i._ZN7ILI922510_writeDataEi) for ILI9225::_writeData(int)
    main.o(i._Z5draw2v) refers to main.o(.bss) for .bss
    main.o(i._Z5graphv) refers to dflt_noclz.o(x$fpl$dflt) for __aeabi_i2d
    main.o(i._Z5graphv) refers to ddiv.o(x$fpl$ddiv) for __aeabi_ddiv
    main.o(i._Z5graphv) refers to daddsub_noclz.o(x$fpl$dsub) for __aeabi_dsub
    main.o(i._Z5graphv) refers to sin.o(i.sin) for sin
    main.o(i._Z5graphv) refers to dleqf.o(x$fpl$dleqf) for __aeabi_cdcmple
    main.o(i._Z5graphv) refers to ili9229.o(i._ZN7ILI92259drawPixelEjjj) for ILI9225::drawPixel(unsigned, unsigned, unsigned)
    main.o(i._Z5graphv) refers to main.o(.bss) for .bss
    main.o(i._Z6graph2v) refers to ili9229.o(i._ZN7ILI92257setFontEPKc) for ILI9225::setFont(const char*)
    main.o(i._Z6graph2v) refers to dac.o(i._ZN8dacClass4initEv) for dacClass::init()
    main.o(i._Z6graph2v) refers to dac.o(i._ZN8dacClass5writeEi) for dacClass::write(int)
    main.o(i._Z6graph2v) refers to fflt_noclz.o(x$fpl$fflt) for __aeabi_i2f
    main.o(i._Z6graph2v) refers to pll.o(i._ZN3pll18getPeripheralClockEv) for pll::getPeripheralClock()
    main.o(i._Z6graph2v) refers to aeabi_sdiv.o(.text_udiv) for __aeabi_uidivmod
    main.o(i._Z6graph2v) refers to adc.o(i._ZN9adc0Class4readEiii) for adc0Class::read(int, int, int)
    main.o(i._Z6graph2v) refers to rand.o(.emb_text) for rand
    main.o(i._Z6graph2v) refers to dflt_noclz.o(x$fpl$dflt) for __aeabi_i2d
    main.o(i._Z6graph2v) refers to scalbn.o(x$fpl$scalbn) for __ARM_scalbn
    main.o(i._Z6graph2v) refers to d2f.o(x$fpl$d2f) for __aeabi_d2f
    main.o(i._Z6graph2v) refers to aeabi_sdiv.o(.text) for __aeabi_idivmod
    main.o(i._Z6graph2v) refers to fleqf.o(x$fpl$fleqf) for __aeabi_cfcmple
    main.o(i._Z6graph2v) refers to frleqf.o(x$fpl$frleqf) for __aeabi_cfrcmple
    main.o(i._Z6graph2v) refers to aeabi_vec_ctor_nocookie_nodtor.o(i.__aeabi_vec_ctor_nocookie_nodtor) for __aeabi_vec_ctor_nocookie_nodtor
    main.o(i._Z6graph2v) refers to fmul.o(x$fpl$fmul) for __aeabi_fmul
    main.o(i._Z6graph2v) refers to complex.o(i._ZN7complexaSEf) for complex::operator =(float)
    main.o(i._Z6graph2v) refers to fft.o(i._Z3fftP7complexii) for fft(complex*, int, int)
    main.o(i._Z6graph2v) refers to complex.o(i._ZN7complex9magnitudeEv) for complex::magnitude()
    main.o(i._Z6graph2v) refers to fdiv.o(x$fpl$fdiv) for __aeabi_fdiv
    main.o(i._Z6graph2v) refers to complex.o(i._ZN7complexmLEf) for complex::operator *=(float)
    main.o(i._Z6graph2v) refers to ili9229.o(i._ZN7ILI922510_setWindowEjjjj) for ILI9225::_setWindow(unsigned, unsigned, unsigned, unsigned)
    main.o(i._Z6graph2v) refers to ili9229.o(i._ZN7ILI922510_writeDataEi) for ILI9225::_writeData(int)
    main.o(i._Z6graph2v) refers to ffixu.o(x$fpl$ffixu) for __aeabi_f2uiz
    main.o(i._Z6graph2v) refers to ffix.o(x$fpl$ffix) for __aeabi_f2iz
    main.o(i._Z6graph2v) refers to faddsub_noclz.o(x$fpl$fsub) for __aeabi_fsub
    main.o(i._Z6graph2v) refers to ili9229.o(i._ZN7ILI92258drawLineEjjjjj) for ILI9225::drawLine(unsigned, unsigned, unsigned, unsigned, unsigned)
    main.o(i._Z6graph2v) refers to faddsub_noclz.o(x$fpl$fadd) for __aeabi_fadd
    main.o(i._Z6graph2v) refers to main.o(.constdata) for .constdata
    main.o(i._Z6graph2v) refers to main.o(.bss) for .bss
    main.o(i._Z6graph2v) refers to main.o(.data) for .data
    main.o(i._Z6graph2v) refers to complex.o(i._ZN7complexC1Ev) for complex::complex()
    main.o(i.__sti___8_main_cpp__clock) refers to pll.o(i._ZN3pllC1Emii) for pll::pll(unsigned long, int, int)
    main.o(i.__sti___8_main_cpp__clock) refers to pll.o(i._ZN3pll18getPeripheralClockEv) for pll::getPeripheralClock()
[...]
    .ARM.Collect$$libinit$$0000001F          0x0000018e   Section        0  libinit2.o(.ARM.Collect$$libinit$$0000001F)
    .ARM.Collect$$libinit$$00000021          0x0000018e   Section        0  libinit2.o(.ARM.Collect$$libinit$$00000021)
    .ARM.Collect$$libinit$$00000023          0x0000018e   Section        0  libinit2.o(.ARM.Collect$$libinit$$00000023)
    .ARM.Collect$$libinit$$00000025          0x0000018e   Section        0  libinit2.o(.ARM.Collect$$libinit$$00000025)
    .ARM.Collect$$libinit$$0000002C          0x0000018e   Section        0  libinit2.o(.ARM.Collect$$libinit$$0000002C)
    .ARM.Collect$$libinit$$0000002E          0x0000018e   Section        0  libinit2.o(.ARM.Collect$$libinit$$0000002E)
    .ARM.Collect$$libinit$$00000030          0x0000018e   Section        0  libinit2.o(.ARM.Collect$$libinit$$00000030)
    .ARM.Collect$$libinit$$00000031          0x0000018e   Section        4  libinit2.o(.ARM.Collect$$libinit$$00000031)
    .ARM.Collect$$libinit$$00000032          0x00000192   Section        0  libinit2.o(.ARM.Collect$$libinit$$00000032)
    .ARM.Collect$$libinit$$00000033          0x00000192   Section       12  libinit2.o(.ARM.Collect$$libinit$$00000033)
    .ARM.Collect$$libshutdown$$00000000      0x000001a8   Section        4  libshutdown.o(.ARM.Collect$$libshutdown$$00000000)
    .ARM.Collect$$libshutdown$$00000003      0x000001ac   Section        0  libshutdown2.o(.ARM.Collect$$libshutdown$$00000003)
    .ARM.Collect$$libshutdown$$00000006      0x000001ac   Section        0  libshutdown2.o(.ARM.Collect$$libshutdown$$00000006)
    .ARM.Collect$$libshutdown$$00000009      0x000001ac   Section        0  libshutdown2.o(.ARM.Collect$$libshutdown$$00000009)
    .ARM.Collect$$libshutdown$$0000000B      0x000001ac   Section        0  libshutdown2.o(.ARM.Collect$$libshutdown$$0000000B)
    .ARM.Collect$$libshutdown$$0000000E      0x000001ac   Section        0  libshutdown2.o(.ARM.Collect$$libshutdown$$0000000E)
    .ARM.Collect$$libshutdown$$0000000F      0x000001ac   Section        6  libshutdown2.o(.ARM.Collect$$libshutdown$$0000000F)
    .ARM.Collect$$rtentry$$00000000          0x000001b4   Section        0  __rtentry.o(.ARM.Collect$$rtentry$$00000000)
    .ARM.Collect$$rtentry$$00000002          0x000001b4   Section        0  __rtentry2.o(.ARM.Collect$$rtentry$$00000002)
    .ARM.Collect$$rtentry$$00000004          0x000001b4   Section        8  __rtentry4.o(.ARM.Collect$$rtentry$$00000004)
    .ARM.Collect$$rtentry$$00000009          0x000001bc   Section        0  __rtentry2.o(.ARM.Collect$$rtentry$$00000009)
    .ARM.Collect$$rtentry$$0000000A          0x000001bc   Section        4  __rtentry2.o(.ARM.Collect$$rtentry$$0000000A)
    .ARM.Collect$$rtentry$$0000000C          0x000001c0   Section        0  __rtentry2.o(.ARM.Collect$$rtentry$$0000000C)
    .ARM.Collect$$rtentry$$0000000D          0x000001c0   Section       40  __rtentry2.o(.ARM.Collect$$rtentry$$0000000D)
    .ARM.Collect$$rtexit$$00000000           0x000001ec   Section        4  rtexit.o(.ARM.Collect$$rtexit$$00000000)
    .ARM.Collect$$rtexit$$00000002           0x000001f0   Section        0  rtexit2.o(.ARM.Collect$$rtexit$$00000002)
    .ARM.Collect$$rtexit$$00000003           0x000001f0   Section        4  rtexit2.o(.ARM.Collect$$rtexit$$00000003)
    .ARM.Collect$$rtexit$$00000004           0x000001f4   Section        8  rtexit2.o(.ARM.Collect$$rtexit$$00000004)
    .emb_text                                0x00000204   Section       56  rand.o(.emb_text)
    .emb_text                                0x0000023c   Section        0  maybetermalloc1.o(.emb_text)
    .text                                    0x0000023c   Section       36  startup.o(.text)
    .text                                    0x00000268   Section        0  h1_alloc.o(.text)
    .text                                    0x000002e0   Section        0  h1_free.o(.text)
    .text                                    0x0000033c   Section        0  noretval__2sprintf.o(.text)
    .text                                    0x00000364   Section        0  __printf.o(.text)
    .text                                    0x000003e4   Section        0  _printf_dec.o(.text)
    .text                                    0x00000454   Section        0  rand.o(.text)
    .text                                    0x0000049c   Section        0  abort.o(.text)
    .text                                    0x000004ac   Section      100  rt_memcpy_w.o(.text)
    .text                                    0x00000510   Section      244  strcmp.o(.text)
    .text                                    0x00000604   Section      384  aeabi_sdiv.o(.text)
    __arm_div8                               0x00000630   ARM Code       0  aeabi_sdiv.o(.text)
    __arm_div5                               0x00000654   ARM Code       0  aeabi_sdiv.o(.text)
    __arm_div2                               0x00000678   ARM Code       0  aeabi_sdiv.o(.text)
    __arm_div_large                          0x000006b4   ARM Code       0  aeabi_sdiv.o(.text)
    .text                                    0x00000784   Section        0  heapauxi.o(.text)
    .text                                    0x0000078c   Section        0  init_aeabi.o(.text)
    .text                                    0x000007bc   Section        0  sys_exit.o(.text)
    .text                                    0x000007cc   Section       12  rt_heap_descriptor_intlibspace.o(.text)
    .text                                    0x000007d8   Section        0  hguard.o(.text)
    .text                                    0x000007dc   Section        0  init_alloc.o(.text)
    .text                                    0x00000870   Section        0  h1_init.o(.text)
    .text                                    0x00000888   Section        0  _rserrno.o(.text)
    .text                                    0x000008a2   Section        0  _printf_intcommon.o(.text)
    .text                                    0x0000095c   Section        0  _printf_char_common.o(.text)
    _printf_input_char                       0x0000095d   Thumb Code    10  _printf_char_common.o(.text)
    .text                                    0x0000098c   Section        0  _sputc.o(.text)
    .text                                    0x00000996   Section        0  defsig_abrt_outer.o(.text)
    .text                                    0x000009ac   Section       44  rtudiv10.o(.text)
    .text                                    0x000009d8   Section       12  libspace.o(.text)
    .text                                    0x000009e4   Section        4  use_no_semi.o(.text)
    .text                                    0x000009e8   Section        0  indicate_semi.o(.text)
    .text                                    0x000009ec   Section       12  rt_errno_addr_intlibspace.o(.text)
    .text                                    0x000009f8   Section        0  h1_extend.o(.text)
    .text                                    0x00000a30   Section        0  defsig_exit.o(.text)
    .text                                    0x00000a40   Section        0  defsig_abrt_inner.o(.text)
    .text                                    0x00000a74   Section        0  defsig_rtmem_outer.o(.text)
    .text                                    0x00000a84   Section       96  sys_stackheap_outer.o(.text)
    .text                                    0x00000ae4   Section        0  exit.o(.text)
    .text                                    0x00000af0   Section        0  defsig_general.o(.text)
    .text                                    0x00000b28   Section        0  defsig_rtmem_inner.o(.text)
    .text                                    0x00000b7c   Section        0  sys_wrch.o(.text)
    .text_udiv                               0x00000b8c   Section       36  aeabi_sdiv.o(.text_udiv)
    i._Z10initDACoutv                        0x00000bb0   Section        0  oscilloscope.o(i._Z10initDACoutv)
    i._Z10initTimer0v                        0x00000c9c   Section        0  oscilloscope.o(i._Z10initTimer0v)
    i._Z12displayGraphPiiib                  0x00000cf0   Section        0  oscilloscope.o(i._Z12displayGraphPiiib)
    i._Z12oscilloscopev                      0x00000e00   Section        0  oscilloscope.o(i._Z12oscilloscopev)
    i._Z14displayXY_PlotPiS_iib              0x00000f6c   Section        0  oscilloscope.o(i._Z14displayXY_PlotPiS_iib)
    i._Z15displayFFT_PlotPiiib               0x000010a4   Section        0  oscilloscope.o(i._Z15displayFFT_PlotPiiib)
    i._Z16Timer0_Interruptv                  0x00001270   Section        0  oscilloscope.o(i._Z16Timer0_Interruptv)
    i._Z16Timer1_Interruptv                  0x0000130c   Section        0  oscilloscope.o(i._Z16Timer1_Interruptv)
    i._Z3fftP7complexii                      0x00001364   Section        0  fft.o(i._Z3fftP7complexii)
    i._Z5draw1v                              0x000013bc   Section        0  main.o(i._Z5draw1v)
    i._Z5draw2v                              0x00001424   Section        0  main.o(i._Z5draw2v)
    i._Z5graphv                              0x00001488   Section        0  main.o(i._Z5graphv)
    i._Z6graph2v                             0x00001558   Section        0  main.o(i._Z6graph2v)
    i._Z7initADCv                            0x00001958   Section        0  oscilloscope.o(i._Z7initADCv)
    i._Z8stockhamP7complexiiiS0_             0x0000197c   Section        0  fft.o(i._Z8stockhamP7complexiiiS0_)
    stockham(complex*, int, int, int, complex*) 0x0000197c   ARM Code     656  fft.o(i._Z8stockhamP7complexiiiS0_)
    i._ZN3pin3lowEv                          0x00001c14   Section        0  pin.o(i._ZN3pin3lowEv)
    i._ZN3pin4highEv                         0x00001c2c   Section        0  pin.o(i._ZN3pin4highEv)
    i._ZN3pin6outputEv                       0x00001c44   Section        0  pin.o(i._ZN3pin6outputEv)
    i._ZN3pinC1Ei                            0x00001c60   Section        0  pin.o(i._ZN3pinC1Ei)
    i._ZN3pinC1Ev                            0x00001d54   Section        0  pin.o(i._ZN3pinC1Ev)
    i._ZN3pll11getCpuClockEv                 0x00001d58   Section        0  pll.o(i._ZN3pll11getCpuClockEv)
    i._ZN3pll12feedSequenceEv                0x00001d60   Section        0  pll.o(i._ZN3pll12feedSequenceEv)
    i._ZN3pll18getPeripheralClockEv          0x00001d7c   Section        0  pll.o(i._ZN3pll18getPeripheralClockEv)
    i._ZN3pll4getPEv                         0x00001d84   Section        0  pll.o(i._ZN3pll4getPEv)
    i._ZN3pll6setPllEv                       0x00001ddc   Section        0  pll.o(i._ZN3pll6setPllEv)
    i._ZN3pll8isLockedEv                     0x00001e40   Section        0  pll.o(i._ZN3pll8isLockedEv)
    i._ZN3pllC1Emii                          0x00001e58   Section        0  pll.o(i._ZN3pllC1Emii)
    i._ZN4spi111setClockDivEi                0x00001ea4   Section        0  spi1.o(i._ZN4spi111setClockDivEi)
    i._ZN4spi18initPinsEv                    0x00001eb8   Section        0  spi1.o(i._ZN4spi18initPinsEv)
    i._ZN4spi1C1Emii                         0x00001ed0   Section        0  spi1.o(i._ZN4spi1C1Emii)
    i._ZN5delay2msEm                         0x00001f38   Section        0  delay.o(i._ZN5delay2msEm)
    i._ZN5delayC1Em                          0x00001f60   Section        0  delay.o(i._ZN5delayC1Em)
    i._ZN5uart010getCommandEcc               0x00001f98   Section        0  uart.o(i._ZN5uart010getCommandEcc)
    i._ZN5uart011callSetBaudEv               0x00002014   Section        0  uart.o(i._ZN5uart011callSetBaudEv)
    i._ZN5uart011printStringEPc              0x00002044   Section        0  uart.o(i._ZN5uart011printStringEPc)
    i._ZN5uart04readEv                       0x00002070   Section        0  uart.o(i._ZN5uart04readEv)
    i._ZN5uart05writeEc                      0x0000208c   Section        0  uart.o(i._ZN5uart05writeEc)
    i._ZN5uart0C1Emmjji                      0x000020a8   Section        0  uart.o(i._ZN5uart0C1Emmjji)
    i._ZN7ILI922510_setWindowEjjjj           0x00002144   Section        0  ili9229.o(i._ZN7ILI922510_setWindowEjjjj)
    i._ZN7ILI922510_writeDataEi              0x00002204   Section        0  ili9229.o(i._ZN7ILI922510_writeDataEi)
    i._ZN7ILI922511_updateCurXEi             0x00002228   Section        0  ili9229.o(i._ZN7ILI922511_updateCurXEi)
    i._ZN7ILI922511_updateCurYEi             0x00002268   Section        0  ili9229.o(i._ZN7ILI922511_updateCurYEi)
    i._ZN7ILI922512setBacklightEb            0x000022b0   Section        0  ili9229.o(i._ZN7ILI922512setBacklightEb)
    i._ZN7ILI922513_writeCommandEi           0x000022c4   Section        0  ili9229.o(i._ZN7ILI922513_writeCommandEi)
    i._ZN7ILI922513fillRectangleEjjjjj       0x000022e8   Section        0  ili9229.o(i._ZN7ILI922513fillRectangleEjjjjj)
    i._ZN7ILI922514_writeRegisterEjj         0x00002340   Section        0  ili9229.o(i._ZN7ILI922514_writeRegisterEjj)
    i._ZN7ILI922514setOrientationEc          0x00002360   Section        0  ili9229.o(i._ZN7ILI922514setOrientationEc)
    i._ZN7ILI922515setCursorLimitsEjjjjj     0x000023a4   Section        0  ili9229.o(i._ZN7ILI922515setCursorLimitsEjjjjj)
    i._ZN7ILI922518_orientCoordinatesERjS0_  0x0000242c   Section        0  ili9229.o(i._ZN7ILI922518_orientCoordinatesERjS0_)
    i._ZN7ILI92255beginEm                    0x000024c0   Section        0  ili9229.o(i._ZN7ILI92255beginEm)
    i._ZN7ILI92255clearEi                    0x000028c0   Section        0  ili9229.o(i._ZN7ILI92255clearEi)
    i._ZN7ILI92257setFontEPKc                0x00002928   Section        0  ili9229.o(i._ZN7ILI92257setFontEPKc)
    i._ZN7ILI92258drawCharEjjjj              0x00002964   Section        0  ili9229.o(i._ZN7ILI92258drawCharEjjjj)
    i._ZN7ILI92258drawLineEjjjjj             0x00002a60   Section        0  ili9229.o(i._ZN7ILI92258drawLineEjjjjj)
    i._ZN7ILI92258drawTextEPcj               0x00002b30   Section        0  ili9229.o(i._ZN7ILI92258drawTextEPcj)
    i._ZN7ILI92258drawTextEjjPcj             0x00002bd4   Section        0  ili9229.o(i._ZN7ILI92258drawTextEjjPcj)
    i._ZN7ILI92259drawPixelEjjj              0x00002c50   Section        0  ili9229.o(i._ZN7ILI92259drawPixelEjjj)
    i._ZN7ILI9225C1EP4spi13pinS2_S2_S2_      0x00002cb8   Section        0  ili9229.o(i._ZN7ILI9225C1EP4spi13pinS2_S2_S2_)
    i._ZN7complex9magnitudeEv                0x00002d8c   Section        0  complex.o(i._ZN7complex9magnitudeEv)
    i._ZN7complexC1Ev                        0x00002dc0   Section        0  complex.o(i._ZN7complexC1Ev)
    i._ZN7complexaSEf                        0x00002dc4   Section        0  complex.o(i._ZN7complexaSEf)
    i._ZN7complexmLEf                        0x00002dd4   Section        0  complex.o(i._ZN7complexmLEf)
    i._ZN8dacClass4initEv                    0x00002e4c   Section        0  dac.o(i._ZN8dacClass4initEv)
    i._ZN8dacClass5writeEi                   0x00002e64   Section        0  dac.o(i._ZN8dacClass5writeEi)
    i._ZN8dacClassC1Ev                       0x00002e78   Section        0  dac.o(i._ZN8dacClassC1Ev)
    i._ZN9adc0Class4readEiii                 0x00002e7c   Section        0  adc.o(i._ZN9adc0Class4readEiii)
    i._ZN9adc0ClassC1Ev                      0x00002ec4   Section        0  adc.o(i._ZN9adc0ClassC1Ev)
    i._ZN9processor3addEPFvvEPc              0x00002ec8   Section        0  process.o(i._ZN9processor3addEPFvvEPc)
    i._ZN9processor7processEPc               0x00002eec   Section        0  process.o(i._ZN9processor7processEPc)
    i._ZN9processorC1Ev                      0x00002f54   Section        0  process.o(i._ZN9processorC1Ev)
    i.__ARM_common_call_via_r0               0x00002f58   Section        0  init_aeabi.o(i.__ARM_common_call_via_r0)
    i.__ARM_common_call_via_r1               0x00002f5a   Section        0  __printf.o(i.__ARM_common_call_via_r1)
    i.__ARM_common_call_via_r2               0x00002f5c   Section        0  __printf.o(i.__ARM_common_call_via_r2)
    i.__ARM_common_call_via_r6               0x00002f5e   Section        0  aeabi_vec_ctor_nocookie_nodtor.o(i.__ARM_common_call_via_r6)
    i.__ARM_fpclassify                       0x00002f60   Section        0  fpclassify.o(i.__ARM_fpclassify)
    i.__aeabi_vec_ctor_nocookie_nodtor       0x00002f98   Section        0  aeabi_vec_ctor_nocookie_nodtor.o(i.__aeabi_vec_ctor_nocookie_nodtor)
    i.__ieee754_rem_pio2                     0x00002fc0   Section        0  rred.o(i.__ieee754_rem_pio2)
    i.__kernel_cos                           0x000034d4   Section        0  cos_i.o(i.__kernel_cos)
    i.__kernel_poly                          0x00003670   Section        0  poly.o(i.__kernel_poly)
    i.__kernel_sin                           0x00003770   Section        0  sin_i.o(i.__kernel_sin)
    i.__mathlib_dbl_infnan                   0x000038ec   Section        0  dunder.o(i.__mathlib_dbl_infnan)
    i.__mathlib_dbl_invalid                  0x000038f4   Section        0  dunder.o(i.__mathlib_dbl_invalid)
    i.__mathlib_dbl_underflow                0x00003908   Section        0  dunder.o(i.__mathlib_dbl_underflow)
    i.__sti___8_main_cpp__clock              0x0000391c   Section        0  main.o(i.__sti___8_main_cpp__clock)
    __sti___8_main_cpp__clock                0x0000391c   ARM Code     272  main.o(i.__sti___8_main_cpp__clock)
    i.cos                                    0x00003a58   Section        0  cos.o(i.cos)
    i.main                                   0x00003b48   Section        0  main.o(i.main)
    i.sin                                    0x00003cf4   Section        0  sin.o(i.sin)
    i.sqrtf                                  0x00003dec   Section        0  sqrtf.o(i.sqrtf)
    x$fpl$d2f                                0x00003e34   Section      108  d2f.o(x$fpl$d2f)
    x$fpl$dadd                               0x00003ea0   Section      340  daddsub_noclz.o(x$fpl$dadd)
    _dadd1                                   0x00003eb0   ARM Code       0  daddsub_noclz.o(x$fpl$dadd)
    x$fpl$dcheck1                            0x00003ff4   Section       16  dcheck1.o(x$fpl$dcheck1)
    x$fpl$dcmpinf                            0x00004004   Section       28  dcmpi.o(x$fpl$dcmpinf)
    x$fpl$ddiv                               0x00004020   Section      736  ddiv.o(x$fpl$ddiv)
    ddiv_entry                               0x00004028   ARM Code       0  ddiv.o(x$fpl$ddiv)
    x$fpl$dfix                               0x00004300   Section      112  dfix.o(x$fpl$dfix)
    x$fpl$dfixu                              0x00004370   Section      112  dfixu.o(x$fpl$dfixu)
    x$fpl$dflt                               0x000043e0   Section       88  dflt_noclz.o(x$fpl$dflt)
    x$fpl$dfltu                              0x00004438   Section       12  dflt_noclz.o(x$fpl$dfltu)
    x$fpl$dleqf                              0x00004444   Section      148  dleqf.o(x$fpl$dleqf)
    x$fpl$dmul                               0x000044d8   Section      384  dmul.o(x$fpl$dmul)
    x$fpl$dnaninf                            0x00004658   Section      192  dnaninf.o(x$fpl$dnaninf)
    x$fpl$dretinf                            0x00004718   Section       16  dretinf.o(x$fpl$dretinf)
    x$fpl$drsb                               0x00004728   Section       24  daddsub_noclz.o(x$fpl$drsb)
    x$fpl$dsub                               0x00004740   Section      580  daddsub_noclz.o(x$fpl$dsub)
    _dsub1                                   0x00004750   ARM Code       0  daddsub_noclz.o(x$fpl$dsub)
    x$fpl$f2d                                0x00004984   Section      100  f2d.o(x$fpl$f2d)
    x$fpl$fadd                               0x000049e8   Section      196  faddsub_noclz.o(x$fpl$fadd)
    _fadd1                                   0x000049f4   ARM Code       0  faddsub_noclz.o(x$fpl$fadd)
    x$fpl$fcmpinf                            0x00004aac   Section       28  fcmpi.o(x$fpl$fcmpinf)
    x$fpl$fdiv                               0x00004ac8   Section      400  fdiv.o(x$fpl$fdiv)
    _fdiv1                                   0x00004ac8   ARM Code       0  fdiv.o(x$fpl$fdiv)
    x$fpl$ffix                               0x00004c58   Section       68  ffix.o(x$fpl$ffix)
    x$fpl$ffixu                              0x00004c9c   Section       84  ffixu.o(x$fpl$ffixu)
    x$fpl$fflt                               0x00004cf0   Section       92  fflt_noclz.o(x$fpl$fflt)
    x$fpl$fleqf                              0x00004d4c   Section      132  fleqf.o(x$fpl$fleqf)
    x$fpl$fmul                               0x00004dd0   Section      256  fmul.o(x$fpl$fmul)
    x$fpl$fnaninf                            0x00004ed0   Section      168  fnaninf.o(x$fpl$fnaninf)
    x$fpl$fretinf                            0x00004f78   Section       16  fretinf.o(x$fpl$fretinf)
    x$fpl$frleqf                             0x00004f88   Section      124  frleqf.o(x$fpl$frleqf)
    x$fpl$fsqrt                              0x00005004   Section      316  fsqrt.o(x$fpl$fsqrt)
    x$fpl$fsub                               0x00005140   Section      304  faddsub_noclz.o(x$fpl$fsub)
    _fsub1                                   0x0000514c   ARM Code       0  faddsub_noclz.o(x$fpl$fsub)
    x$fpl$retnan                             0x00005270   Section      116  retnan.o(x$fpl$retnan)
    x$fpl$scalbn                             0x000052e4   Section      104  scalbn.o(x$fpl$scalbn)
    x$fpl$trapveneer                         0x0000534c   Section       60  trapv.o(x$fpl$trapveneer)
    .constdata                               0x00005388   Section      676  main.o(.constdata)
    x$fpl$usenofp                            0x00005388   Section        0  usenofp.o(x$fpl$usenofp)
    Terminal6x8                              0x00005388   Data         676  main.o(.constdata)
    .constdata                               0x00005630   Section       48  cos_i.o(.constdata)
    C                                        0x00005630   Data          48  cos_i.o(.constdata)
    .constdata                               0x00005660   Section      200  rred.o(.constdata)
    pio2s                                    0x00005660   Data          48  rred.o(.constdata)
    twooverpi                                0x00005690   Data         152  rred.o(.constdata)
    .constdata                               0x00005728   Section       40  sin_i.o(.constdata)
    S                                        0x00005728   Data          40  sin_i.o(.constdata)
    .init_array                              0x00005770   Section        4  main.o(.init_array)
    .init_array                              0x00005774   Section        0  init_aeabi.o(.init_array)
    .data                                    0x40000000   Section        8  main.o(.data)
    .data                                    0x40000008   Section        4  process.o(.data)
    processes                                0x40000008   Data           4  process.o(.data)
    .data                                    0x4000000c   Section       12  oscilloscope.o(.data)
    .bss                                     0x40000018   Section      356  main.o(.bss)
    .bss                                     0x4000017c   Section     3072  oscilloscope.o(.bss)
    .bss                                     0x40000d7c   Section      228  rand.o(.bss)
    .bss                                     0x40000e60   Section       96  libspace.o(.bss)
    HEAP                                     0x40000ec0   Section    16384  startup.o(HEAP)
    Heap_Mem                                 0x40000ec0   Data       16384  startup.o(HEAP)
    STACK                                    0x40004ec0   Section     8072  startup.o(STACK)
    Stack_Mem                                0x40004ec0   Data        7936  startup.o(STACK)
    Stack_Top                                0x40006e48   Data           0  startup.o(STACK)

    Global Symbols

    Symbol Name                              Value     Ov Type        Size  Object(Section)

    BuildAttributes$$THM_ISAv1$ARM_ISAv4$S$PE$A:L22$X:L11$S22$IEEE1$IW$USESV6$~STKCKD$USESV7$ENUMINT$~SHL$OTIME$ROPI$IEEEX$EBA8$UX$STANDARDLIB$REQ8$PRES8$EABIv2 0x00000000   Number         0  anon$$obj.o ABSOLUTE
    __ARM_use_no_argv                        0x00000000   Number         0  main.o ABSOLUTE
    SHT$$ARM_EXIDX$$Base                      - Undefined Reference
    SHT$$ARM_EXIDX$$Limit                     - Undefined Reference
    __ARM_exceptions_init                     - Undefined Weak Reference
    __aeabi_unwind_cpp_pr1                    - Undefined Weak Reference
    __aeabi_unwind_cpp_pr2                    - Undefined Weak Reference
    __alloca_initialize                       - Undefined Weak Reference
    __arm_preinit_                            - Undefined Weak Reference
    __cxa_begin_cleanup                       - Undefined Weak Reference
    __cxa_call_unexpected                     - Undefined Weak Reference
    __cxa_finalize                            - Undefined Weak Reference
    __cxa_type_match                          - Undefined Weak Reference
    __rt_locale                               - Undefined Weak Reference
    __sigvec_lookup                           - Undefined Weak Reference
    __user_heap_extent                        - Undefined Weak Reference
    _atexit_init                              - Undefined Weak Reference
    _call_atexit_fns                          - Undefined Weak Reference
    _clock_init                               - Undefined Weak Reference
    _fp_trap_init                             - Undefined Weak Reference
    _fp_trap_shutdown                         - Undefined Weak Reference
    _get_lc_collate                           - Undefined Weak Reference
    _get_lc_ctype                             - Undefined Weak Reference
    _get_lc_monetary                          - Undefined Weak Reference
    _get_lc_numeric                           - Undefined Weak Reference
    _get_lc_time                              - Undefined Weak Reference
    _getenv_init                              - Undefined Weak Reference
    _handle_redirection                       - Undefined Weak Reference
    _initio                                   - Undefined Weak Reference
    _mutex_acquire                            - Undefined Weak Reference
    _mutex_free                               - Undefined Weak Reference
    _mutex_release                            - Undefined Weak Reference
    _printf_post_padding                      - Undefined Weak Reference
    _printf_pre_padding                       - Undefined Weak Reference
    _printf_truncate_signed                   - Undefined Weak Reference
    _printf_truncate_unsigned                 - Undefined Weak Reference
    _signal_finish                            - Undefined Weak Reference
    _signal_init                              - Undefined Weak Reference
    _terminateio                              - Undefined Weak Reference
    Reset_Handler                            0x00000058   ARM Code       0  startup.o(RESET)
    __main                                   0x000000cc   ARM Code       8  __main.o(!!!main)
    __scatterload                            0x000000d4   ARM Code       0  __scatter.o(!!!scatter)
    __scatterload_rt2                        0x000000d4   ARM Code      52  __scatter.o(!!!scatter)
    __scatterload_null                       0x000000e8   ARM Code       0  __scatter.o(!!!scatter)
    __scatterload_copy                       0x00000110   ARM Code      40  __scatter_copy.o(!!handler_copy)
    __scatterload_zeroinit                   0x00000138   ARM Code      44  __scatter_zi.o(!!handler_zi)
    Inline Thumb to ARM Veneer to _printf_percent 0x00000165   Thumb Code     4  _printf_percent.o(.ARM.Collect$$_printf_percent$$00000000)
    _printf_d                                0x00000168   ARM Code       0  _printf_d.o(.ARM.Collect$$_printf_percent$$00000009)
    _printf_percent                          0x00000168   ARM Code       0  _printf_percent.o(.ARM.Collect$$_printf_percent$$00000000)
    _printf_percent_end                      0x00000170   ARM Code       0  _printf_percent_end.o(.ARM.Collect$$_printf_percent$$00000017)
    Inline ARM to Thumb Veneer to __rt_lib_init 0x00000178   ARM Code       8  libinit.o(.ARM.Collect$$libinit$$00000000)
    __rt_lib_init                            0x00000181   Thumb Code     0  libinit.o(.ARM.Collect$$libinit$$00000000)
    __rt_lib_init_fp_1                       0x00000183   Thumb Code     0  libinit2.o(.ARM.Collect$$libinit$$00000002)
    __rt_lib_init_heap_2                     0x00000183   Thumb Code     0  libinit2.o(.ARM.Collect$$libinit$$00000005)
    __rt_lib_init_preinit_1                  0x00000183   Thumb Code     0  libinit2.o(.ARM.Collect$$libinit$$00000004)
    __rt_lib_init_heap_1                     0x0000018b   Thumb Code     0  libinit2.o(.ARM.Collect$$libinit$$0000000A)
    __rt_lib_init_rand_2                     0x0000018b   Thumb Code     0  libinit2.o(.ARM.Collect$$libinit$$0000000D)
    __rt_lib_init_user_alloc_1               0x0000018b   Thumb Code     0  libinit2.o(.ARM.Collect$$libinit$$0000000C)
    __rt_lib_init_alloca_1                   0x0000018f   Thumb Code     0  libinit2.o(.ARM.Collect$$libinit$$0000002E)
    __rt_lib_init_argv_1                     0x0000018f   Thumb Code     0  libinit2.o(.ARM.Collect$$libinit$$0000002C)
    __rt_lib_init_atexit_1                   0x0000018f   Thumb Code     0  libinit2.o(.ARM.Collect$$libinit$$0000001B)
    __rt_lib_init_clock_1                    0x0000018f   Thumb Code     0  libinit2.o(.ARM.Collect$$libinit$$00000021)
    __rt_lib_init_cpp_2                      0x0000018f   Thumb Code     0  libinit2.o(.ARM.Collect$$libinit$$00000031)
    __rt_lib_init_exceptions_1               0x0000018f   Thumb Code     0  libinit2.o(.ARM.Collect$$libinit$$00000030)
    __rt_lib_init_fp_trap_1                  0x0000018f   Thumb Code     0  libinit2.o(.ARM.Collect$$libinit$$0000001F)
    __rt_lib_init_getenv_1                   0x0000018f   Thumb Code     0  libinit2.o(.ARM.Collect$$libinit$$00000023)
    __rt_lib_init_lc_collate_1               0x0000018f   Thumb Code     0  libinit2.o(.ARM.Collect$$libinit$$00000011)
    __rt_lib_init_lc_ctype_1                 0x0000018f   Thumb Code     0  libinit2.o(.ARM.Collect$$libinit$$00000013)
    __rt_lib_init_lc_monetary_1              0x0000018f   Thumb Code     0  libinit2.o(.ARM.Collect$$libinit$$00000015)
    __rt_lib_init_lc_numeric_1               0x0000018f   Thumb Code     0  libinit2.o(.ARM.Collect$$libinit$$00000017)
    __rt_lib_init_lc_time_1                  0x0000018f   Thumb Code     0  libinit2.o(.ARM.Collect$$libinit$$00000019)
    __rt_lib_init_rand_1                     0x0000018f   Thumb Code     0  libinit2.o(.ARM.Collect$$libinit$$0000000E)
    __rt_lib_init_signal_1                   0x0000018f   Thumb Code     0  libinit2.o(.ARM.Collect$$libinit$$0000001D)
    __rt_lib_init_stdio_1                    0x0000018f   Thumb Code     0  libinit2.o(.ARM.Collect$$libinit$$00000025)
    __rt_lib_init_cpp_1                      0x00000193   Thumb Code     0  libinit2.o(.ARM.Collect$$libinit$$00000032)
    __rt_lib_init_return                     0x00000193   Thumb Code     0  libinit2.o(.ARM.Collect$$libinit$$00000033)
    Inline ARM to Thumb Veneer to __rt_lib_shutdown 0x000001a0   ARM Code       8  libshutdown.o(.ARM.Collect$$libshutdown$$00000000)
    __rt_lib_shutdown                        0x000001a9   Thumb Code     0  libshutdown.o(.ARM.Collect$$libshutdown$$00000000)
    __rt_lib_shutdown_fp_trap_1              0x000001ad   Thumb Code     0  libshutdown2.o(.ARM.Collect$$libshutdown$$00000006)
    __rt_lib_shutdown_heap_1                 0x000001ad   Thumb Code     0  libshutdown2.o(.ARM.Collect$$libshutdown$$0000000E)
    __rt_lib_shutdown_return                 0x000001ad   Thumb Code     0  libshutdown2.o(.ARM.Collect$$libshutdown$$0000000F)
    __rt_lib_shutdown_signal_1               0x000001ad   Thumb Code     0  libshutdown2.o(.ARM.Collect$$libshutdown$$00000009)
    __rt_lib_shutdown_stdio_1                0x000001ad   Thumb Code     0  libshutdown2.o(.ARM.Collect$$libshutdown$$00000003)
    __rt_lib_shutdown_user_alloc_1           0x000001ad   Thumb Code     0  libshutdown2.o(.ARM.Collect$$libshutdown$$0000000B)
    __rt_entry                               0x000001b4   ARM Code       0  __rtentry.o(.ARM.Collect$$rtentry$$00000000)
    __rt_entry_presh_1                       0x000001b4   ARM Code       0  __rtentry2.o(.ARM.Collect$$rtentry$$00000002)
    __rt_entry_sh                            0x000001b4   ARM Code       0  __rtentry4.o(.ARM.Collect$$rtentry$$00000004)
    __rt_entry_li                            0x000001bc   ARM Code       0  __rtentry2.o(.ARM.Collect$$rtentry$$0000000A)
    __rt_entry_postsh_1                      0x000001bc   ARM Code       0  __rtentry2.o(.ARM.Collect$$rtentry$$00000009)
    __rt_entry_main                          0x000001c0   ARM Code       0  __rtentry2.o(.ARM.Collect$$rtentry$$0000000D)
    __rt_entry_postli_1                      0x000001c0   ARM Code       0  __rtentry2.o(.ARM.Collect$$rtentry$$0000000C)
    Inline Thumb to ARM Veneer to __rt_exit  0x000001e9   Thumb Code     4  rtexit.o(.ARM.Collect$$rtexit$$00000000)
    __rt_exit                                0x000001ec   ARM Code       0  rtexit.o(.ARM.Collect$$rtexit$$00000000)
    __rt_exit_ls                             0x000001f0   ARM Code       0  rtexit2.o(.ARM.Collect$$rtexit$$00000003)
    __rt_exit_prels_1                        0x000001f0   ARM Code       0  rtexit2.o(.ARM.Collect$$rtexit$$00000002)
    __rt_exit_exit                           0x000001f4   ARM Code       0  rtexit2.o(.ARM.Collect$$rtexit$$00000004)
    Inline ARM to Thumb Veneer to rand       0x000001fc   ARM Code       8  rand.o(.emb_text)
    rand                                     0x00000205   Thumb Code    52  rand.o(.emb_text)
    __user_initial_stackheap                 0x0000023c   ARM Code       0  startup.o(.text)
    _maybe_terminate_alloc                   0x0000023d   Thumb Code     0  maybetermalloc1.o(.emb_text)
    Inline ARM to Thumb Veneer to malloc     0x00000260   ARM Code       8  h1_alloc.o(.text)
    malloc                                   0x00000269   Thumb Code   110  h1_alloc.o(.text)
    Inline ARM to Thumb Veneer to free       0x000002d8   ARM Code       8  h1_free.o(.text)
    free                                     0x000002e1   Thumb Code    84  h1_free.o(.text)
    Inline ARM to Thumb Veneer to __2sprintf 0x00000334   ARM Code       8  noretval__2sprintf.o(.text)
    __2sprintf                               0x0000033d   Thumb Code    36  noretval__2sprintf.o(.text)
    __printf                                 0x00000365   Thumb Code   118  __printf.o(.text)
    Inline ARM to Thumb Veneer to _printf_int_dec 0x000003dc   ARM Code       8  _printf_dec.o(.text)
    _printf_int_dec                          0x000003e5   Thumb Code    94  _printf_dec.o(.text)
    srand                                    0x00000455   Thumb Code    46  rand.o(.text)
    _rand_init                               0x00000483   Thumb Code     4  rand.o(.text)
    Inline ARM to Thumb Veneer to abort      0x00000494   ARM Code       8  abort.o(.text)
    abort                                    0x0000049d   Thumb Code    16  abort.o(.text)
    __aeabi_memcpy4                          0x000004ac   ARM Code       0  rt_memcpy_w.o(.text)
    __aeabi_memcpy8                          0x000004ac   ARM Code       0  rt_memcpy_w.o(.text)
    __rt_memcpy_w                            0x000004ac   ARM Code     100  rt_memcpy_w.o(.text)
    _memcpy_lastbytes_aligned                0x000004f8   ARM Code       0  rt_memcpy_w.o(.text)
    strcmp                                   0x00000510   ARM Code     240  strcmp.o(.text)
    __aeabi_idiv                             0x00000604   ARM Code       0  aeabi_sdiv.o(.text)
    __aeabi_idivmod                          0x00000604   ARM Code     384  aeabi_sdiv.o(.text)
    __use_two_region_memory                  0x00000785   Thumb Code     2  heapauxi.o(.text)
    __rt_heap_escrow                         0x00000787   Thumb Code     2  heapauxi.o(.text)
    __rt_heap_expand                         0x00000789   Thumb Code     2  heapauxi.o(.text)
    __cpp_initialize__aeabi_                 0x0000078d   Thumb Code    32  init_aeabi.o(.text)
    Inline ARM to Thumb Veneer to _sys_exit  0x000007b4   ARM Code       8  sys_exit.o(.text)
    _sys_exit                                0x000007bd   Thumb Code     8  sys_exit.o(.text)
    Inline Thumb to ARM Veneer to __rt_heap_descriptor 0x000007c9   Thumb Code     4  rt_heap_descriptor_intlibspace.o(.text)
    __rt_heap_descriptor                     0x000007cc   ARM Code      12  rt_heap_descriptor_intlibspace.o(.text)
    __use_no_heap                            0x000007d9   Thumb Code     2  hguard.o(.text)
    __heap$guard                             0x000007db   Thumb Code     2  hguard.o(.text)
    _terminate_user_alloc                    0x000007dd   Thumb Code     2  init_alloc.o(.text)
    _init_user_alloc                         0x000007df   Thumb Code     2  init_alloc.o(.text)
    __Heap_Full                              0x000007e1   Thumb Code    36  init_alloc.o(.text)
    __Heap_Broken                            0x00000805   Thumb Code    14  init_alloc.o(.text)
    _init_alloc                              0x00000813   Thumb Code    94  init_alloc.o(.text)
    __Heap_Initialize                        0x00000871   Thumb Code    10  h1_init.o(.text)
    __Heap_DescSize                          0x0000087b   Thumb Code     4  h1_init.o(.text)
    Inline ARM to Thumb Veneer to __set_errno 0x00000880   ARM Code       8  _rserrno.o(.text)
    __read_errno                             0x00000889   Thumb Code    14  _rserrno.o(.text)
    __set_errno                              0x00000897   Thumb Code    12  _rserrno.o(.text)
    _printf_int_common                       0x000008a3   Thumb Code   186  _printf_intcommon.o(.text)
    _printf_char_common                      0x00000967   Thumb Code    34  _printf_char_common.o(.text)
    _sputc                                   0x0000098d   Thumb Code    10  _sputc.o(.text)
    __rt_SIGABRT                             0x00000997   Thumb Code    16  defsig_abrt_outer.o(.text)
    Inline Thumb to ARM Veneer to __rt_udiv10 0x000009a9   Thumb Code     4  rtudiv10.o(.text)
    __rt_udiv10                              0x000009ac   ARM Code      44  rtudiv10.o(.text)
    __user_libspace                          0x000009d8   ARM Code      12  libspace.o(.text)
    __user_perproc_libspace                  0x000009d8   ARM Code       0  libspace.o(.text)
    __user_perthread_libspace                0x000009d8   ARM Code       0  libspace.o(.text)
    __I$use$semihosting                      0x000009e4   ARM Code       0  use_no_semi.o(.text)
    __use_no_semihosting_swi                 0x000009e4   ARM Code       4  use_no_semi.o(.text)
    Inline Thumb to ARM Veneer to __aeabi_errno_addr 0x000009e9   Thumb Code     4  rt_errno_addr_intlibspace.o(.text)
    __semihosting_library_function           0x000009e8   ARM Code       0  indicate_semi.o(.text)
    __aeabi_errno_addr                       0x000009ec   ARM Code      12  rt_errno_addr_intlibspace.o(.text)
    __errno$intlibspace                      0x000009ec   ARM Code       0  rt_errno_addr_intlibspace.o(.text)
    __rt_errno_addr$intlibspace              0x000009ec   ARM Code       0  rt_errno_addr_intlibspace.o(.text)
    __Heap_ProvideMemory                     0x000009f9   Thumb Code    56  h1_extend.o(.text)
    __sig_exit                               0x00000a31   Thumb Code    16  defsig_exit.o(.text)
    __rt_SIGABRT_inner                       0x00000a41   Thumb Code    18  defsig_abrt_inner.o(.text)
    __rt_SIGRTMEM                            0x00000a75   Thumb Code    16  defsig_rtmem_outer.o(.text)
    __user_setup_stackheap                   0x00000a84   ARM Code      96  sys_stackheap_outer.o(.text)
    exit                                     0x00000ae5   Thumb Code    12  exit.o(.text)
    __default_signal_display                 0x00000af1   Thumb Code    56  defsig_general.o(.text)
    __rt_SIGRTMEM_inner                      0x00000b29   Thumb Code    26  defsig_rtmem_inner.o(.text)
    _ttywrch                                 0x00000b7d   Thumb Code    16  sys_wrch.o(.text)
    __aeabi_uidiv                            0x00000b8c   ARM Code       0  aeabi_sdiv.o(.text_udiv)
    __aeabi_uidivmod                         0x00000b8c   ARM Code      36  aeabi_sdiv.o(.text_udiv)
    initDACout()                             0x00000bb0   ARM Code     204  oscilloscope.o(i._Z10initDACoutv)
    initTimer0()                             0x00000c9c   ARM Code      76  oscilloscope.o(i._Z10initTimer0v)
    displayGraph(int*, int, int, bool)       0x00000cf0   ARM Code     264  oscilloscope.o(i._Z12displayGraphPiiib)
    oscilloscope()                           0x00000e00   ARM Code     320  oscilloscope.o(i._Z12oscilloscopev)
    displayXY_Plot(int*, int*, int, int, bool) 0x00000f6c   ARM Code     304  oscilloscope.o(i._Z14displayXY_PlotPiS_iib)
    displayFFT_Plot(int*, int, int, bool)    0x000010a4   ARM Code     448  oscilloscope.o(i._Z15displayFFT_PlotPiiib)
    Timer0_Interrupt()                       0x00001270   ARM Code     132  oscilloscope.o(i._Z16Timer0_Interruptv)
    Timer1_Interrupt()                       0x0000130c   ARM Code      72  oscilloscope.o(i._Z16Timer1_Interruptv)
    fft(complex*, int, int)                  0x00001364   ARM Code      88  fft.o(i._Z3fftP7complexii)
    draw1()                                  0x000013bc   ARM Code     100  main.o(i._Z5draw1v)
    draw2()                                  0x00001424   ARM Code      96  main.o(i._Z5draw2v)
    graph()                                  0x00001488   ARM Code     188  main.o(i._Z5graphv)
    graph2()                                 0x00001558   ARM Code     976  main.o(i._Z6graph2v)
    initADC()                                0x00001958   ARM Code      32  oscilloscope.o(i._Z7initADCv)
    pin::low()                               0x00001c14   ARM Code      24  pin.o(i._ZN3pin3lowEv)
    pin::high()                              0x00001c2c   ARM Code      24  pin.o(i._ZN3pin4highEv)
    pin::output()                            0x00001c44   ARM Code      28  pin.o(i._ZN3pin6outputEv)
    pin::pin(int)                            0x00001c60   ARM Code     220  pin.o(i._ZN3pinC1Ei)
    pin::pin__sub_object(int)                0x00001c60   ARM Code       0  pin.o(i._ZN3pinC1Ei)
    pin::pin()                               0x00001d54   ARM Code       4  pin.o(i._ZN3pinC1Ev)
    pin::pin__sub_object()                   0x00001d54   ARM Code       0  pin.o(i._ZN3pinC1Ev)
    pll::getCpuClock()                       0x00001d58   ARM Code       8  pll.o(i._ZN3pll11getCpuClockEv)
    pll::feedSequence()                      0x00001d60   ARM Code      24  pll.o(i._ZN3pll12feedSequenceEv)
    pll::getPeripheralClock()                0x00001d7c   ARM Code       8  pll.o(i._ZN3pll18getPeripheralClockEv)
    pll::getP()                              0x00001d84   ARM Code      80  pll.o(i._ZN3pll4getPEv)
    pll::setPll()                            0x00001ddc   ARM Code      96  pll.o(i._ZN3pll6setPllEv)
    pll::isLocked()                          0x00001e40   ARM Code      20  pll.o(i._ZN3pll8isLockedEv)
    pll::pll(unsigned long, int, int)        0x00001e58   ARM Code      76  pll.o(i._ZN3pllC1Emii)
    pll::pll__sub_object(unsigned long, int, int) 0x00001e58   ARM Code       0  pll.o(i._ZN3pllC1Emii)
    spi1::setClockDiv(int)                   0x00001ea4   ARM Code      16  spi1.o(i._ZN4spi111setClockDivEi)
    spi1::initPins()                         0x00001eb8   ARM Code      20  spi1.o(i._ZN4spi18initPinsEv)
    spi1::spi1(unsigned long, int, int)      0x00001ed0   ARM Code     100  spi1.o(i._ZN4spi1C1Emii)
    spi1::spi1__sub_object(unsigned long, int, int) 0x00001ed0   ARM Code       0  spi1.o(i._ZN4spi1C1Emii)
    delay::ms(unsigned long)                 0x00001f38   ARM Code      40  delay.o(i._ZN5delay2msEm)
    delay::delay(unsigned long)              0x00001f60   ARM Code      48  delay.o(i._ZN5delayC1Em)
    delay::delay__sub_object(unsigned long)  0x00001f60   ARM Code       0  delay.o(i._ZN5delayC1Em)
    uart0::getCommand(char, char)            0x00001f98   ARM Code     112  uart.o(i._ZN5uart010getCommandEcc)
    uart0::callSetBaud()                     0x00002014   ARM Code      44  uart.o(i._ZN5uart011callSetBaudEv)
    uart0::printString(char*)                0x00002044   ARM Code      44  uart.o(i._ZN5uart011printStringEPc)
    uart0::read()                            0x00002070   ARM Code      24  uart.o(i._ZN5uart04readEv)
    uart0::write(char)                       0x0000208c   ARM Code      24  uart.o(i._ZN5uart05writeEc)
    uart0::uart0(unsigned long, unsigned long, unsigned, unsigned, int) 0x000020a8   ARM Code     148  uart.o(i._ZN5uart0C1Emmjji)
    uart0::uart0__sub_object(unsigned long, unsigned long, unsigned, unsigned, int) 0x000020a8   ARM Code       0  uart.o(i._ZN5uart0C1Emmjji)
    ILI9225::_setWindow(unsigned, unsigned, unsigned, unsigned) 0x00002144   ARM Code     192  ili9229.o(i._ZN7ILI922510_setWindowEjjjj)
    ILI9225::_writeData(int)                 0x00002204   ARM Code      32  ili9229.o(i._ZN7ILI922510_writeDataEi)
    ILI9225::_updateCurX(int)                0x00002228   ARM Code      64  ili9229.o(i._ZN7ILI922511_updateCurXEi)
    ILI9225::_updateCurY(int)                0x00002268   ARM Code      72  ili9229.o(i._ZN7ILI922511_updateCurYEi)
    ILI9225::setBacklight(bool)              0x000022b0   ARM Code      20  ili9229.o(i._ZN7ILI922512setBacklightEb)
    ILI9225::_writeCommand(int)              0x000022c4   ARM Code      32  ili9229.o(i._ZN7ILI922513_writeCommandEi)
    ILI9225::fillRectangle(unsigned, unsigned, unsigned, unsigned, unsigned) 0x000022e8   ARM Code      88  ili9229.o(i._ZN7ILI922513fillRectangleEjjjjj)
    ILI9225::_writeRegister(unsigned, unsigned) 0x00002340   ARM Code      32  ili9229.o(i._ZN7ILI922514_writeRegisterEjj)
    ILI9225::setOrientation(char)            0x00002360   ARM Code      68  ili9229.o(i._ZN7ILI922514setOrientationEc)
    ILI9225::setCursorLimits(unsigned, unsigned, unsigned, unsigned, unsigned) 0x000023a4   ARM Code     136  ili9229.o(i._ZN7ILI922515setCursorLimitsEjjjjj)
    ILI9225::_orientCoordinates(unsigned&, unsigned&) 0x0000242c   ARM Code     148  ili9229.o(i._ZN7ILI922518_orientCoordinatesERjS0_)
    ILI9225::begin(unsigned long)            0x000024c0   ARM Code     996  ili9229.o(i._ZN7ILI92255beginEm)
    ILI9225::clear(int)                      0x000028c0   ARM Code     104  ili9229.o(i._ZN7ILI92255clearEi)
    ILI9225::setFont(const char*)            0x00002928   ARM Code      60  ili9229.o(i._ZN7ILI92257setFontEPKc)
    ILI9225::drawChar(unsigned, unsigned, unsigned, unsigned) 0x00002964   ARM Code     252  ili9229.o(i._ZN7ILI92258drawCharEjjjj)
    ILI9225::drawLine(unsigned, unsigned, unsigned, unsigned, unsigned) 0x00002a60   ARM Code     208  ili9229.o(i._ZN7ILI92258drawLineEjjjjj)
    ILI9225::drawText(char*, unsigned)       0x00002b30   ARM Code     164  ili9229.o(i._ZN7ILI92258drawTextEPcj)
    ILI9225::drawText(unsigned, unsigned, char*, unsigned) 0x00002bd4   ARM Code     124  ili9229.o(i._ZN7ILI92258drawTextEjjPcj)
    ILI9225::drawPixel(unsigned, unsigned, unsigned) 0x00002c50   ARM Code     104  ili9229.o(i._ZN7ILI92259drawPixelEjjj)
    ILI9225::ILI9225(spi1*, pin, pin, pin, pin) 0x00002cb8   ARM Code     212  ili9229.o(i._ZN7ILI9225C1EP4spi13pinS2_S2_S2_)
    ILI9225::ILI9225__sub_object(spi1*, pin, pin, pin, pin) 0x00002cb8   ARM Code       0  ili9229.o(i._ZN7ILI9225C1EP4spi13pinS2_S2_S2_)
    complex::magnitude()                     0x00002d8c   ARM Code      52  complex.o(i._ZN7complex9magnitudeEv)
    complex::complex()                       0x00002dc0   ARM Code       4  complex.o(i._ZN7complexC1Ev)
    complex::complex__sub_object()           0x00002dc0   ARM Code       0  complex.o(i._ZN7complexC1Ev)
    complex::operator =(float)               0x00002dc4   ARM Code      16  complex.o(i._ZN7complexaSEf)
    complex::operator *=(float)              0x00002dd4   ARM Code     120  complex.o(i._ZN7complexmLEf)
    dacClass::init()                         0x00002e4c   ARM Code      20  dac.o(i._ZN8dacClass4initEv)
    dacClass::write(int)                     0x00002e64   ARM Code      16  dac.o(i._ZN8dacClass5writeEi)
    dacClass::dacClass()                     0x00002e78   ARM Code       4  dac.o(i._ZN8dacClassC1Ev)
    dacClass::dacClass__sub_object()         0x00002e78   ARM Code       0  dac.o(i._ZN8dacClassC1Ev)
    adc0Class::read(int, int, int)           0x00002e7c   ARM Code      68  adc.o(i._ZN9adc0Class4readEiii)
    adc0Class::adc0Class()                   0x00002ec4   ARM Code       4  adc.o(i._ZN9adc0ClassC1Ev)
    adc0Class::adc0Class__sub_object()       0x00002ec4   ARM Code       0  adc.o(i._ZN9adc0ClassC1Ev)
    processor::add(void(*)(), char*)         0x00002ec8   ARM Code      32  process.o(i._ZN9processor3addEPFvvEPc)
    processor::process(char*)                0x00002eec   ARM Code     100  process.o(i._ZN9processor7processEPc)
    processor::processor()                   0x00002f54   ARM Code       4  process.o(i._ZN9processorC1Ev)
    processor::processor__sub_object()       0x00002f54   ARM Code       0  process.o(i._ZN9processorC1Ev)
    __ARM_common_call_via_r0                 0x00002f59   Thumb Code     2  init_aeabi.o(i.__ARM_common_call_via_r0)
    __ARM_common_call_via_r1                 0x00002f5b   Thumb Code     2  __printf.o(i.__ARM_common_call_via_r1)
    __ARM_common_call_via_r2                 0x00002f5d   Thumb Code     2  __printf.o(i.__ARM_common_call_via_r2)
    __ARM_common_call_via_r6                 0x00002f5f   Thumb Code     2  aeabi_vec_ctor_nocookie_nodtor.o(i.__ARM_common_call_via_r6)
    __ARM_fpclassify                         0x00002f60   ARM Code      48  fpclassify.o(i.__ARM_fpclassify)
    Inline ARM to Thumb Veneer to __aeabi_vec_ctor_nocookie_nodtor 0x00002f90   ARM Code       8  aeabi_vec_ctor_nocookie_nodtor.o(i.__aeabi_vec_ctor_nocookie_nodtor)
    __aeabi_vec_ctor_nocookie_nodtor         0x00002f99   Thumb Code    40  aeabi_vec_ctor_nocookie_nodtor.o(i.__aeabi_vec_ctor_nocookie_nodtor)
    __ieee754_rem_pio2                       0x00002fc0   ARM Code    1236  rred.o(i.__ieee754_rem_pio2)
    __kernel_cos                             0x000034d4   ARM Code     404  cos_i.o(i.__kernel_cos)
    __kernel_poly                            0x00003670   ARM Code     256  poly.o(i.__kernel_poly)
    __kernel_sin                             0x00003770   ARM Code     368  sin_i.o(i.__kernel_sin)
    __mathlib_dbl_infnan                     0x000038ec   ARM Code       8  dunder.o(i.__mathlib_dbl_infnan)
    __mathlib_dbl_invalid                    0x000038f4   ARM Code      20  dunder.o(i.__mathlib_dbl_invalid)
    __mathlib_dbl_underflow                  0x00003908   ARM Code      20  dunder.o(i.__mathlib_dbl_underflow)
    cos                                      0x00003a58   ARM Code     236  cos.o(i.cos)
    main                                     0x00003b48   ARM Code     316  main.o(i.main)
    sin                                      0x00003cf4   ARM Code     244  sin.o(i.sin)
    sqrtf                                    0x00003dec   ARM Code      72  sqrtf.o(i.sqrtf)
    __aeabi_d2f                              0x00003e34   ARM Code       0  d2f.o(x$fpl$d2f)
    _d2f                                     0x00003e34   ARM Code     108  d2f.o(x$fpl$d2f)
    __aeabi_dadd                             0x00003ea0   ARM Code       0  daddsub_noclz.o(x$fpl$dadd)
    _dadd                                    0x00003ea0   ARM Code     336  daddsub_noclz.o(x$fpl$dadd)
    __fpl_dcheck_NaN1                        0x00003ff4   ARM Code      12  dcheck1.o(x$fpl$dcheck1)
    __fpl_dcmp_Inf                           0x00004004   ARM Code      28  dcmpi.o(x$fpl$dcmpinf)
    __aeabi_ddiv                             0x00004020   ARM Code       0  ddiv.o(x$fpl$ddiv)
    _ddiv                                    0x00004020   ARM Code     600  ddiv.o(x$fpl$ddiv)
    __aeabi_d2iz                             0x00004300   ARM Code       0  dfix.o(x$fpl$dfix)
    _dfix                                    0x00004300   ARM Code     112  dfix.o(x$fpl$dfix)
    __aeabi_d2uiz                            0x00004370   ARM Code       0  dfixu.o(x$fpl$dfixu)
    _dfixu                                   0x00004370   ARM Code     112  dfixu.o(x$fpl$dfixu)
    __aeabi_i2d                              0x000043e0   ARM Code       0  dflt_noclz.o(x$fpl$dflt)
    _dflt                                    0x000043e0   ARM Code      88  dflt_noclz.o(x$fpl$dflt)
    __dflt_normalise                         0x000043f0   ARM Code       0  dflt_noclz.o(x$fpl$dflt)
    __aeabi_ui2d                             0x00004438   ARM Code       0  dflt_noclz.o(x$fpl$dfltu)
    _dfltu                                   0x00004438   ARM Code      12  dflt_noclz.o(x$fpl$dfltu)
    __aeabi_cdcmple                          0x00004444   ARM Code       0  dleqf.o(x$fpl$dleqf)
    _dcmple                                  0x00004444   ARM Code     148  dleqf.o(x$fpl$dleqf)
    __fpl_dcmple_InfNaN                      0x000044c0   ARM Code       0  dleqf.o(x$fpl$dleqf)
    __aeabi_dmul                             0x000044d8   ARM Code       0  dmul.o(x$fpl$dmul)
    _dmul                                    0x000044d8   ARM Code     372  dmul.o(x$fpl$dmul)
    __fpl_dnaninf                            0x00004658   ARM Code     192  dnaninf.o(x$fpl$dnaninf)
    __fpl_dretinf                            0x00004718   ARM Code      16  dretinf.o(x$fpl$dretinf)
    __aeabi_drsub                            0x00004728   ARM Code       0  daddsub_noclz.o(x$fpl$drsb)
    _drsb                                    0x00004728   ARM Code      24  daddsub_noclz.o(x$fpl$drsb)
    __aeabi_dsub                             0x00004740   ARM Code       0  daddsub_noclz.o(x$fpl$dsub)
    _dsub                                    0x00004740   ARM Code     576  daddsub_noclz.o(x$fpl$dsub)
    __aeabi_f2d                              0x00004984   ARM Code       0  f2d.o(x$fpl$f2d)
    _f2d                                     0x00004984   ARM Code     100  f2d.o(x$fpl$f2d)
    __aeabi_fadd                             0x000049e8   ARM Code       0  faddsub_noclz.o(x$fpl$fadd)
    _fadd                                    0x000049e8   ARM Code     196  faddsub_noclz.o(x$fpl$fadd)
    __fpl_fcmp_Inf                           0x00004aac   ARM Code      28  fcmpi.o(x$fpl$fcmpinf)
    __aeabi_fdiv                             0x00004ac8   ARM Code       0  fdiv.o(x$fpl$fdiv)
    _fdiv                                    0x00004ac8   ARM Code     396  fdiv.o(x$fpl$fdiv)
    __aeabi_f2iz                             0x00004c58   ARM Code       0  ffix.o(x$fpl$ffix)
    _ffix                                    0x00004c58   ARM Code      68  ffix.o(x$fpl$ffix)
    __aeabi_f2uiz                            0x00004c9c   ARM Code       0  ffixu.o(x$fpl$ffixu)
    _ffixu                                   0x00004c9c   ARM Code      84  ffixu.o(x$fpl$ffixu)
    __aeabi_i2f                              0x00004cf0   ARM Code       0  fflt_noclz.o(x$fpl$fflt)
    _fflt                                    0x00004cf0   ARM Code      92  fflt_noclz.o(x$fpl$fflt)
    __fflt_normalise                         0x00004cfc   ARM Code       0  fflt_noclz.o(x$fpl$fflt)
    __aeabi_cfcmple                          0x00004d4c   ARM Code       0  fleqf.o(x$fpl$fleqf)
    _fcmple                                  0x00004d4c   ARM Code     132  fleqf.o(x$fpl$fleqf)
    __fpl_fcmple_InfNaN                      0x00004db8   ARM Code       0  fleqf.o(x$fpl$fleqf)
    __aeabi_fmul                             0x00004dd0   ARM Code       0  fmul.o(x$fpl$fmul)
    _fmul                                    0x00004dd0   ARM Code     256  fmul.o(x$fpl$fmul)
    __fpl_fnaninf                            0x00004ed0   ARM Code     168  fnaninf.o(x$fpl$fnaninf)
    __fpl_fretinf                            0x00004f78   ARM Code      16  fretinf.o(x$fpl$fretinf)
    __aeabi_cfrcmple                         0x00004f88   ARM Code       0  frleqf.o(x$fpl$frleqf)
    _frcmple                                 0x00004f88   ARM Code     124  frleqf.o(x$fpl$frleqf)
    _fsqrt                                   0x00005004   ARM Code     316  fsqrt.o(x$fpl$fsqrt)
    __aeabi_fsub                             0x00005140   ARM Code       0  faddsub_noclz.o(x$fpl$fsub)
    _fsub                                    0x00005140   ARM Code     304  faddsub_noclz.o(x$fpl$fsub)
    __fpl_return_NaN                         0x00005270   ARM Code     116  retnan.o(x$fpl$retnan)
    __ARM_scalbn                             0x000052e4   ARM Code     104  scalbn.o(x$fpl$scalbn)
    __fpl_cmpreturn                          0x0000534c   ARM Code      60  trapv.o(x$fpl$trapveneer)
    __I$use$fp                               0x00005388   Number         0  usenofp.o(x$fpl$usenofp)
    Region$$Table$$Base                      0x00005750   Number         0  anon$$obj.o(Region$$Table)
    Region$$Table$$Limit                     0x00005770   Number         0  anon$$obj.o(Region$$Table)
    SHT$$INIT_ARRAY$$Base                    0x00005770   Number         0  main.o(.init_array)
    SHT$$INIT_ARRAY$$Limit                   0x00005774   Number         0  init_aeabi.o(.init_array)
    adc0                                     0x40000000   Data           1  main.o(.data)
    dac                                      0x40000001   Data           1  main.o(.data)
    wait                                     0x40000004   Data           4  main.o(.data)
    isADC_Buffered                           0x4000000c   Data           1  oscilloscope.o(.data)
    indexADC                                 0x40000010   Data           4  oscilloscope.o(.data)
    indexDAC                                 0x40000014   Data           4  oscilloscope.o(.data)
    _clock                                   0x40000018   Data          20  main.o(.bss)
    serial                                   0x4000002c   Data          20  main.o(.bss)
    rst                                      0x40000040   Data          24  main.o(.bss)
    rs                                       0x40000058   Data          24  main.o(.bss)
    cs                                       0x40000070   Data          24  main.o(.bss)
    led                                      0x40000088   Data          24  main.o(.bss)
    s                                        0x400000a0   Data          12  main.o(.bss)
    lcd                                      0x400000ac   Data         208  main.o(.bss)
    AD0_raw                                  0x4000017c   Data        1024  oscilloscope.o(.bss)
    AD1_raw                                  0x4000057c   Data        1024  oscilloscope.o(.bss)
    DAC_raw                                  0x4000097c   Data        1024  oscilloscope.o(.bss)
    _random_number_data                      0x40000d7c   Data         228  rand.o(.bss)
    __libspace_start                         0x40000e60   Data          96  libspace.o(.bss)
    __temporary_stack_top$libspace           0x40000ec0   Data           0  libspace.o(.bss)



==============================================================================

Memory Map of the image

  Image Entry point : 0x000000cc

  Load Region LR_IROM1 (Base: 0x00000000, Size: 0x0000578c, Max: 0x00080000, ABSOLUTE)

    Execution Region ER_IROM1 (Base: 0x00000000, Size: 0x00005774, Max: 0x00080000, ABSOLUTE)

    Base Addr    Size         Type   Attr      Idx    E Section Name        Object

    0x00000000   0x000000cc   Code   RO            3    RESET               startup.o
    0x000000cc   0x00000008   Code   RO         1372  * !!!main             c_t.l(__main.o)
    0x000000d4   0x0000003c   Code   RO         1813    !!!scatter          c_t.l(__scatter.o)
    0x00000110   0x00000028   Code   RO         1815    !!handler_copy      c_t.l(__scatter_copy.o)
    0x00000138   0x0000002c   Code   RO         1817    !!handler_zi        c_t.l(__scatter_zi.o)
    0x00000164   0x00000004   Ven    RO         1342    .ARM.Collect$$_printf_percent$$00000000  c_t.l(_printf_percent.o)
    0x00000168   0x00000000   Code   RO         1342    .ARM.Collect$$_printf_percent$$00000000  c_t.l(_printf_percent.o)
    0x00000168   0x00000008   Code   RO         1341    .ARM.Collect$$_printf_percent$$00000009  c_t.l(_printf_d.o)
    0x00000170   0x00000008   Code   RO         1532    .ARM.Collect$$_printf_percent$$00000017  c_t.l(_printf_percent_end.o)
    0x00000178   0x00000008   Ven    RO         1748    .ARM.Collect$$libinit$$00000000  c_t.l(libinit.o)
    0x00000180   0x00000002   Code   RO         1748    .ARM.Collect$$libinit$$00000000  c_t.l(libinit.o)
    0x00000182   0x00000000   Code   RO         1542    .ARM.Collect$$libinit$$00000002  c_t.l(libinit2.o)
    0x00000182   0x00000000   Code   RO         1544    .ARM.Collect$$libinit$$00000004  c_t.l(libinit2.o)
    0x00000182   0x00000008   Code   RO         1545    .ARM.Collect$$libinit$$00000005  c_t.l(libinit2.o)
    0x0000018a   0x00000000   Code   RO         1547    .ARM.Collect$$libinit$$0000000A  c_t.l(libinit2.o)
    0x0000018a   0x00000000   Code   RO         1549    .ARM.Collect$$libinit$$0000000C  c_t.l(libinit2.o)
    0x0000018a   0x00000004   Code   RO         1550    .ARM.Collect$$libinit$$0000000D  c_t.l(libinit2.o)
    0x0000018e   0x00000000   Code   RO         1551    .ARM.Collect$$libinit$$0000000E  c_t.l(libinit2.o)
    0x0000018e   0x00000000   Code   RO         1554    .ARM.Collect$$libinit$$00000011  c_t.l(libinit2.o)
    0x0000018e   0x00000000   Code   RO         1556    .ARM.Collect$$libinit$$00000013  c_t.l(libinit2.o)
    0x0000018e   0x00000000   Code   RO         1558    .ARM.Collect$$libinit$$00000015  c_t.l(libinit2.o)
    0x0000018e   0x00000000   Code   RO         1560    .ARM.Collect$$libinit$$00000017  c_t.l(libinit2.o)
    0x0000018e   0x00000000   Code   RO         1562    .ARM.Collect$$libinit$$00000019  c_t.l(libinit2.o)
    0x0000018e   0x00000000   Code   RO         1564    .ARM.Collect$$libinit$$0000001B  c_t.l(libinit2.o)
    0x0000018e   0x00000000   Code   RO         1566    .ARM.Collect$$libinit$$0000001D  c_t.l(libinit2.o)
    0x0000018e   0x00000000   Code   RO         1568    .ARM.Collect$$libinit$$0000001F  c_t.l(libinit2.o)
    0x0000018e   0x00000000   Code   RO         1570    .ARM.Collect$$libinit$$00000021  c_t.l(libinit2.o)
    0x0000018e   0x00000000   Code   RO         1572    .ARM.Collect$$libinit$$00000023  c_t.l(libinit2.o)
    0x0000018e   0x00000000   Code   RO         1574    .ARM.Collect$$libinit$$00000025  c_t.l(libinit2.o)
    0x0000018e   0x00000000   Code   RO         1578    .ARM.Collect$$libinit$$0000002C  c_t.l(libinit2.o)
    0x0000018e   0x00000000   Code   RO         1580    .ARM.Collect$$libinit$$0000002E  c_t.l(libinit2.o)
    0x0000018e   0x00000000   Code   RO         1582    .ARM.Collect$$libinit$$00000030  c_t.l(libinit2.o)
    0x0000018e   0x00000004   Code   RO         1583    .ARM.Collect$$libinit$$00000031  c_t.l(libinit2.o)
    0x00000192   0x00000000   Code   RO         1584    .ARM.Collect$$libinit$$00000032  c_t.l(libinit2.o)
    0x00000192   0x0000000c   Code   RO         1585    .ARM.Collect$$libinit$$00000033  c_t.l(libinit2.o)
    0x0000019e   0x00000002   PAD
    0x000001a0   0x00000008   Ven    RO         1811    .ARM.Collect$$libshutdown$$00000000  c_t.l(libshutdown.o)
    0x000001a8   0x00000004   Code   RO         1811    .ARM.Collect$$libshutdown$$00000000  c_t.l(libshutdown.o)
    0x000001ac   0x00000000   Code   RO         1777    .ARM.Collect$$libshutdown$$00000003  c_t.l(libshutdown2.o)
    0x000001ac   0x00000000   Code   RO         1780    .ARM.Collect$$libshutdown$$00000006  c_t.l(libshutdown2.o)
    0x000001ac   0x00000000   Code   RO         1783    .ARM.Collect$$libshutdown$$00000009  c_t.l(libshutdown2.o)
    0x000001ac   0x00000000   Code   RO         1785    .ARM.Collect$$libshutdown$$0000000B  c_t.l(libshutdown2.o)
    0x000001ac   0x00000000   Code   RO         1788    .ARM.Collect$$libshutdown$$0000000E  c_t.l(libshutdown2.o)
    0x000001ac   0x00000006   Code   RO         1789    .ARM.Collect$$libshutdown$$0000000F  c_t.l(libshutdown2.o)
    0x000001b2   0x00000002   PAD
    0x000001b4   0x00000000   Code   RO         1494    .ARM.Collect$$rtentry$$00000000  c_t.l(__rtentry.o)
    0x000001b4   0x00000000   Code   RO         1663    .ARM.Collect$$rtentry$$00000002  c_t.l(__rtentry2.o)
    0x000001b4   0x00000008   Code   RO         1675    .ARM.Collect$$rtentry$$00000004  c_t.l(__rtentry4.o)
    0x000001bc   0x00000000   Code   RO         1665    .ARM.Collect$$rtentry$$00000009  c_t.l(__rtentry2.o)
    0x000001bc   0x00000004   Code   RO         1666    .ARM.Collect$$rtentry$$0000000A  c_t.l(__rtentry2.o)
    0x000001c0   0x00000000   Code   RO         1668    .ARM.Collect$$rtentry$$0000000C  c_t.l(__rtentry2.o)
    0x000001c0   0x00000028   Code   RO         1669    .ARM.Collect$$rtentry$$0000000D  c_t.l(__rtentry2.o)
    0x000001e8   0x00000004   Ven    RO         1763    .ARM.Collect$$rtexit$$00000000  c_t.l(rtexit.o)
    0x000001ec   0x00000004   Code   RO         1763    .ARM.Collect$$rtexit$$00000000  c_t.l(rtexit.o)
    0x000001f0   0x00000000   Code   RO         1791    .ARM.Collect$$rtexit$$00000002  c_t.l(rtexit2.o)
    0x000001f0   0x00000004   Code   RO         1792    .ARM.Collect$$rtexit$$00000003  c_t.l(rtexit2.o)
    0x000001f4   0x00000008   Code   RO         1793    .ARM.Collect$$rtexit$$00000004  c_t.l(rtexit2.o)
    0x000001fc   0x00000008   Ven    RO         1343    .emb_text           c_t.l(rand.o)
    0x00000204   0x00000038   Code   RO         1343    .emb_text           c_t.l(rand.o)
    0x0000023c   0x00000000   Code   RO         1688    .emb_text           c_t.l(maybetermalloc1.o)
    0x0000023c   0x00000024   Code   RO            4    .text               startup.o
    0x00000260   0x00000008   Ven    RO         1247    .text               c_t.l(h1_alloc.o)
    0x00000268   0x0000006e   Code   RO         1247    .text               c_t.l(h1_alloc.o)
    0x000002d6   0x00000002   PAD
    0x000002d8   0x00000008   Ven    RO         1249    .text               c_t.l(h1_free.o)
    0x000002e0   0x00000054   Code   RO         1249    .text               c_t.l(h1_free.o)
    0x00000334   0x00000008   Ven    RO         1311    .text               c_t.l(noretval__2sprintf.o)
    0x0000033c   0x00000028   Code   RO         1311    .text               c_t.l(noretval__2sprintf.o)
    0x00000364   0x00000076   Code   RO         1313    .text               c_t.l(__printf.o)
    0x000003da   0x00000002   PAD
    0x000003dc   0x00000008   Ven    RO         1319    .text               c_t.l(_printf_dec.o)
    0x000003e4   0x00000070   Code   RO         1319    .text               c_t.l(_printf_dec.o)
    0x00000454   0x00000040   Code   RO         1344    .text               c_t.l(rand.o)
    0x00000494   0x00000008   Ven    RO         1348    .text               c_t.l(abort.o)
    0x0000049c   0x00000010   Code   RO         1348    .text               c_t.l(abort.o)
    0x000004ac   0x00000064   Code   RO         1350    .text               c_t.l(rt_memcpy_w.o)
    0x00000510   0x000000f4   Code   RO         1352    .text               c_t.l(strcmp.o)
    0x00000604   0x00000180   Code   RO         1354    .text               c_t.l(aeabi_sdiv.o)
    0x00000784   0x00000006   Code   RO         1370    .text               c_t.l(heapauxi.o)
    0x0000078a   0x00000002   PAD
    0x0000078c   0x00000028   Code   RO         1377    .text               c_t.l(init_aeabi.o)
    0x000007b4   0x00000008   Ven    RO         1490    .text               c_t.l(sys_exit.o)
    0x000007bc   0x0000000c   Code   RO         1490    .text               c_t.l(sys_exit.o)
    0x000007c8   0x00000004   Ven    RO         1502    .text               c_t.l(rt_heap_descriptor_intlibspace.o)
    0x000007cc   0x0000000c   Code   RO         1502    .text               c_t.l(rt_heap_descriptor_intlibspace.o)
    0x000007d8   0x00000004   Code   RO         1504    .text               c_t.l(hguard.o)
    0x000007dc   0x00000094   Code   RO         1506    .text               c_t.l(init_alloc.o)
    0x00000870   0x0000000e   Code   RO         1510    .text               c_t.l(h1_init.o)
    0x0000087e   0x00000002   PAD
    0x00000880   0x00000008   Ven    RO         1524    .text               c_t.l(_rserrno.o)
    0x00000888   0x0000001a   Code   RO         1524    .text               c_t.l(_rserrno.o)
    0x000008a2   0x000000ba   Code   RO         1526    .text               c_t.l(_printf_intcommon.o)
    0x0000095c   0x00000030   Code   RO         1528    .text               c_t.l(_printf_char_common.o)
    0x0000098c   0x0000000a   Code   RO         1530    .text               c_t.l(_sputc.o)
    0x00000996   0x00000010   Code   RO         1533    .text               c_t.l(defsig_abrt_outer.o)
    0x000009a6   0x00000002   PAD
    0x000009a8   0x00000004   Ven    RO         1537    .text               c_t.l(rtudiv10.o)
    0x000009ac   0x0000002c   Code   RO         1537    .text               c_t.l(rtudiv10.o)
    0x000009d8   0x0000000c   Code   RO         1656    .text               c_t.l(libspace.o)
    0x000009e4   0x00000004   Code   RO         1659    .text               c_t.l(use_no_semi.o)
    0x000009e8   0x00000000   Code   RO         1661    .text               c_t.l(indicate_semi.o)
    0x000009e8   0x00000004   Ven    RO         1684    .text               c_t.l(rt_errno_addr_intlibspace.o)
    0x000009ec   0x0000000c   Code   RO         1684    .text               c_t.l(rt_errno_addr_intlibspace.o)
    0x000009f8   0x00000038   Code   RO         1690    .text               c_t.l(h1_extend.o)
    0x00000a30   0x00000010   Code   RO         1698    .text               c_t.l(defsig_exit.o)
    0x00000a40   0x00000034   Code   RO         1700    .text               c_t.l(defsig_abrt_inner.o)
    0x00000a74   0x00000010   Code   RO         1702    .text               c_t.l(defsig_rtmem_outer.o)
    0x00000a84   0x00000060   Code   RO         1723    .text               c_t.l(sys_stackheap_outer.o)
    0x00000ae4   0x0000000c   Code   RO         1727    .text               c_t.l(exit.o)
    0x00000af0   0x00000038   Code   RO         1731    .text               c_t.l(defsig_general.o)
    0x00000b28   0x00000054   Code   RO         1737    .text               c_t.l(defsig_rtmem_inner.o)
    0x00000b7c   0x00000010   Code   RO         1761    .text               c_t.l(sys_wrch.o)
    0x00000b8c   0x00000024   Code   RO         1355    .text_udiv          c_t.l(aeabi_sdiv.o)
    0x00000bb0   0x000000ec   Code   RO         1131    i._Z10initDACoutv   oscilloscope.o
    0x00000c9c   0x00000054   Code   RO         1132    i._Z10initTimer0v   oscilloscope.o
    0x00000cf0   0x00000110   Code   RO         1133    i._Z12displayGraphPiiib  oscilloscope.o
    0x00000e00   0x0000016c   Code   RO         1134    i._Z12oscilloscopev  oscilloscope.o
    0x00000f6c   0x00000138   Code   RO         1137    i._Z14displayXY_PlotPiS_iib  oscilloscope.o
    0x000010a4   0x000001cc   Code   RO         1138    i._Z15displayFFT_PlotPiiib  oscilloscope.o
    0x00001270   0x0000009c   Code   RO         1139    i._Z16Timer0_Interruptv  oscilloscope.o
    0x0000130c   0x00000058   Code   RO         1140    i._Z16Timer1_Interruptv  oscilloscope.o
    0x00001364   0x00000058   Code   RO          936    i._Z3fftP7complexii  fft.o
    0x000013bc   0x00000068   Code   RO           11    i._Z5draw1v         main.o
    0x00001424   0x00000064   Code   RO           12    i._Z5draw2v         main.o
    0x00001488   0x000000d0   Code   RO           13    i._Z5graphv         main.o
    0x00001558   0x00000400   Code   RO           14    i._Z6graph2v        main.o
    0x00001958   0x00000024   Code   RO         1143    i._Z7initADCv       oscilloscope.o
    0x0000197c   0x00000298   Code   RO          939    i._Z8stockhamP7complexiiiS0_  fft.o
    0x00001c14   0x00000018   Code   RO          543    i._ZN3pin3lowEv     pin.o
    0x00001c2c   0x00000018   Code   RO          544    i._ZN3pin4highEv    pin.o
    0x00001c44   0x0000001c   Code   RO          546    i._ZN3pin6outputEv  pin.o
    0x00001c60   0x000000f4   Code   RO          547    i._ZN3pinC1Ei       pin.o
    0x00001d54   0x00000004   Code   RO          548    i._ZN3pinC1Ev       pin.o
    0x00001d58   0x00000008   Code   RO          443    i._ZN3pll11getCpuClockEv  pll.o
    0x00001d60   0x0000001c   Code   RO          445    i._ZN3pll12feedSequenceEv  pll.o
    0x00001d7c   0x00000008   Code   RO          446    i._ZN3pll18getPeripheralClockEv  pll.o
    0x00001d84   0x00000058   Code   RO          448    i._ZN3pll4getPEv    pll.o
    0x00001ddc   0x00000064   Code   RO          449    i._ZN3pll6setPllEv  pll.o
    0x00001e40   0x00000018   Code   RO          450    i._ZN3pll8isLockedEv  pll.o
    0x00001e58   0x0000004c   Code   RO          451    i._ZN3pllC1Emii     pll.o
    0x00001ea4   0x00000014   Code   RO          816    i._ZN4spi111setClockDivEi  spi1.o
    0x00001eb8   0x00000018   Code   RO          820    i._ZN4spi18initPinsEv  spi1.o
    0x00001ed0   0x00000068   Code   RO          821    i._ZN4spi1C1Emii    spi1.o
    0x00001f38   0x00000028   Code   RO          508    i._ZN5delay2msEm    delay.o
    0x00001f60   0x00000038   Code   RO          511    i._ZN5delayC1Em     delay.o
    0x00001f98   0x0000007c   Code   RO          311    i._ZN5uart010getCommandEcc  uart.o
    0x00002014   0x00000030   Code   RO          312    i._ZN5uart011callSetBaudEv  uart.o
    0x00002044   0x0000002c   Code   RO          313    i._ZN5uart011printStringEPc  uart.o
    0x00002070   0x0000001c   Code   RO          314    i._ZN5uart04readEv  uart.o
    0x0000208c   0x0000001c   Code   RO          315    i._ZN5uart05writeEc  uart.o
    0x000020a8   0x0000009c   Code   RO          318    i._ZN5uart0C1Emmjji  uart.o
    0x00002144   0x000000c0   Code   RO          585    i._ZN7ILI922510_setWindowEjjjj  ili9229.o
    0x00002204   0x00000024   Code   RO          586    i._ZN7ILI922510_writeDataEi  ili9229.o
    0x00002228   0x00000040   Code   RO          591    i._ZN7ILI922511_updateCurXEi  ili9229.o
    0x00002268   0x00000048   Code   RO          592    i._ZN7ILI922511_updateCurYEi  ili9229.o
    0x000022b0   0x00000014   Code   RO          595    i._ZN7ILI922512setBacklightEb  ili9229.o
    0x000022c4   0x00000024   Code   RO          596    i._ZN7ILI922513_writeCommandEi  ili9229.o
    0x000022e8   0x00000058   Code   RO          598    i._ZN7ILI922513fillRectangleEjjjjj  ili9229.o
    0x00002340   0x00000020   Code   RO          599    i._ZN7ILI922514_writeRegisterEjj  ili9229.o
    0x00002360   0x00000044   Code   RO          601    i._ZN7ILI922514setOrientationEc  ili9229.o
    0x000023a4   0x00000088   Code   RO          602    i._ZN7ILI922515setCursorLimitsEjjjjj  ili9229.o
    0x0000242c   0x00000094   Code   RO          603    i._ZN7ILI922518_orientCoordinatesERjS0_  ili9229.o
    0x000024c0   0x00000400   Code   RO          610    i._ZN7ILI92255beginEm  ili9229.o
    0x000028c0   0x00000068   Code   RO          611    i._ZN7ILI92255clearEi  ili9229.o
    0x00002928   0x0000003c   Code   RO          613    i._ZN7ILI92257setFontEPKc  ili9229.o
    0x00002964   0x000000fc   Code   RO          614    i._ZN7ILI92258drawCharEjjjj  ili9229.o
    0x00002a60   0x000000d0   Code   RO          615    i._ZN7ILI92258drawLineEjjjjj  ili9229.o
    0x00002b30   0x000000a4   Code   RO          616    i._ZN7ILI92258drawTextEPcj  ili9229.o
    0x00002bd4   0x0000007c   Code   RO          617    i._ZN7ILI92258drawTextEjjPcj  ili9229.o
    0x00002c50   0x00000068   Code   RO          619    i._ZN7ILI92259drawPixelEjjj  ili9229.o
    0x00002cb8   0x000000d4   Code   RO          621    i._ZN7ILI9225C1EP4spi13pinS2_S2_S2_  ili9229.o
    0x00002d8c   0x00000034   Code   RO          986    i._ZN7complex9magnitudeEv  complex.o
    0x00002dc0   0x00000004   Code   RO          988    i._ZN7complexC1Ev   complex.o
    0x00002dc4   0x00000010   Code   RO          989    i._ZN7complexaSEf   complex.o
    0x00002dd4   0x00000078   Code   RO          997    i._ZN7complexmLEf   complex.o
    0x00002e4c   0x00000018   Code   RO          911    i._ZN8dacClass4initEv  dac.o
    0x00002e64   0x00000014   Code   RO          912    i._ZN8dacClass5writeEi  dac.o
    0x00002e78   0x00000004   Code   RO          913    i._ZN8dacClassC1Ev  dac.o
    0x00002e7c   0x00000048   Code   RO          365    i._ZN9adc0Class4readEiii  adc.o
    0x00002ec4   0x00000004   Code   RO          366    i._ZN9adc0ClassC1Ev  adc.o
    0x00002ec8   0x00000024   Code   RO          873    i._ZN9processor3addEPFvvEPc  process.o
    0x00002eec   0x00000068   Code   RO          875    i._ZN9processor7processEPc  process.o
    0x00002f54   0x00000004   Code   RO          876    i._ZN9processorC1Ev  process.o
    0x00002f58   0x00000002   Code   RO         1380    i.__ARM_common_call_via_r0  c_t.l(init_aeabi.o)
    0x00002f5a   0x00000002   Code   RO         1317    i.__ARM_common_call_via_r1  c_t.l(__printf.o)
    0x00002f5c   0x00000002   Code   RO         1315    i.__ARM_common_call_via_r2  c_t.l(__printf.o)
    0x00002f5e   0x00000002   Code   RO         1387    i.__ARM_common_call_via_r6  cpprt_t.l(aeabi_vec_ctor_nocookie_nodtor.o)
    0x00002f60   0x00000030   Code   RO         1719    i.__ARM_fpclassify  m_ts.l(fpclassify.o)
    0x00002f90   0x00000008   Ven    RO         1383    i.__aeabi_vec_ctor_nocookie_nodtor  cpprt_t.l(aeabi_vec_ctor_nocookie_nodtor.o)
    0x00002f98   0x00000028   Code   RO         1383    i.__aeabi_vec_ctor_nocookie_nodtor  cpprt_t.l(aeabi_vec_ctor_nocookie_nodtor.o)
    0x00002fc0   0x00000514   Code   RO         1640    i.__ieee754_rem_pio2  m_ts.l(rred.o)
    0x000034d4   0x0000019c   Code   RO         1607    i.__kernel_cos      m_ts.l(cos_i.o)
    0x00003670   0x00000100   Code   RO         1721    i.__kernel_poly     m_ts.l(poly.o)
    0x00003770   0x0000017c   Code   RO         1648    i.__kernel_sin      m_ts.l(sin_i.o)
    0x000038ec   0x00000008   Code   RO         1611    i.__mathlib_dbl_infnan  m_ts.l(dunder.o)
    0x000038f4   0x00000014   Code   RO         1613    i.__mathlib_dbl_invalid  m_ts.l(dunder.o)
    0x00003908   0x00000014   Code   RO         1616    i.__mathlib_dbl_underflow  m_ts.l(dunder.o)
    0x0000391c   0x0000013c   Code   RO           15    i.__sti___8_main_cpp__clock  main.o
    0x00003a58   0x000000f0   Code   RO         1451    i.cos               m_ts.l(cos.o)
    0x00003b48   0x000001ac   Code   RO           16    i.main              main.o
    0x00003cf4   0x000000f8   Code   RO         1467    i.sin               m_ts.l(sin.o)
    0x00003dec   0x00000048   Code   RO         1483    i.sqrtf             m_ts.l(sqrtf.o)
    0x00003e34   0x0000006c   Code   RO         1390    x$fpl$d2f           fz_ts.l(d2f.o)
    0x00003ea0   0x00000154   Code   RO         1392    x$fpl$dadd          fz_ts.l(daddsub_noclz.o)
    0x00003ff4   0x00000010   Code   RO         1588    x$fpl$dcheck1       fz_ts.l(dcheck1.o)
    0x00004004   0x0000001c   Code   RO         1590    x$fpl$dcmpinf       fz_ts.l(dcmpi.o)
    0x00004020   0x000002e0   Code   RO         1399    x$fpl$ddiv          fz_ts.l(ddiv.o)
    0x00004300   0x00000070   Code   RO         1402    x$fpl$dfix          fz_ts.l(dfix.o)
    0x00004370   0x00000070   Code   RO         1406    x$fpl$dfixu         fz_ts.l(dfixu.o)
    0x000043e0   0x00000058   Code   RO         1411    x$fpl$dflt          fz_ts.l(dflt_noclz.o)
    0x00004438   0x0000000c   Code   RO         1410    x$fpl$dfltu         fz_ts.l(dflt_noclz.o)
    0x00004444   0x00000094   Code   RO         1414    x$fpl$dleqf         fz_ts.l(dleqf.o)
    0x000044d8   0x00000180   Code   RO         1416    x$fpl$dmul          fz_ts.l(dmul.o)
    0x00004658   0x000000c0   Code   RO         1592    x$fpl$dnaninf       fz_ts.l(dnaninf.o)
    0x00004718   0x00000010   Code   RO         1594    x$fpl$dretinf       fz_ts.l(dretinf.o)
    0x00004728   0x00000018   Code   RO         1393    x$fpl$drsb          fz_ts.l(daddsub_noclz.o)
    0x00004740   0x00000244   Code   RO         1394    x$fpl$dsub          fz_ts.l(daddsub_noclz.o)
    0x00004984   0x00000064   Code   RO         1418    x$fpl$f2d           fz_ts.l(f2d.o)
    0x000049e8   0x000000c4   Code   RO         1420    x$fpl$fadd          fz_ts.l(faddsub_noclz.o)
    0x00004aac   0x0000001c   Code   RO         1596    x$fpl$fcmpinf       fz_ts.l(fcmpi.o)
    0x00004ac8   0x00000190   Code   RO         1427    x$fpl$fdiv          fz_ts.l(fdiv.o)
    0x00004c58   0x00000044   Code   RO         1430    x$fpl$ffix          fz_ts.l(ffix.o)
    0x00004c9c   0x00000054   Code   RO         1434    x$fpl$ffixu         fz_ts.l(ffixu.o)
    0x00004cf0   0x0000005c   Code   RO         1439    x$fpl$fflt          fz_ts.l(fflt_noclz.o)
    0x00004d4c   0x00000084   Code   RO         1442    x$fpl$fleqf         fz_ts.l(fleqf.o)
    0x00004dd0   0x00000100   Code   RO         1444    x$fpl$fmul          fz_ts.l(fmul.o)
    0x00004ed0   0x000000a8   Code   RO         1598    x$fpl$fnaninf       fz_ts.l(fnaninf.o)
    0x00004f78   0x00000010   Code   RO         1600    x$fpl$fretinf       fz_ts.l(fretinf.o)
    0x00004f88   0x0000007c   Code   RO         1446    x$fpl$frleqf        fz_ts.l(frleqf.o)
    0x00005004   0x0000013c   Code   RO         1604    x$fpl$fsqrt         fz_ts.l(fsqrt.o)
    0x00005140   0x00000130   Code   RO         1422    x$fpl$fsub          fz_ts.l(faddsub_noclz.o)
    0x00005270   0x00000074   Code   RO         1715    x$fpl$retnan        fz_ts.l(retnan.o)
    0x000052e4   0x00000068   Code   RO         1448    x$fpl$scalbn        fz_ts.l(scalbn.o)
    0x0000534c   0x0000003c   Code   RO         1759    x$fpl$trapveneer    fz_ts.l(trapv.o)
    0x00005388   0x00000000   Code   RO         1606    x$fpl$usenofp       fz_ts.l(usenofp.o)
    0x00005388   0x000002a4   Data   RO           24    .constdata          main.o
    0x0000562c   0x00000004   PAD
    0x00005630   0x00000030   Data   RO         1608    .constdata          m_ts.l(cos_i.o)
    0x00005660   0x000000c8   Data   RO         1642    .constdata          m_ts.l(rred.o)
    0x00005728   0x00000028   Data   RO         1649    .constdata          m_ts.l(sin_i.o)
    0x00005750   0x00000020   Data   RO         1812    Region$$Table       anon$$obj.o
    0x00005770   0x00000004   Data   RO           26    .init_array         main.o
    0x00005774   0x00000000   Data   RO         1375    .init_array         c_t.l(init_aeabi.o)


    Execution Region RW_IRAM1 (Base: 0x40000000, Size: 0x00006e48, Max: 0x00008000, ABSOLUTE)

    Base Addr    Size         Type   Attr      Idx    E Section Name        Object

    0x40000000   0x00000008   Data   RW           25    .data               main.o
    0x40000008   0x00000004   Data   RW          881    .data               process.o
    0x4000000c   0x0000000c   Data   RW         1162    .data               oscilloscope.o
    0x40000018   0x00000164   Zero   RW           23    .bss                main.o
    0x4000017c   0x00000c00   Zero   RW         1157    .bss                oscilloscope.o
    0x40000d7c   0x000000e4   Zero   RW         1345    .bss                c_t.l(rand.o)
    0x40000e60   0x00000060   Zero   RW         1657    .bss                c_t.l(libspace.o)
    0x40000ec0   0x00004000   Zero   RW            2    HEAP                startup.o
    0x40004ec0   0x00001f88   Zero   RW            1    STACK               startup.o


==============================================================================

Image component sizes


      Code (inc. data)   RO Data    RW Data    ZI Data      Debug   Object Name

        76          4          0          0          0        780   adc.o
       192          0          0          0          0       2367   complex.o
        48          8          0          0          0       1036   dac.o
        96          8          0          0          0       1180   delay.o
       752          8          0          0          0       1546   fft.o
      3144         36          0          0          0      11132   ili9229.o
      2180        232        680          8        356      17722   main.o
      2008        156          0         12       3072       6586   oscilloscope.o
       324         24          0          0          0       2140   pin.o
       332         20          0          0          0       3168   pll.o
       144          8          0          4          0       1944   process.o
       148         12          0          0          0       1488   spi1.o
       240         60          0          0      24456        508   startup.o
       428         32          0          0          0       3208   uart.o

    ----------------------------------------------------------------------
     10112        608        716         24      27884      54805   Object Totals
         0          0         32          0          0          0   (incl. Generated)
         0          0          4          0          0          0   (incl. Padding)

    ----------------------------------------------------------------------

      Code (inc. data)   RO Data    RW Data    ZI Data      Debug   Library Member Name

         8          0          0          0          0         68   __main.o
       122          0          0          0          0        208   __printf.o
         0          0          0          0          0          0   __rtentry.o
        44          4          0          0          0          0   __rtentry2.o
         8          0          0          0          0          0   __rtentry4.o
        60          8          0          0          0          0   __scatter.o
        40          0          0          0          0          0   __scatter_copy.o
        44          0          0          0          0          0   __scatter_zi.o
        48          4          0          0          0         96   _printf_char_common.o
         8          0          0          0          0          0   _printf_d.o
       120         18          0          0          0         88   _printf_dec.o
       186          0          0          0          0         96   _printf_intcommon.o
         4          0          0          0          0          0   _printf_percent.o
         8          0          0          0          0          0   _printf_percent_end.o
        34          0          0          0          0        104   _rserrno.o
        10          0          0          0          0         60   _sputc.o
        24          0          0          0          0         64   abort.o
       420          0          0          0          0        148   aeabi_sdiv.o
        52         34          0          0          0         80   defsig_abrt_inner.o
        16          0          0          0          0         80   defsig_abrt_outer.o
        16          0          0          0          0         80   defsig_exit.o
        56          0          0          0          0         84   defsig_general.o
        84         58          0          0          0         80   defsig_rtmem_inner.o
        16          0          0          0          0         80   defsig_rtmem_outer.o
        12          0          0          0          0         64   exit.o
       118          0          0          0          0        116   h1_alloc.o
        56          0          0          0          0         80   h1_extend.o
        92          0          0          0          0        100   h1_free.o
        14          0          0          0          0         76   h1_init.o
         6          0          0          0          0        136   heapauxi.o
         4          0          0          0          0        120   hguard.o
         0          0          0          0          0          0   indicate_semi.o
        42          8          0          0          0        144   init_aeabi.o
       148          0          0          0          0        192   init_alloc.o
        10          0          0          0          0          0   libinit.o
        28          0          0          0          0          0   libinit2.o
        12          0          0          0          0          0   libshutdown.o
         6          0          0          0          0          0   libshutdown2.o
        12          4          0          0         96         68   libspace.o
         0          0          0          0          0          0   maybetermalloc1.o
        48          4          0          0          0         84   noretval__2sprintf.o
       128         18          0          0        228        156   rand.o
        16          4          0          0          0         68   rt_errno_addr_intlibspace.o
        16          4          0          0          0         68   rt_heap_descriptor_intlibspace.o
       100          0          0          0          0         80   rt_memcpy_w.o
         8          0          0          0          0          0   rtexit.o
        12          0          0          0          0          0   rtexit2.o
        48          0          0          0          0         68   rtudiv10.o
       244          4          0          0          0         80   strcmp.o
        20          4          0          0          0         60   sys_exit.o
        96          0          0          0          0         80   sys_stackheap_outer.o
        16          0          0          0          0         76   sys_wrch.o
         4          0          0          0          0         68   use_no_semi.o
        50          0          0          0          0        152   aeabi_vec_ctor_nocookie_nodtor.o
       108          4          0          0          0         92   d2f.o
       944         16          0          0          0        368   daddsub_noclz.o
        16          4          0          0          0         68   dcheck1.o
        28          0          0          0          0         68   dcmpi.o
       736        140          0          0          0        228   ddiv.o
       112          4          0          0          0         92   dfix.o
       112          4          0          0          0         92   dfixu.o
       100          0          0          0          0        136   dflt_noclz.o
       148          4          0          0          0         92   dleqf.o
       384         16          0          0          0        124   dmul.o
       192          0          0          0          0        108   dnaninf.o
        16          0          0          0          0         68   dretinf.o
       100          4          0          0          0         84   f2d.o
       500          8          0          0          0        168   faddsub_noclz.o
        28          0          0          0          0         68   fcmpi.o
       400         76          0          0          0         96   fdiv.o
        68          4          0          0          0         84   ffix.o
        84          4          0          0          0         84   ffixu.o
        92          0          0          0          0         68   fflt_noclz.o
       132          4          0          0          0         84   fleqf.o
       256          4          0          0          0         84   fmul.o
       168          0          0          0          0         96   fnaninf.o
        16          0          0          0          0         68   fretinf.o
       124          0          0          0          0         68   frleqf.o
       316        100          0          0          0        100   fsqrt.o
       116          0          0          0          0         68   retnan.o
       104          0          0          0          0         68   scalbn.o
        60          0          0          0          0         68   trapv.o
         0          0          0          0          0          0   usenofp.o
       240          4          0          0          0        124   cos.o
       412          8         48          0          0        152   cos_i.o
        48          0          0          0          0        204   dunder.o
        48          0          0          0          0         68   fpclassify.o
       256          0          0          0          0        116   poly.o
      1300         64        200          0          0        120   rred.o
       248          4          0          0          0        128   sin.o
       380         12         40          0          0        156   sin_i.o
        72          0          0          0          0         88   sqrtf.o

    ----------------------------------------------------------------------
     11272        664        288          0        324       7600   Library Totals
        14          0          0          0          0          0   (incl. Padding)

    ----------------------------------------------------------------------

      Code (inc. data)   RO Data    RW Data    ZI Data      Debug   Library Name

      2744        176          0          0        324       3400   c_t.l
        50          0          0          0          0        152   cpprt_t.l
      5460        396          0          0          0       2892   fz_ts.l
      3004         92        288          0          0       1156   m_ts.l

    ----------------------------------------------------------------------
     11272        664        288          0        324       7600   Library Totals

    ----------------------------------------------------------------------

==============================================================================


      Code (inc. data)   RO Data    RW Data    ZI Data      Debug   

     21384       1272       1004         24      28208      55005   Grand Totals
     21384       1272       1004         24      28208      55005   ELF Image Totals
     21384       1272       1004         24          0          0   ROM Totals

==============================================================================

    Total RO  Size (Code + RO Data)                22388 (  21.86kB)
    Total RW  Size (RW Data + ZI Data)             28232 (  27.57kB)
    Total ROM Size (Code + RO Data + RW Data)      22412 (  21.89kB)

==============================================================================

