<html>
<body>
<pre>
<h1>µVision Build Log</h1>
<h2>Project:</h2>
G:\001 - jarm7board\JARM7-KIT-CD\Source\Experiments\JRM_Exp15_I2C_RTC\RTC.uvproj
Project File Date:  12/15/2010

<h2>Output:</h2>
Build target 'LPC2100'
assembling Startup.s...
compiling Retarget.c...
compiling main.c...
compiling i2c.c...
compiling lcd.c...
lcd.c(52): warning:  #61-D: integer operation result is out of range
lcd.c(52): warning:  #68-D: integer conversion resulted in a change of sign
lcd.c(55): warning:  #61-D: integer operation result is out of range
lcd.c(67): warning:  #61-D: integer operation result is out of range
lcd.c(71): warning:  #61-D: integer operation result is out of range
lcd.c(78): warning:  #61-D: integer operation result is out of range
lcd.c(83): warning:  #61-D: integer operation result is out of range
lcd.c(94): warning:  #61-D: integer operation result is out of range
lcd.c(142): warning:  #61-D: integer operation result is out of range
lcd.c(145): warning:  #61-D: integer operation result is out of range
lcd.c(151): warning:  #61-D: integer operation result is out of range
lcd.c(154): warning:  #61-D: integer operation result is out of range
linking...
Program Size: Code=6684 RO-data=32 RW-data=4 ZI-data=1164  
FromELF: creating hex file...
".\Obj\RTC.axf" - 0 Error(s), 12 Warning(s).
