ARM Linker, RVCT4.0 [Build 524] for uVision [Evaluation]

==============================================================================

Section Cross References

    startup.o(RESET) refers to startup.o(STACK) for Stack_Top
    startup.o(RESET) refers to entry.o(.ARM.Collect$$$$00000000) for __main
    retarget.o(.text) refers to serial.o(.text) for sendchar
    main.o(.text) refers to serial.o(.text) for uart0_init
    entry.o(.ARM.Collect$$$$00000000) refers (Special) to entry7.o(.ARM.Collect$$$$00000007) for _main_init
    entry.o(.ARM.Collect$$$$00000000) refers (Special) to entry5.o(.ARM.Collect$$$$00000004) for _main_scatterload
    entry.o(.ARM.Collect$$$$00000000) refers (Special) to entry2.o(.ARM.Collect$$$$00000001) for _main_stk
    entry2.o(.ARM.Collect$$$$00000001) refers to entry2.o(.ARM.Collect$$$$00002712) for __lit__00000000
    entry2.o(.ARM.Collect$$$$00002712) refers to startup.o(STACK) for __initial_sp
    entry5.o(.ARM.Collect$$$$00000004) refers to init.o(.text) for __scatterload
    entry7.o(.ARM.Collect$$$$00000007) refers to main.o(.text) for main
    init.o(.text) refers to init.o(i.__ARM_common_call_via_r3) for __ARM_common_call_via_r3
    init.o(.text) refers to entry5.o(.ARM.Collect$$$$00000004) for __main_after_scatterload


==============================================================================

Removing Unused input sections from the image.

    Removing startup.o(HEAP), (0 bytes).
    Removing retarget.o(.text), (72 bytes).
    Removing retarget.o(.data), (4 bytes).

3 unused section(s) (total 76 bytes) removed from the image.

==============================================================================

Adding Veneers to the image

    Adding AT veneer (8 bytes, Inline) for call to '__scatterload' from entry5.o(.ARM.Collect$$$$00000004).
    Adding TA veneer (8 bytes, Short) for call to '__main_after_scatterload' from init.o(.text).

2 Veneer(s) (total 16 bytes) added to the image.

==============================================================================

Image Symbol Table

    Local Symbols

    Symbol Name                              Value     Ov Type        Size  Object(Section)

    RESET                                    0x00000000   Section      264  startup.o(RESET)
    ../../microlib/init/entry.s              0x00000000   Number         0  entry7.o ABSOLUTE
    ../../microlib/init/entry.s              0x00000000   Number         0  entry5.o ABSOLUTE
    ../../microlib/init/entry.s              0x00000000   Number         0  entry2.o ABSOLUTE
    ../../microlib/init/entry.s              0x00000000   Number         0  entry.o ABSOLUTE
    ../../microlib/stubs.s                   0x00000000   Number         0  useno.o ABSOLUTE
    Retarget.c                               0x00000000   Number         0  retarget.o ABSOLUTE
    Serial.c                                 0x00000000   Number         0  serial.o ABSOLUTE
    Startup.s                                0x00000000   Number         0  startup.o ABSOLUTE
    dc.s                                     0x00000000   Number         0  dc.o ABSOLUTE
    handlers.s                               0x00000000   Number         0  handlers.o ABSOLUTE
    init.s                                   0x00000000   Number         0  init.o ABSOLUTE
    main.c                                   0x00000000   Number         0  main.o ABSOLUTE
    Undef_Handler                            0x00000040   ARM Code       4  startup.o(RESET)
    SWI_Handler                              0x00000044   ARM Code       4  startup.o(RESET)
    PAbt_Handler                             0x00000048   ARM Code       4  startup.o(RESET)
    DAbt_Handler                             0x0000004c   ARM Code       4  startup.o(RESET)
    IRQ_Handler                              0x00000050   ARM Code       4  startup.o(RESET)
    FIQ_Handler                              0x00000054   ARM Code       4  startup.o(RESET)
    .ARM.Collect$$$$00000000                 0x00000108   Section        0  entry.o(.ARM.Collect$$$$00000000)
    .ARM.Collect$$$$00000001                 0x00000108   Section        4  entry2.o(.ARM.Collect$$$$00000001)
    .ARM.Collect$$$$00000004                 0x0000010c   Section        4  entry5.o(.ARM.Collect$$$$00000004)
    .ARM.Collect$$$$00000007                 0x00000110   Section       12  entry7.o(.ARM.Collect$$$$00000007)
    .ARM.Collect$$$$00002712                 0x0000011c   Section        4  entry2.o(.ARM.Collect$$$$00002712)
    __lit__00000000                          0x0000011c   Data           4  entry2.o(.ARM.Collect$$$$00002712)
    .text                                    0x00000120   Section      132  main.o(.text)
    .text                                    0x000001a4   Section      420  serial.o(.text)
    .text                                    0x00000350   Section       32  init.o(.text)
    i.__ARM_common_call_via_r3               0x00000378   Section        2  init.o(i.__ARM_common_call_via_r3)
    i.__scatterload_copy                     0x0000037c   Section       24  handlers.o(i.__scatterload_copy)
    i.__scatterload_null                     0x00000394   Section        4  handlers.o(i.__scatterload_null)
    i.__scatterload_zeroinit                 0x00000398   Section       24  handlers.o(i.__scatterload_zeroinit)
    STACK                                    0x40000000   Section     1160  startup.o(STACK)
    Stack_Top                                0x40000488   Data           0  startup.o(STACK)

    Global Symbols

    Symbol Name                              Value     Ov Type        Size  Object(Section)

    BuildAttributes$$THM_ISAv1$ARM_ISAv4$S$PE$A:L22$X:L11$S22$IEEE1$IW$USESV6$~STKCKD$USESV7$~SHL$OSPACE$EBA8$MICROLIB$REQ8$PRES8$EABIv2 0x00000000   Number         0  anon$$obj.o ABSOLUTE
    __ARM_use_no_argv                        0x00000000   Number         0  main.o ABSOLUTE
    __use_no_errno                           0x00000000   Number         0  useno.o ABSOLUTE
    __use_no_exception_handling              0x00000000   Number         0  useno.o ABSOLUTE
    __use_no_fp                              0x00000000   Number         0  useno.o ABSOLUTE
    __use_no_heap                            0x00000000   Number         0  useno.o ABSOLUTE
    __use_no_heap_region                     0x00000000   Number         0  useno.o ABSOLUTE
    __use_no_semihosting                     0x00000000   Number         0  useno.o ABSOLUTE
    __use_no_semihosting_swi                 0x00000000   Number         0  useno.o ABSOLUTE
    __use_no_signal_handling                 0x00000000   Number         0  useno.o ABSOLUTE
    __decompress                              - Undefined Weak Reference
    Reset_Handler                            0x00000058   ARM Code       0  startup.o(RESET)
    __main                                   0x00000108   ARM Code       0  entry.o(.ARM.Collect$$$$00000000)
    _main_stk                                0x00000108   ARM Code       0  entry2.o(.ARM.Collect$$$$00000001)
    _main_scatterload                        0x0000010c   ARM Code       0  entry5.o(.ARM.Collect$$$$00000004)
    __main_after_scatterload                 0x00000110   ARM Code       0  entry5.o(.ARM.Collect$$$$00000004)
    _main_init                               0x00000110   ARM Code       0  entry7.o(.ARM.Collect$$$$00000007)
    delay                                    0x00000120   ARM Code      52  main.o(.text)
    main                                     0x00000154   ARM Code      44  main.o(.text)
    sendchar                                 0x000001a4   ARM Code      80  serial.o(.text)
    getkey                                   0x000001f4   ARM Code      32  serial.o(.text)
    uart1_init                               0x00000214   ARM Code      76  serial.o(.text)
    uart1_putc                               0x00000260   ARM Code      32  serial.o(.text)
    uart1_puts                               0x00000280   ARM Code      40  serial.o(.text)
    uart0_init                               0x000002a8   ARM Code      76  serial.o(.text)
    uart0_putc                               0x000002f4   ARM Code      32  serial.o(.text)
    uart0_puts                               0x00000314   ARM Code      40  serial.o(.text)
    Inline ARM to Thumb Veneer to __scatterload 0x00000348   ARM Code       8  init.o(.text)
    __scatterload                            0x00000351   Thumb Code    24  init.o(.text)
    __scatterload_rt2                        0x00000351   Thumb Code     0  init.o(.text)
    Short Thumb to ARM Veneer to __main_after_scatterload 0x00000371   Thumb Code     8  anon$$obj.o(Veneer$$Code)
    __ARM_common_call_via_r3                 0x00000379   Thumb Code     2  init.o(i.__ARM_common_call_via_r3)
    __scatterload_copy                       0x0000037c   ARM Code      24  handlers.o(i.__scatterload_copy)
    __scatterload_null                       0x00000394   ARM Code       4  handlers.o(i.__scatterload_null)
    __scatterload_zeroinit                   0x00000398   ARM Code      24  handlers.o(i.__scatterload_zeroinit)
    Region$$Table$$Base                      0x000003b0   Number         0  anon$$obj.o(Region$$Table)
    Region$$Table$$Limit                     0x000003c0   Number         0  anon$$obj.o(Region$$Table)
    __initial_sp                             0x40000400   Data         136  startup.o(STACK)



==============================================================================

Memory Map of the image

  Image Entry point : 0x00000108

  Load Region LR_IROM1 (Base: 0x00000000, Size: 0x000003c0, Max: 0x00080000, ABSOLUTE)

    Execution Region ER_IROM1 (Base: 0x00000000, Size: 0x000003c0, Max: 0x00080000, ABSOLUTE)

    Base Addr    Size         Type   Attr      Idx    E Section Name        Object

    0x00000000   0x00000108   Code   RO            3    RESET               startup.o
    0x00000108   0x00000000   Code   RO           65  * .ARM.Collect$$$$00000000  entry.o(mc_t.l)
    0x00000108   0x00000004   Code   RO           68    .ARM.Collect$$$$00000001  entry2.o(mc_t.l)
    0x0000010c   0x00000004   Code   RO           70    .ARM.Collect$$$$00000004  entry5.o(mc_t.l)
    0x00000110   0x0000000c   Code   RO           71    .ARM.Collect$$$$00000007  entry7.o(mc_t.l)
    0x0000011c   0x00000004   Code   RO           69    .ARM.Collect$$$$00002712  entry2.o(mc_t.l)
    0x00000120   0x00000084   Code   RO           31    .text               main.o
    0x000001a4   0x000001a4   Code   RO           50    .text               serial.o
    0x00000348   0x00000008   Ven    RO           72    .text               init.o(mc_t.l)
    0x00000350   0x00000020   Code   RO           72    .text               init.o(mc_t.l)
    0x00000370   0x00000008   Ven    RO           85    Veneer$$Code        anon$$obj.o
    0x00000378   0x00000002   Code   RO           74    i.__ARM_common_call_via_r3  init.o(mc_t.l)
    0x0000037a   0x00000002   PAD
    0x0000037c   0x00000018   Code   RO           78    i.__scatterload_copy  handlers.o(mc_t.l)
    0x00000394   0x00000004   Code   RO           79    i.__scatterload_null  handlers.o(mc_t.l)
    0x00000398   0x00000018   Code   RO           80    i.__scatterload_zeroinit  handlers.o(mc_t.l)
    0x000003b0   0x00000010   Data   RO           76    Region$$Table       anon$$obj.o


    Execution Region RW_IRAM1 (Base: 0x40000000, Size: 0x00000488, Max: 0x00008000, ABSOLUTE)

    Base Addr    Size         Type   Attr      Idx    E Section Name        Object

    0x40000000   0x00000488   Zero   RW            1    STACK               startup.o


==============================================================================

Image component sizes


      Code (inc. data)   RO Data    RW Data    ZI Data      Debug   Object Name

       132         36          0          0          0        597   main.o
         0          0          0          0          0       1444   retarget.o
       420         12          0          0          0       1592   serial.o
       264         48          0          0       1160        296   startup.o

    ----------------------------------------------------------------------
       824         96         16          0       1160       3929   Object Totals
         8          0         16          0          0          0   (incl. Generated)
         0          0          0          0          0          3   (incl. Padding)

    ----------------------------------------------------------------------

      Code (inc. data)   RO Data    RW Data    ZI Data      Debug   Library Member Name

         0          0          0          0          0          0   entry.o
         8          4          0          0          0          0   entry2.o
         4          0          0          0          0          0   entry5.o
        12          4          0          0          0          0   entry7.o
        52          0          0          0          0          0   handlers.o
        42          8          0          0          0        136   init.o

    ----------------------------------------------------------------------
       120         16          0          0          0        136   Library Totals
         2          0          0          0          0          0   (incl. Padding)

    ----------------------------------------------------------------------

      Code (inc. data)   RO Data    RW Data    ZI Data      Debug   Library Name

       118         16          0          0          0        136   mc_t.l

    ----------------------------------------------------------------------
       120         16          0          0          0        136   Library Totals

    ----------------------------------------------------------------------

==============================================================================


      Code (inc. data)   RO Data    RW Data    ZI Data      Debug   

       944        112         16          0       1160       3968   Grand Totals
       944        112         16          0       1160       3968   ELF Image Totals
       944        112         16          0          0          0   ROM Totals

==============================================================================

    Total RO  Size (Code + RO Data)                  960 (   0.94kB)
    Total RW  Size (RW Data + ZI Data)              1160 (   1.13kB)
    Total ROM Size (Code + RO Data + RW Data)        960 (   0.94kB)

==============================================================================

