<html>
<body>
<pre>
<h1>µVision Build Log</h1>
<h2>Tool Versions:</h2>
IDE-Version: µVision V5.14.0.0
Copyright (C) 2015 ARM Ltd and ARM Germany GmbH. All rights reserved.
License Information: Ajinkya Gorad, Hewlett-Packard, LIC=----
 
Tool Versions:
Toolchain:       MDK-Lite  Version: 5.14.0.0
Toolchain Path:  C:\Keil_v5\ARM\ARMCC\Bin
C Compiler:      Armcc.exe V5.05 update 1 (build 106)
Assembler:       Armasm.exe V5.05 update 1 (build 106)
Linker/Locator:  ArmLink.exe V5.05 update 1 (build 106)
Library Manager: ArmAr.exe V5.05 update 1 (build 106)
Hex Converter:   FromElf.exe V5.05 update 1 (build 106)
CPU DLL:         SARM.DLL V5.14.0.0
Dialog DLL:      DARMP.DLL V1.51
Target DLL:      UL2ARM.DLL V1.74.5.0
Dialog DLL:      TARMP.DLL V1.51
 
<h2>Project:</h2>
C:\Users\Ajinkya\Documents\ARM\TEST.uvproj
Project File Date:  02/25/2015

<h2>Output:</h2>
Build target 'Target 1'
Clean started - Project: 'TEST'
   deleting intermediate output files for target 'Target 1'
assembling Startup.s...
compiling main.cpp...
main.cpp(8): warning:  #940-D: missing return statement at end of non-void function "wait"
  }
main.cpp(30): warning:  #1-D: last line of file ends without a newline
   
main.cpp: 2 warnings, 0 errors
linking...
Program Size: Code=848 RO-data=16 RW-data=0 ZI-data=1256  
".\Objects\TEST.axf" - 0 Error(s), 2 Warning(s).

*** Performing Cross-Module-Optimization:
linking...
Program Size: Code=848 RO-data=16 RW-data=0 ZI-data=1256  
FromELF: creating hex file...
".\Objects\TEST.axf" - 0 Error(s), 0 Warning(s).
*** Completed Cross-Module-Optimization after 1 iteration(s).
</pre>
</body>
</html>
