<!doctype html public "-//w3c//dtd html 4.0 transitional//en">
<html><head>
<title>Static Call Graph - [.\Obj\TimeDelay.axf]</title></head>
<body><HR>
<H1>Static Call Graph for image .\Obj\TimeDelay.axf</H1><HR>
<BR><P>#&#060CALLGRAPH&#062# ARM Linker, RVCT4.0 [Build 524]: Last Updated: Sun Jan 02 08:05:38 2011
<BR><P>
<H3>Maximum Stack Usage =          8 bytes + Unknown(Functions without stacksize, Cycles, Untraceable Function Pointers)</H3><H3>
Call chain for Maximum Stack Depth:</H3>
main
<P>
<H3>
Functions with no stack information
</H3><UL>
 <LI><a href="#[c37658]">Reset_Handler</a>
 <LI><a href="#[c378b0]">Undef_Handler</a>
 <LI><a href="#[c37874]">SWI_Handler</a>
 <LI><a href="#[c37838]">PAbt_Handler</a>
 <LI><a href="#[c377fc]">DAbt_Handler</a>
 <LI><a href="#[c377c0]">IRQ_Handler</a>
 <LI><a href="#[c37784]">FIQ_Handler</a>
</UL>
</UL>
<P>
<H3>
Mutually Recursive functions
</H3> <LI><a href="#[c378b0]">Undef_Handler</a>&nbsp;&nbsp;&nbsp;&rArr;&nbsp;&nbsp;&nbsp;<a href="#[c378b0]">Undef_Handler</a><BR>
 <LI><a href="#[c37874]">SWI_Handler</a>&nbsp;&nbsp;&nbsp;&rArr;&nbsp;&nbsp;&nbsp;<a href="#[c37874]">SWI_Handler</a><BR>
 <LI><a href="#[c37838]">PAbt_Handler</a>&nbsp;&nbsp;&nbsp;&rArr;&nbsp;&nbsp;&nbsp;<a href="#[c37838]">PAbt_Handler</a><BR>
 <LI><a href="#[c377fc]">DAbt_Handler</a>&nbsp;&nbsp;&nbsp;&rArr;&nbsp;&nbsp;&nbsp;<a href="#[c377fc]">DAbt_Handler</a><BR>
 <LI><a href="#[c377c0]">IRQ_Handler</a>&nbsp;&nbsp;&nbsp;&rArr;&nbsp;&nbsp;&nbsp;<a href="#[c377c0]">IRQ_Handler</a><BR>
 <LI><a href="#[c37784]">FIQ_Handler</a>&nbsp;&nbsp;&nbsp;&rArr;&nbsp;&nbsp;&nbsp;<a href="#[c37784]">FIQ_Handler</a><BR>
</UL>
<P>
<H3>
Function Pointers
</H3><UL>
 <LI><a href="#[c37658]">Reset_Handler</a>
 <LI><a href="#[c378b0]">Undef_Handler</a>
 <LI><a href="#[c37874]">SWI_Handler</a>
 <LI><a href="#[c37838]">PAbt_Handler</a>
 <LI><a href="#[c377fc]">DAbt_Handler</a>
 <LI><a href="#[c377c0]">IRQ_Handler</a>
 <LI><a href="#[c37784]">FIQ_Handler</a>
 <LI><a href="#[c35e34]">__main</a>
 <LI><a href="#[c36938]">main</a>
</UL>
<P>
<H3>
Global Symbols
</H3>
<P><STRONG><a name="[c37658]"></a>Reset_Handler</STRONG> (ARM, 0 bytes, Stack size unknown bytes, startup.o(RESET))
<BR>[Address Reference Count : 1]<UL><LI> startup.o(RESET)
</UL>
<P><STRONG><a name="[c35e34]"></a>__main</STRONG> (ARM, 0 bytes, Stack size unknown bytes, entry.o(.ARM.Collect$$$$00000000))

<P><STRONG><a name="[c3590c]"></a>_main_stk</STRONG> (ARM, 0 bytes, Stack size unknown bytes, entry2.o(.ARM.Collect$$$$00000001))

<P><STRONG><a name="[c3581c]"></a>_main_scatterload</STRONG> (ARM, 0 bytes, Stack size unknown bytes, entry5.o(.ARM.Collect$$$$00000004))
<BR><BR>[Calls]<UL><LI><a href="#[c355c4]">&gt;&gt;</a>&nbsp;&nbsp;&nbsp;__scatterload
</UL>

<P><STRONG><a name="[c357e0]"></a>__main_after_scatterload</STRONG> (ARM, 0 bytes, Stack size unknown bytes, entry5.o(.ARM.Collect$$$$00000004))
<BR><BR>[Called By]<UL><LI><a href="#[c355c4]">&gt;&gt;</a>&nbsp;&nbsp;&nbsp;__scatterload
</UL>

<P><STRONG><a name="[c356f0]"></a>_main_init</STRONG> (ARM, 0 bytes, Stack size unknown bytes, entry7.o(.ARM.Collect$$$$00000007))

<P><STRONG><a name="[c36938]"></a>main</STRONG> (ARM, 20 bytes, Stack size 8 bytes, main.o(.text))
<BR><BR>[Stack]<UL><LI>Max Depth = 8<LI>Call Chain = main
</UL>
<BR>[Calls]<UL><LI><a href="#[c368fc]">&gt;&gt;</a>&nbsp;&nbsp;&nbsp;init_timer0
<LI><a href="#[c36e60]">&gt;&gt;</a>&nbsp;&nbsp;&nbsp;lpc_pll_init
</UL>
<BR>[Address Reference Count : 1]<UL><LI> entry7.o(.ARM.Collect$$$$00000007)
</UL>
<P><STRONG><a name="[c3635c]"></a>timer0_int_func</STRONG> (ARM, 88 bytes, Stack size 24 bytes, timer.o(.text), UNUSED)
<BR><BR>[Calls]<UL><LI><a href="#[c362a8]">&gt;&gt;</a>&nbsp;&nbsp;&nbsp;turn_on_buzzer
<LI><a href="#[c362e4]">&gt;&gt;</a>&nbsp;&nbsp;&nbsp;turn_off_buzzer
</UL>

<P><STRONG><a name="[c368fc]"></a>init_timer0</STRONG> (ARM, 96 bytes, Stack size 0 bytes, timer.o(.text))
<BR><BR>[Called By]<UL><LI><a href="#[c36938]">&gt;&gt;</a>&nbsp;&nbsp;&nbsp;main
</UL>

<P><STRONG><a name="[c36320]"></a>timer1_int_func</STRONG> (ARM, 24 bytes, Stack size 0 bytes, timer.o(.text), UNUSED)

<P><STRONG><a name="[c362a8]"></a>turn_on_buzzer</STRONG> (ARM, 40 bytes, Stack size 0 bytes, buzzer.o(.text), UNUSED)
<BR><BR>[Called By]<UL><LI><a href="#[c3635c]">&gt;&gt;</a>&nbsp;&nbsp;&nbsp;timer0_int_func
</UL>

<P><STRONG><a name="[c362e4]"></a>turn_off_buzzer</STRONG> (ARM, 40 bytes, Stack size 0 bytes, buzzer.o(.text), UNUSED)
<BR><BR>[Called By]<UL><LI><a href="#[c3635c]">&gt;&gt;</a>&nbsp;&nbsp;&nbsp;timer0_int_func
</UL>

<P><STRONG><a name="[c355c4]"></a>__scatterload</STRONG> (ARM, 40 bytes, Stack size 0 bytes, init.o(.text))
<BR><BR>[Calls]<UL><LI><a href="#[c357e0]">&gt;&gt;</a>&nbsp;&nbsp;&nbsp;__main_after_scatterload
</UL>
<BR>[Called By]<UL><LI><a href="#[c3581c]">&gt;&gt;</a>&nbsp;&nbsp;&nbsp;_main_scatterload
</UL>

<P><STRONG><a name="[c35588]"></a>__scatterload_rt2</STRONG> (ARM, 0 bytes, Stack size 0 bytes, init.o(.text), UNUSED)

<P><STRONG><a name="[c35204]"></a>__scatterload_copy</STRONG> (ARM, 24 bytes, Stack size unknown bytes, handlers.o(i.__scatterload_copy), UNUSED)
<BR><BR>[Calls]<UL><LI><a href="#[c35204]">&gt;&gt;</a>&nbsp;&nbsp;&nbsp;__scatterload_copy
</UL>
<BR>[Called By]<UL><LI><a href="#[c35204]">&gt;&gt;</a>&nbsp;&nbsp;&nbsp;__scatterload_copy
</UL>

<P><STRONG><a name="[c351c8]"></a>__scatterload_null</STRONG> (ARM, 4 bytes, Stack size unknown bytes, handlers.o(i.__scatterload_null), UNUSED)

<P><STRONG><a name="[c3518c]"></a>__scatterload_zeroinit</STRONG> (ARM, 24 bytes, Stack size unknown bytes, handlers.o(i.__scatterload_zeroinit), UNUSED)
<P>
<H3>
Local Symbols
</H3>
<P><STRONG><a name="[c378b0]"></a>Undef_Handler</STRONG> (ARM, 4 bytes, Stack size unknown bytes, startup.o(RESET))
<BR><BR>[Calls]<UL><LI><a href="#[c378b0]">&gt;&gt;</a>&nbsp;&nbsp;&nbsp;Undef_Handler
</UL>
<BR>[Called By]<UL><LI><a href="#[c378b0]">&gt;&gt;</a>&nbsp;&nbsp;&nbsp;Undef_Handler
</UL>
<BR>[Address Reference Count : 1]<UL><LI> startup.o(RESET)
</UL>
<P><STRONG><a name="[c37874]"></a>SWI_Handler</STRONG> (ARM, 4 bytes, Stack size unknown bytes, startup.o(RESET))
<BR><BR>[Calls]<UL><LI><a href="#[c37874]">&gt;&gt;</a>&nbsp;&nbsp;&nbsp;SWI_Handler
</UL>
<BR>[Called By]<UL><LI><a href="#[c37874]">&gt;&gt;</a>&nbsp;&nbsp;&nbsp;SWI_Handler
</UL>
<BR>[Address Reference Count : 1]<UL><LI> startup.o(RESET)
</UL>
<P><STRONG><a name="[c37838]"></a>PAbt_Handler</STRONG> (ARM, 4 bytes, Stack size unknown bytes, startup.o(RESET))
<BR><BR>[Calls]<UL><LI><a href="#[c37838]">&gt;&gt;</a>&nbsp;&nbsp;&nbsp;PAbt_Handler
</UL>
<BR>[Called By]<UL><LI><a href="#[c37838]">&gt;&gt;</a>&nbsp;&nbsp;&nbsp;PAbt_Handler
</UL>
<BR>[Address Reference Count : 1]<UL><LI> startup.o(RESET)
</UL>
<P><STRONG><a name="[c377fc]"></a>DAbt_Handler</STRONG> (ARM, 4 bytes, Stack size unknown bytes, startup.o(RESET))
<BR><BR>[Calls]<UL><LI><a href="#[c377fc]">&gt;&gt;</a>&nbsp;&nbsp;&nbsp;DAbt_Handler
</UL>
<BR>[Called By]<UL><LI><a href="#[c377fc]">&gt;&gt;</a>&nbsp;&nbsp;&nbsp;DAbt_Handler
</UL>
<BR>[Address Reference Count : 1]<UL><LI> startup.o(RESET)
</UL>
<P><STRONG><a name="[c377c0]"></a>IRQ_Handler</STRONG> (ARM, 4 bytes, Stack size unknown bytes, startup.o(RESET))
<BR><BR>[Calls]<UL><LI><a href="#[c377c0]">&gt;&gt;</a>&nbsp;&nbsp;&nbsp;IRQ_Handler
</UL>
<BR>[Called By]<UL><LI><a href="#[c377c0]">&gt;&gt;</a>&nbsp;&nbsp;&nbsp;IRQ_Handler
</UL>
<BR>[Address Reference Count : 1]<UL><LI> startup.o(RESET)
</UL>
<P><STRONG><a name="[c37784]"></a>FIQ_Handler</STRONG> (ARM, 4 bytes, Stack size unknown bytes, startup.o(RESET))
<BR><BR>[Calls]<UL><LI><a href="#[c37784]">&gt;&gt;</a>&nbsp;&nbsp;&nbsp;FIQ_Handler
</UL>
<BR>[Called By]<UL><LI><a href="#[c37784]">&gt;&gt;</a>&nbsp;&nbsp;&nbsp;FIQ_Handler
</UL>
<BR>[Address Reference Count : 1]<UL><LI> startup.o(RESET)
</UL>
<P><STRONG><a name="[c36e60]"></a>lpc_pll_init</STRONG> (ARM, 116 bytes, Stack size 0 bytes, main.o(.text))
<BR><BR>[Called By]<UL><LI><a href="#[c36938]">&gt;&gt;</a>&nbsp;&nbsp;&nbsp;main
</UL>
<P>
<H3>
Undefined Global Symbols
</H3><HR></body></html>
