<!doctype html public "-//w3c//dtd html 4.0 transitional//en">
<html><head>
<title>Static Call Graph - [.\Obj\I2C_Serial_EEPROM.axf]</title></head>
<body><HR>
<H1>Static Call Graph for image .\Obj\I2C_Serial_EEPROM.axf</H1><HR>
<BR><P>#&#060CALLGRAPH&#062# ARM Linker, RVCT4.0 [Build 524]: Last Updated: Wed Dec 15 11:48:14 2010
<BR><P>
<H3>Maximum Stack Usage =        264 bytes + Unknown(Functions without stacksize, Cycles, Untraceable Function Pointers)</H3><H3>
Call chain for Maximum Stack Depth:</H3>
main &rArr; test_i2c_at24c04_flash &rArr; m24xx_write &rArr; i2c_lpc_m24xx_wr &rArr; m24xx_set_addr
<P>
<H3>
Functions with no stack information
</H3><UL>
 <LI><a href="#[c47658]">Reset_Handler</a>
 <LI><a href="#[c478b0]">Undef_Handler</a>
 <LI><a href="#[c47874]">SWI_Handler</a>
 <LI><a href="#[c47838]">PAbt_Handler</a>
 <LI><a href="#[c477fc]">DAbt_Handler</a>
 <LI><a href="#[c477c0]">IRQ_Handler</a>
 <LI><a href="#[c47784]">FIQ_Handler</a>
</UL>
</UL>
<P>
<H3>
Mutually Recursive functions
</H3> <LI><a href="#[c478b0]">Undef_Handler</a>&nbsp;&nbsp;&nbsp;&rArr;&nbsp;&nbsp;&nbsp;<a href="#[c478b0]">Undef_Handler</a><BR>
 <LI><a href="#[c47874]">SWI_Handler</a>&nbsp;&nbsp;&nbsp;&rArr;&nbsp;&nbsp;&nbsp;<a href="#[c47874]">SWI_Handler</a><BR>
 <LI><a href="#[c47838]">PAbt_Handler</a>&nbsp;&nbsp;&nbsp;&rArr;&nbsp;&nbsp;&nbsp;<a href="#[c47838]">PAbt_Handler</a><BR>
 <LI><a href="#[c477fc]">DAbt_Handler</a>&nbsp;&nbsp;&nbsp;&rArr;&nbsp;&nbsp;&nbsp;<a href="#[c477fc]">DAbt_Handler</a><BR>
 <LI><a href="#[c477c0]">IRQ_Handler</a>&nbsp;&nbsp;&nbsp;&rArr;&nbsp;&nbsp;&nbsp;<a href="#[c477c0]">IRQ_Handler</a><BR>
 <LI><a href="#[c47784]">FIQ_Handler</a>&nbsp;&nbsp;&nbsp;&rArr;&nbsp;&nbsp;&nbsp;<a href="#[c47784]">FIQ_Handler</a><BR>
</UL>
<P>
<H3>
Function Pointers
</H3><UL>
 <LI><a href="#[c47658]">Reset_Handler</a>
 <LI><a href="#[c478b0]">Undef_Handler</a>
 <LI><a href="#[c47874]">SWI_Handler</a>
 <LI><a href="#[c47838]">PAbt_Handler</a>
 <LI><a href="#[c477fc]">DAbt_Handler</a>
 <LI><a href="#[c477c0]">IRQ_Handler</a>
 <LI><a href="#[c47784]">FIQ_Handler</a>
 <LI><a href="#[c4590c]">__main</a>
 <LI><a href="#[c469ec]">main</a>
</UL>
<P>
<H3>
Global Symbols
</H3>
<P><STRONG><a name="[c47658]"></a>Reset_Handler</STRONG> (ARM, 0 bytes, Stack size unknown bytes, startup.o(RESET))
<BR>[Address Reference Count : 1]<UL><LI> startup.o(RESET)
</UL>
<P><STRONG><a name="[c4590c]"></a>__main</STRONG> (ARM, 0 bytes, Stack size unknown bytes, entry.o(.ARM.Collect$$$$00000000))

<P><STRONG><a name="[c4527c]"></a>_main_stk</STRONG> (ARM, 0 bytes, Stack size unknown bytes, entry2.o(.ARM.Collect$$$$00000001))

<P><STRONG><a name="[c4518c]"></a>_main_scatterload</STRONG> (ARM, 0 bytes, Stack size unknown bytes, entry5.o(.ARM.Collect$$$$00000004))
<BR><BR>[Calls]<UL><LI><a href="#[c44e08]">&gt;&gt;</a>&nbsp;&nbsp;&nbsp;__scatterload
</UL>

<P><STRONG><a name="[c45150]"></a>__main_after_scatterload</STRONG> (ARM, 0 bytes, Stack size unknown bytes, entry5.o(.ARM.Collect$$$$00000004))
<BR><BR>[Called By]<UL><LI><a href="#[c44e08]">&gt;&gt;</a>&nbsp;&nbsp;&nbsp;__scatterload
</UL>

<P><STRONG><a name="[c45060]"></a>_main_init</STRONG> (ARM, 0 bytes, Stack size unknown bytes, entry7.o(.ARM.Collect$$$$00000007))

<P><STRONG><a name="[c46a64]"></a>wait</STRONG> (ARM, 52 bytes, Stack size 0 bytes, main.o(.text))
<BR><BR>[Called By]<UL><LI><a href="#[c469ec]">&gt;&gt;</a>&nbsp;&nbsp;&nbsp;main
</UL>

<P><STRONG><a name="[c46a28]"></a>test_i2c_at24c04_flash</STRONG> (ARM, 244 bytes, Stack size 144 bytes, main.o(.text))
<BR><BR>[Stack]<UL><LI>Max Depth = 256<LI>Call Chain = test_i2c_at24c04_flash &rArr; m24xx_write &rArr; i2c_lpc_m24xx_wr &rArr; m24xx_set_addr
</UL>
<BR>[Calls]<UL><LI><a href="#[c46884]">&gt;&gt;</a>&nbsp;&nbsp;&nbsp;m24xx_write
<LI><a href="#[c468c0]">&gt;&gt;</a>&nbsp;&nbsp;&nbsp;m24xx_read
<LI><a href="#[c468fc]">&gt;&gt;</a>&nbsp;&nbsp;&nbsp;lcd_putstring
<LI><a href="#[c46938]">&gt;&gt;</a>&nbsp;&nbsp;&nbsp;lcd_clear
</UL>
<BR>[Called By]<UL><LI><a href="#[c469ec]">&gt;&gt;</a>&nbsp;&nbsp;&nbsp;main
</UL>

<P><STRONG><a name="[c469ec]"></a>main</STRONG> (ARM, 40 bytes, Stack size 8 bytes, main.o(.text))
<BR><BR>[Stack]<UL><LI>Max Depth = 264<LI>Call Chain = main &rArr; test_i2c_at24c04_flash &rArr; m24xx_write &rArr; i2c_lpc_m24xx_wr &rArr; m24xx_set_addr
</UL>
<BR>[Calls]<UL><LI><a href="#[c46938]">&gt;&gt;</a>&nbsp;&nbsp;&nbsp;lcd_clear
<LI><a href="#[c46974]">&gt;&gt;</a>&nbsp;&nbsp;&nbsp;init_lcd
<LI><a href="#[c469b0]">&gt;&gt;</a>&nbsp;&nbsp;&nbsp;i2c_lpc_init
<LI><a href="#[c46a28]">&gt;&gt;</a>&nbsp;&nbsp;&nbsp;test_i2c_at24c04_flash
<LI><a href="#[c46a64]">&gt;&gt;</a>&nbsp;&nbsp;&nbsp;wait
</UL>
<BR>[Address Reference Count : 1]<UL><LI> entry7.o(.ARM.Collect$$$$00000007)
</UL>
<P><STRONG><a name="[c469b0]"></a>i2c_lpc_init</STRONG> (ARM, 128 bytes, Stack size 0 bytes, i2c.o(.text))
<BR><BR>[Called By]<UL><LI><a href="#[c45fd8]">&gt;&gt;</a>&nbsp;&nbsp;&nbsp;ds1307_get
<LI><a href="#[c46050]">&gt;&gt;</a>&nbsp;&nbsp;&nbsp;ds1307_set
<LI><a href="#[c469ec]">&gt;&gt;</a>&nbsp;&nbsp;&nbsp;main
</UL>

<P><STRONG><a name="[c46884]"></a>m24xx_write</STRONG> (ARM, 304 bytes, Stack size 40 bytes, i2c.o(.text))
<BR><BR>[Stack]<UL><LI>Max Depth = 112<LI>Call Chain = m24xx_write &rArr; i2c_lpc_m24xx_wr &rArr; m24xx_set_addr
</UL>
<BR>[Calls]<UL><LI><a href="#[c45600]">&gt;&gt;</a>&nbsp;&nbsp;&nbsp;__aeabi_idivmod
<LI><a href="#[c4644c]">&gt;&gt;</a>&nbsp;&nbsp;&nbsp;i2c_lpc_m24xx_wr
<LI><a href="#[c464c4]">&gt;&gt;</a>&nbsp;&nbsp;&nbsp;m24xx_page_size
</UL>
<BR>[Called By]<UL><LI><a href="#[c46a28]">&gt;&gt;</a>&nbsp;&nbsp;&nbsp;test_i2c_at24c04_flash
</UL>

<P><STRONG><a name="[c468c0]"></a>m24xx_read</STRONG> (ARM, 296 bytes, Stack size 56 bytes, i2c.o(.text))
<BR><BR>[Stack]<UL><LI>Max Depth = 80<LI>Call Chain = m24xx_read &rArr; m24xx_set_addr
</UL>
<BR>[Calls]<UL><LI><a href="#[c46488]">&gt;&gt;</a>&nbsp;&nbsp;&nbsp;m24xx_set_addr
<LI><a href="#[c464c4]">&gt;&gt;</a>&nbsp;&nbsp;&nbsp;m24xx_page_size
<LI><a href="#[c4653c]">&gt;&gt;</a>&nbsp;&nbsp;&nbsp;i2c_lpc_rx_to_buf
<LI><a href="#[c46578]">&gt;&gt;</a>&nbsp;&nbsp;&nbsp;i2c_lpc_ctrl
<LI><a href="#[c465b4]">&gt;&gt;</a>&nbsp;&nbsp;&nbsp;i2c_lpc_stop
<LI><a href="#[c465f0]">&gt;&gt;</a>&nbsp;&nbsp;&nbsp;i2c_lpc_wr_byte
</UL>
<BR>[Called By]<UL><LI><a href="#[c46a28]">&gt;&gt;</a>&nbsp;&nbsp;&nbsp;test_i2c_at24c04_flash
</UL>

<P><STRONG><a name="[c462e4]"></a>lm75_read16</STRONG> (ARM, 216 bytes, Stack size 40 bytes, i2c.o(.text), UNUSED)
<BR><BR>[Calls]<UL><LI><a href="#[c46410]">&gt;&gt;</a>&nbsp;&nbsp;&nbsp;lm75_set_addr
<LI><a href="#[c4653c]">&gt;&gt;</a>&nbsp;&nbsp;&nbsp;i2c_lpc_rx_to_buf
<LI><a href="#[c46578]">&gt;&gt;</a>&nbsp;&nbsp;&nbsp;i2c_lpc_ctrl
<LI><a href="#[c465b4]">&gt;&gt;</a>&nbsp;&nbsp;&nbsp;i2c_lpc_stop
<LI><a href="#[c465f0]">&gt;&gt;</a>&nbsp;&nbsp;&nbsp;i2c_lpc_wr_byte
</UL>
<BR>[Called By]<UL><LI><a href="#[c461b8]">&gt;&gt;</a>&nbsp;&nbsp;&nbsp;lm75_get_temp
</UL>

<P><STRONG><a name="[c462a8]"></a>lm75_read_cfg</STRONG> (ARM, 188 bytes, Stack size 32 bytes, i2c.o(.text), UNUSED)
<BR><BR>[Calls]<UL><LI><a href="#[c46410]">&gt;&gt;</a>&nbsp;&nbsp;&nbsp;lm75_set_addr
<LI><a href="#[c4653c]">&gt;&gt;</a>&nbsp;&nbsp;&nbsp;i2c_lpc_rx_to_buf
<LI><a href="#[c46578]">&gt;&gt;</a>&nbsp;&nbsp;&nbsp;i2c_lpc_ctrl
<LI><a href="#[c465b4]">&gt;&gt;</a>&nbsp;&nbsp;&nbsp;i2c_lpc_stop
<LI><a href="#[c465f0]">&gt;&gt;</a>&nbsp;&nbsp;&nbsp;i2c_lpc_wr_byte
</UL>

<P><STRONG><a name="[c4626c]"></a>lm75_write16</STRONG> (ARM, 136 bytes, Stack size 32 bytes, i2c.o(.text), UNUSED)
<BR><BR>[Calls]<UL><LI><a href="#[c46410]">&gt;&gt;</a>&nbsp;&nbsp;&nbsp;lm75_set_addr
<LI><a href="#[c46578]">&gt;&gt;</a>&nbsp;&nbsp;&nbsp;i2c_lpc_ctrl
<LI><a href="#[c465b4]">&gt;&gt;</a>&nbsp;&nbsp;&nbsp;i2c_lpc_stop
<LI><a href="#[c465f0]">&gt;&gt;</a>&nbsp;&nbsp;&nbsp;i2c_lpc_wr_byte
</UL>

<P><STRONG><a name="[c46230]"></a>lm75_write_cfg</STRONG> (ARM, 120 bytes, Stack size 32 bytes, i2c.o(.text), UNUSED)
<BR><BR>[Calls]<UL><LI><a href="#[c46410]">&gt;&gt;</a>&nbsp;&nbsp;&nbsp;lm75_set_addr
<LI><a href="#[c46578]">&gt;&gt;</a>&nbsp;&nbsp;&nbsp;i2c_lpc_ctrl
<LI><a href="#[c465b4]">&gt;&gt;</a>&nbsp;&nbsp;&nbsp;i2c_lpc_stop
<LI><a href="#[c465f0]">&gt;&gt;</a>&nbsp;&nbsp;&nbsp;i2c_lpc_wr_byte
</UL>
<BR>[Called By]<UL><LI><a href="#[c461f4]">&gt;&gt;</a>&nbsp;&nbsp;&nbsp;lm75_init
</UL>

<P><STRONG><a name="[c461f4]"></a>lm75_init</STRONG> (ARM, 28 bytes, Stack size 8 bytes, i2c.o(.text), UNUSED)
<BR><BR>[Calls]<UL><LI><a href="#[c46230]">&gt;&gt;</a>&nbsp;&nbsp;&nbsp;lm75_write_cfg
</UL>

<P><STRONG><a name="[c461b8]"></a>lm75_get_temp</STRONG> (ARM, 36 bytes, Stack size 16 bytes, i2c.o(.text), UNUSED)
<BR><BR>[Calls]<UL><LI><a href="#[c462e4]">&gt;&gt;</a>&nbsp;&nbsp;&nbsp;lm75_read16
</UL>

<P><STRONG><a name="[c4617c]"></a>pca9555_write</STRONG> (ARM, 84 bytes, Stack size 24 bytes, i2c.o(.text), UNUSED)
<BR><BR>[Calls]<UL><LI><a href="#[c46578]">&gt;&gt;</a>&nbsp;&nbsp;&nbsp;i2c_lpc_ctrl
<LI><a href="#[c465b4]">&gt;&gt;</a>&nbsp;&nbsp;&nbsp;i2c_lpc_stop
<LI><a href="#[c465f0]">&gt;&gt;</a>&nbsp;&nbsp;&nbsp;i2c_lpc_wr_byte
</UL>

<P><STRONG><a name="[c46140]"></a>pca9555_read</STRONG> (ARM, 148 bytes, Stack size 32 bytes, i2c.o(.text), UNUSED)
<BR><BR>[Calls]<UL><LI><a href="#[c4653c]">&gt;&gt;</a>&nbsp;&nbsp;&nbsp;i2c_lpc_rx_to_buf
<LI><a href="#[c46578]">&gt;&gt;</a>&nbsp;&nbsp;&nbsp;i2c_lpc_ctrl
<LI><a href="#[c465b4]">&gt;&gt;</a>&nbsp;&nbsp;&nbsp;i2c_lpc_stop
<LI><a href="#[c465f0]">&gt;&gt;</a>&nbsp;&nbsp;&nbsp;i2c_lpc_wr_byte
</UL>

<P><STRONG><a name="[c46104]"></a>ds1307_toBCD</STRONG> (ARM, 64 bytes, Stack size 0 bytes, i2c.o(.text), UNUSED)
<BR><BR>[Called By]<UL><LI><a href="#[c46050]">&gt;&gt;</a>&nbsp;&nbsp;&nbsp;ds1307_set
</UL>

<P><STRONG><a name="[c460c8]"></a>ds1307_fromBCD</STRONG> (ARM, 32 bytes, Stack size 0 bytes, i2c.o(.text), UNUSED)
<BR><BR>[Called By]<UL><LI><a href="#[c45fd8]">&gt;&gt;</a>&nbsp;&nbsp;&nbsp;ds1307_get
</UL>

<P><STRONG><a name="[c4608c]"></a>ds1307_wr_regs</STRONG> (ARM, 104 bytes, Stack size 16 bytes, i2c.o(.text), UNUSED)
<BR><BR>[Calls]<UL><LI><a href="#[c46578]">&gt;&gt;</a>&nbsp;&nbsp;&nbsp;i2c_lpc_ctrl
<LI><a href="#[c465b4]">&gt;&gt;</a>&nbsp;&nbsp;&nbsp;i2c_lpc_stop
<LI><a href="#[c465f0]">&gt;&gt;</a>&nbsp;&nbsp;&nbsp;i2c_lpc_wr_byte
</UL>
<BR>[Called By]<UL><LI><a href="#[c46050]">&gt;&gt;</a>&nbsp;&nbsp;&nbsp;ds1307_set
</UL>

<P><STRONG><a name="[c46050]"></a>ds1307_set</STRONG> (ARM, 164 bytes, Stack size 24 bytes, i2c.o(.text), UNUSED)
<BR><BR>[Calls]<UL><LI><a href="#[c4608c]">&gt;&gt;</a>&nbsp;&nbsp;&nbsp;ds1307_wr_regs
<LI><a href="#[c46104]">&gt;&gt;</a>&nbsp;&nbsp;&nbsp;ds1307_toBCD
<LI><a href="#[c469b0]">&gt;&gt;</a>&nbsp;&nbsp;&nbsp;i2c_lpc_init
</UL>

<P><STRONG><a name="[c46014]"></a>ds1307_rd_regs</STRONG> (ARM, 116 bytes, Stack size 16 bytes, i2c.o(.text), UNUSED)
<BR><BR>[Calls]<UL><LI><a href="#[c4653c]">&gt;&gt;</a>&nbsp;&nbsp;&nbsp;i2c_lpc_rx_to_buf
<LI><a href="#[c46578]">&gt;&gt;</a>&nbsp;&nbsp;&nbsp;i2c_lpc_ctrl
<LI><a href="#[c465b4]">&gt;&gt;</a>&nbsp;&nbsp;&nbsp;i2c_lpc_stop
<LI><a href="#[c465f0]">&gt;&gt;</a>&nbsp;&nbsp;&nbsp;i2c_lpc_wr_byte
</UL>
<BR>[Called By]<UL><LI><a href="#[c45fd8]">&gt;&gt;</a>&nbsp;&nbsp;&nbsp;ds1307_get
</UL>

<P><STRONG><a name="[c45fd8]"></a>ds1307_get</STRONG> (ARM, 204 bytes, Stack size 24 bytes, i2c.o(.text), UNUSED)
<BR><BR>[Calls]<UL><LI><a href="#[c46014]">&gt;&gt;</a>&nbsp;&nbsp;&nbsp;ds1307_rd_regs
<LI><a href="#[c460c8]">&gt;&gt;</a>&nbsp;&nbsp;&nbsp;ds1307_fromBCD
<LI><a href="#[c469b0]">&gt;&gt;</a>&nbsp;&nbsp;&nbsp;i2c_lpc_init
</UL>

<P><STRONG><a name="[c45c18]"></a>delay</STRONG> (ARM, 52 bytes, Stack size 0 bytes, lcd.o(.text))
<BR><BR>[Called By]<UL><LI><a href="#[c45ba0]">&gt;&gt;</a>&nbsp;&nbsp;&nbsp;lcd_command_write
<LI><a href="#[c45bdc]">&gt;&gt;</a>&nbsp;&nbsp;&nbsp;wait_lcd
<LI><a href="#[c46974]">&gt;&gt;</a>&nbsp;&nbsp;&nbsp;init_lcd
</UL>

<P><STRONG><a name="[c45bdc]"></a>wait_lcd</STRONG> (ARM, 108 bytes, Stack size 4 bytes, lcd.o(.text))
<BR><BR>[Stack]<UL><LI>Max Depth = 4<LI>Call Chain = wait_lcd
</UL>
<BR>[Calls]<UL><LI><a href="#[c45c18]">&gt;&gt;</a>&nbsp;&nbsp;&nbsp;delay
</UL>
<BR>[Called By]<UL><LI><a href="#[c45aec]">&gt;&gt;</a>&nbsp;&nbsp;&nbsp;lcd_data_write
<LI><a href="#[c45ba0]">&gt;&gt;</a>&nbsp;&nbsp;&nbsp;lcd_command_write
</UL>

<P><STRONG><a name="[c45ba0]"></a>lcd_command_write</STRONG> (ARM, 212 bytes, Stack size 16 bytes, lcd.o(.text))
<BR><BR>[Stack]<UL><LI>Max Depth = 20<LI>Call Chain = lcd_command_write &rArr; wait_lcd
</UL>
<BR>[Calls]<UL><LI><a href="#[c45bdc]">&gt;&gt;</a>&nbsp;&nbsp;&nbsp;wait_lcd
<LI><a href="#[c45c18]">&gt;&gt;</a>&nbsp;&nbsp;&nbsp;delay
</UL>
<BR>[Called By]<UL><LI><a href="#[c45b28]">&gt;&gt;</a>&nbsp;&nbsp;&nbsp;lcd_gotoxy
<LI><a href="#[c46938]">&gt;&gt;</a>&nbsp;&nbsp;&nbsp;lcd_clear
<LI><a href="#[c46974]">&gt;&gt;</a>&nbsp;&nbsp;&nbsp;init_lcd
</UL>

<P><STRONG><a name="[c45b64]"></a>set_lcd_port_output</STRONG> (ARM, 56 bytes, Stack size 0 bytes, lcd.o(.text))
<BR><BR>[Called By]<UL><LI><a href="#[c46974]">&gt;&gt;</a>&nbsp;&nbsp;&nbsp;init_lcd
</UL>

<P><STRONG><a name="[c46938]"></a>lcd_clear</STRONG> (ARM, 16 bytes, Stack size 4 bytes, lcd.o(.text))
<BR><BR>[Stack]<UL><LI>Max Depth = 24<LI>Call Chain = lcd_clear &rArr; lcd_command_write &rArr; wait_lcd
</UL>
<BR>[Calls]<UL><LI><a href="#[c45ba0]">&gt;&gt;</a>&nbsp;&nbsp;&nbsp;lcd_command_write
</UL>
<BR>[Called By]<UL><LI><a href="#[c46974]">&gt;&gt;</a>&nbsp;&nbsp;&nbsp;init_lcd
<LI><a href="#[c469ec]">&gt;&gt;</a>&nbsp;&nbsp;&nbsp;main
<LI><a href="#[c46a28]">&gt;&gt;</a>&nbsp;&nbsp;&nbsp;test_i2c_at24c04_flash
</UL>

<P><STRONG><a name="[c45b28]"></a>lcd_gotoxy</STRONG> (ARM, 92 bytes, Stack size 16 bytes, lcd.o(.text))
<BR><BR>[Stack]<UL><LI>Max Depth = 36<LI>Call Chain = lcd_gotoxy &rArr; lcd_command_write &rArr; wait_lcd
</UL>
<BR>[Calls]<UL><LI><a href="#[c45ba0]">&gt;&gt;</a>&nbsp;&nbsp;&nbsp;lcd_command_write
</UL>
<BR>[Called By]<UL><LI><a href="#[c468fc]">&gt;&gt;</a>&nbsp;&nbsp;&nbsp;lcd_putstring
<LI><a href="#[c46974]">&gt;&gt;</a>&nbsp;&nbsp;&nbsp;init_lcd
</UL>

<P><STRONG><a name="[c45aec]"></a>lcd_data_write</STRONG> (ARM, 160 bytes, Stack size 16 bytes, lcd.o(.text))
<BR><BR>[Stack]<UL><LI>Max Depth = 20<LI>Call Chain = lcd_data_write &rArr; wait_lcd
</UL>
<BR>[Calls]<UL><LI><a href="#[c45bdc]">&gt;&gt;</a>&nbsp;&nbsp;&nbsp;wait_lcd
</UL>
<BR>[Called By]<UL><LI><a href="#[c45ab0]">&gt;&gt;</a>&nbsp;&nbsp;&nbsp;lcd_putchar
</UL>

<P><STRONG><a name="[c45ab0]"></a>lcd_putchar</STRONG> (ARM, 20 bytes, Stack size 8 bytes, lcd.o(.text))
<BR><BR>[Stack]<UL><LI>Max Depth = 28<LI>Call Chain = lcd_putchar &rArr; lcd_data_write &rArr; wait_lcd
</UL>
<BR>[Calls]<UL><LI><a href="#[c45aec]">&gt;&gt;</a>&nbsp;&nbsp;&nbsp;lcd_data_write
</UL>
<BR>[Called By]<UL><LI><a href="#[c468fc]">&gt;&gt;</a>&nbsp;&nbsp;&nbsp;lcd_putstring
</UL>

<P><STRONG><a name="[c468fc]"></a>lcd_putstring</STRONG> (ARM, 76 bytes, Stack size 16 bytes, lcd.o(.text))
<BR><BR>[Stack]<UL><LI>Max Depth = 52<LI>Call Chain = lcd_putstring &rArr; lcd_gotoxy &rArr; lcd_command_write &rArr; wait_lcd
</UL>
<BR>[Calls]<UL><LI><a href="#[c45ab0]">&gt;&gt;</a>&nbsp;&nbsp;&nbsp;lcd_putchar
<LI><a href="#[c45b28]">&gt;&gt;</a>&nbsp;&nbsp;&nbsp;lcd_gotoxy
</UL>
<BR>[Called By]<UL><LI><a href="#[c46974]">&gt;&gt;</a>&nbsp;&nbsp;&nbsp;init_lcd
<LI><a href="#[c46a28]">&gt;&gt;</a>&nbsp;&nbsp;&nbsp;test_i2c_at24c04_flash
</UL>

<P><STRONG><a name="[c45a74]"></a>lcd_backlight_on</STRONG> (ARM, 40 bytes, Stack size 0 bytes, lcd.o(.text), UNUSED)

<P><STRONG><a name="[c45a38]"></a>turn_off_lcd_back_light_cb</STRONG> (ARM, 40 bytes, Stack size 0 bytes, lcd.o(.text), UNUSED)

<P><STRONG><a name="[c46974]"></a>init_lcd</STRONG> (ARM, 96 bytes, Stack size 4 bytes, lcd.o(.text))
<BR><BR>[Stack]<UL><LI>Max Depth = 56<LI>Call Chain = init_lcd &rArr; lcd_putstring &rArr; lcd_gotoxy &rArr; lcd_command_write &rArr; wait_lcd
</UL>
<BR>[Calls]<UL><LI><a href="#[c45b28]">&gt;&gt;</a>&nbsp;&nbsp;&nbsp;lcd_gotoxy
<LI><a href="#[c45b64]">&gt;&gt;</a>&nbsp;&nbsp;&nbsp;set_lcd_port_output
<LI><a href="#[c45ba0]">&gt;&gt;</a>&nbsp;&nbsp;&nbsp;lcd_command_write
<LI><a href="#[c45c18]">&gt;&gt;</a>&nbsp;&nbsp;&nbsp;delay
<LI><a href="#[c468fc]">&gt;&gt;</a>&nbsp;&nbsp;&nbsp;lcd_putstring
<LI><a href="#[c46938]">&gt;&gt;</a>&nbsp;&nbsp;&nbsp;lcd_clear
</UL>
<BR>[Called By]<UL><LI><a href="#[c469ec]">&gt;&gt;</a>&nbsp;&nbsp;&nbsp;main
</UL>

<P><STRONG><a name="[c4563c]"></a>__aeabi_idiv</STRONG> (ARM, 0 bytes, Stack size 16 bytes, idiv.o(.text), UNUSED)

<P><STRONG><a name="[c45600]"></a>__aeabi_idivmod</STRONG> (ARM, 60 bytes, Stack size 16 bytes, idiv.o(.text))
<BR><BR>[Stack]<UL><LI>Max Depth = 20<LI>Call Chain = __aeabi_idivmod &rArr; __aeabi_uidivmod
</UL>
<BR>[Calls]<UL><LI><a href="#[c44ef8]">&gt;&gt;</a>&nbsp;&nbsp;&nbsp;__aeabi_uidivmod
</UL>
<BR>[Called By]<UL><LI><a href="#[c46884]">&gt;&gt;</a>&nbsp;&nbsp;&nbsp;m24xx_write
</UL>

<P><STRONG><a name="[c44f34]"></a>__aeabi_uidiv</STRONG> (ARM, 0 bytes, Stack size 4 bytes, uidiv.o(.text), UNUSED)

<P><STRONG><a name="[c44ef8]"></a>__aeabi_uidivmod</STRONG> (ARM, 60 bytes, Stack size 4 bytes, uidiv.o(.text))
<BR><BR>[Stack]<UL><LI>Max Depth = 4<LI>Call Chain = __aeabi_uidivmod
</UL>
<BR>[Called By]<UL><LI><a href="#[c45600]">&gt;&gt;</a>&nbsp;&nbsp;&nbsp;__aeabi_idivmod
</UL>

<P><STRONG><a name="[c44e08]"></a>__scatterload</STRONG> (ARM, 40 bytes, Stack size 0 bytes, init.o(.text))
<BR><BR>[Calls]<UL><LI><a href="#[c45150]">&gt;&gt;</a>&nbsp;&nbsp;&nbsp;__main_after_scatterload
</UL>
<BR>[Called By]<UL><LI><a href="#[c4518c]">&gt;&gt;</a>&nbsp;&nbsp;&nbsp;_main_scatterload
</UL>

<P><STRONG><a name="[c44dcc]"></a>__scatterload_rt2</STRONG> (ARM, 0 bytes, Stack size 0 bytes, init.o(.text), UNUSED)

<P><STRONG><a name="[c44a84]"></a>__scatterload_copy</STRONG> (ARM, 24 bytes, Stack size unknown bytes, handlers.o(i.__scatterload_copy), UNUSED)
<BR><BR>[Calls]<UL><LI><a href="#[c44a84]">&gt;&gt;</a>&nbsp;&nbsp;&nbsp;__scatterload_copy
</UL>
<BR>[Called By]<UL><LI><a href="#[c44a84]">&gt;&gt;</a>&nbsp;&nbsp;&nbsp;__scatterload_copy
</UL>

<P><STRONG><a name="[c44a48]"></a>__scatterload_null</STRONG> (ARM, 4 bytes, Stack size unknown bytes, handlers.o(i.__scatterload_null), UNUSED)

<P><STRONG><a name="[c44a0c]"></a>__scatterload_zeroinit</STRONG> (ARM, 24 bytes, Stack size unknown bytes, handlers.o(i.__scatterload_zeroinit), UNUSED)
<P>
<H3>
Local Symbols
</H3>
<P><STRONG><a name="[c478b0]"></a>Undef_Handler</STRONG> (ARM, 4 bytes, Stack size unknown bytes, startup.o(RESET))
<BR><BR>[Calls]<UL><LI><a href="#[c478b0]">&gt;&gt;</a>&nbsp;&nbsp;&nbsp;Undef_Handler
</UL>
<BR>[Called By]<UL><LI><a href="#[c478b0]">&gt;&gt;</a>&nbsp;&nbsp;&nbsp;Undef_Handler
</UL>
<BR>[Address Reference Count : 1]<UL><LI> startup.o(RESET)
</UL>
<P><STRONG><a name="[c47874]"></a>SWI_Handler</STRONG> (ARM, 4 bytes, Stack size unknown bytes, startup.o(RESET))
<BR><BR>[Calls]<UL><LI><a href="#[c47874]">&gt;&gt;</a>&nbsp;&nbsp;&nbsp;SWI_Handler
</UL>
<BR>[Called By]<UL><LI><a href="#[c47874]">&gt;&gt;</a>&nbsp;&nbsp;&nbsp;SWI_Handler
</UL>
<BR>[Address Reference Count : 1]<UL><LI> startup.o(RESET)
</UL>
<P><STRONG><a name="[c47838]"></a>PAbt_Handler</STRONG> (ARM, 4 bytes, Stack size unknown bytes, startup.o(RESET))
<BR><BR>[Calls]<UL><LI><a href="#[c47838]">&gt;&gt;</a>&nbsp;&nbsp;&nbsp;PAbt_Handler
</UL>
<BR>[Called By]<UL><LI><a href="#[c47838]">&gt;&gt;</a>&nbsp;&nbsp;&nbsp;PAbt_Handler
</UL>
<BR>[Address Reference Count : 1]<UL><LI> startup.o(RESET)
</UL>
<P><STRONG><a name="[c477fc]"></a>DAbt_Handler</STRONG> (ARM, 4 bytes, Stack size unknown bytes, startup.o(RESET))
<BR><BR>[Calls]<UL><LI><a href="#[c477fc]">&gt;&gt;</a>&nbsp;&nbsp;&nbsp;DAbt_Handler
</UL>
<BR>[Called By]<UL><LI><a href="#[c477fc]">&gt;&gt;</a>&nbsp;&nbsp;&nbsp;DAbt_Handler
</UL>
<BR>[Address Reference Count : 1]<UL><LI> startup.o(RESET)
</UL>
<P><STRONG><a name="[c477c0]"></a>IRQ_Handler</STRONG> (ARM, 4 bytes, Stack size unknown bytes, startup.o(RESET))
<BR><BR>[Calls]<UL><LI><a href="#[c477c0]">&gt;&gt;</a>&nbsp;&nbsp;&nbsp;IRQ_Handler
</UL>
<BR>[Called By]<UL><LI><a href="#[c477c0]">&gt;&gt;</a>&nbsp;&nbsp;&nbsp;IRQ_Handler
</UL>
<BR>[Address Reference Count : 1]<UL><LI> startup.o(RESET)
</UL>
<P><STRONG><a name="[c47784]"></a>FIQ_Handler</STRONG> (ARM, 4 bytes, Stack size unknown bytes, startup.o(RESET))
<BR><BR>[Calls]<UL><LI><a href="#[c47784]">&gt;&gt;</a>&nbsp;&nbsp;&nbsp;FIQ_Handler
</UL>
<BR>[Called By]<UL><LI><a href="#[c47784]">&gt;&gt;</a>&nbsp;&nbsp;&nbsp;FIQ_Handler
</UL>
<BR>[Address Reference Count : 1]<UL><LI> startup.o(RESET)
</UL>
<P><STRONG><a name="[c465f0]"></a>i2c_lpc_wr_byte</STRONG> (ARM, 40 bytes, Stack size 0 bytes, i2c.o(.text))
<BR><BR>[Called By]<UL><LI><a href="#[c46014]">&gt;&gt;</a>&nbsp;&nbsp;&nbsp;ds1307_rd_regs
<LI><a href="#[c4608c]">&gt;&gt;</a>&nbsp;&nbsp;&nbsp;ds1307_wr_regs
<LI><a href="#[c46140]">&gt;&gt;</a>&nbsp;&nbsp;&nbsp;pca9555_read
<LI><a href="#[c4617c]">&gt;&gt;</a>&nbsp;&nbsp;&nbsp;pca9555_write
<LI><a href="#[c46230]">&gt;&gt;</a>&nbsp;&nbsp;&nbsp;lm75_write_cfg
<LI><a href="#[c4626c]">&gt;&gt;</a>&nbsp;&nbsp;&nbsp;lm75_write16
<LI><a href="#[c462a8]">&gt;&gt;</a>&nbsp;&nbsp;&nbsp;lm75_read_cfg
<LI><a href="#[c462e4]">&gt;&gt;</a>&nbsp;&nbsp;&nbsp;lm75_read16
<LI><a href="#[c4644c]">&gt;&gt;</a>&nbsp;&nbsp;&nbsp;i2c_lpc_m24xx_wr
<LI><a href="#[c468c0]">&gt;&gt;</a>&nbsp;&nbsp;&nbsp;m24xx_read
</UL>

<P><STRONG><a name="[c465b4]"></a>i2c_lpc_stop</STRONG> (ARM, 32 bytes, Stack size 0 bytes, i2c.o(.text))
<BR><BR>[Called By]<UL><LI><a href="#[c46014]">&gt;&gt;</a>&nbsp;&nbsp;&nbsp;ds1307_rd_regs
<LI><a href="#[c4608c]">&gt;&gt;</a>&nbsp;&nbsp;&nbsp;ds1307_wr_regs
<LI><a href="#[c46140]">&gt;&gt;</a>&nbsp;&nbsp;&nbsp;pca9555_read
<LI><a href="#[c4617c]">&gt;&gt;</a>&nbsp;&nbsp;&nbsp;pca9555_write
<LI><a href="#[c46230]">&gt;&gt;</a>&nbsp;&nbsp;&nbsp;lm75_write_cfg
<LI><a href="#[c4626c]">&gt;&gt;</a>&nbsp;&nbsp;&nbsp;lm75_write16
<LI><a href="#[c462a8]">&gt;&gt;</a>&nbsp;&nbsp;&nbsp;lm75_read_cfg
<LI><a href="#[c462e4]">&gt;&gt;</a>&nbsp;&nbsp;&nbsp;lm75_read16
<LI><a href="#[c4644c]">&gt;&gt;</a>&nbsp;&nbsp;&nbsp;i2c_lpc_m24xx_wr
<LI><a href="#[c46578]">&gt;&gt;</a>&nbsp;&nbsp;&nbsp;i2c_lpc_ctrl
<LI><a href="#[c468c0]">&gt;&gt;</a>&nbsp;&nbsp;&nbsp;m24xx_read
</UL>

<P><STRONG><a name="[c46578]"></a>i2c_lpc_ctrl</STRONG> (ARM, 148 bytes, Stack size 16 bytes, i2c.o(.text))
<BR><BR>[Stack]<UL><LI>Max Depth = 16<LI>Call Chain = i2c_lpc_ctrl
</UL>
<BR>[Calls]<UL><LI><a href="#[c465b4]">&gt;&gt;</a>&nbsp;&nbsp;&nbsp;i2c_lpc_stop
</UL>
<BR>[Called By]<UL><LI><a href="#[c46014]">&gt;&gt;</a>&nbsp;&nbsp;&nbsp;ds1307_rd_regs
<LI><a href="#[c4608c]">&gt;&gt;</a>&nbsp;&nbsp;&nbsp;ds1307_wr_regs
<LI><a href="#[c46140]">&gt;&gt;</a>&nbsp;&nbsp;&nbsp;pca9555_read
<LI><a href="#[c4617c]">&gt;&gt;</a>&nbsp;&nbsp;&nbsp;pca9555_write
<LI><a href="#[c46230]">&gt;&gt;</a>&nbsp;&nbsp;&nbsp;lm75_write_cfg
<LI><a href="#[c4626c]">&gt;&gt;</a>&nbsp;&nbsp;&nbsp;lm75_write16
<LI><a href="#[c462a8]">&gt;&gt;</a>&nbsp;&nbsp;&nbsp;lm75_read_cfg
<LI><a href="#[c462e4]">&gt;&gt;</a>&nbsp;&nbsp;&nbsp;lm75_read16
<LI><a href="#[c4644c]">&gt;&gt;</a>&nbsp;&nbsp;&nbsp;i2c_lpc_m24xx_wr
<LI><a href="#[c468c0]">&gt;&gt;</a>&nbsp;&nbsp;&nbsp;m24xx_read
</UL>

<P><STRONG><a name="[c4653c]"></a>i2c_lpc_rx_to_buf</STRONG> (ARM, 248 bytes, Stack size 0 bytes, i2c.o(.text))
<BR><BR>[Called By]<UL><LI><a href="#[c46014]">&gt;&gt;</a>&nbsp;&nbsp;&nbsp;ds1307_rd_regs
<LI><a href="#[c46140]">&gt;&gt;</a>&nbsp;&nbsp;&nbsp;pca9555_read
<LI><a href="#[c462a8]">&gt;&gt;</a>&nbsp;&nbsp;&nbsp;lm75_read_cfg
<LI><a href="#[c462e4]">&gt;&gt;</a>&nbsp;&nbsp;&nbsp;lm75_read16
<LI><a href="#[c468c0]">&gt;&gt;</a>&nbsp;&nbsp;&nbsp;m24xx_read
</UL>

<P><STRONG><a name="[c46500]"></a>i2c_lpc_ask_polling_op</STRONG> (ARM, 160 bytes, Stack size 0 bytes, i2c.o(.text))
<BR><BR>[Called By]<UL><LI><a href="#[c4644c]">&gt;&gt;</a>&nbsp;&nbsp;&nbsp;i2c_lpc_m24xx_wr
</UL>

<P><STRONG><a name="[c464c4]"></a>m24xx_page_size</STRONG> (ARM, 344 bytes, Stack size 4 bytes, i2c.o(.text))
<BR><BR>[Stack]<UL><LI>Max Depth = 4<LI>Call Chain = m24xx_page_size
</UL>
<BR>[Called By]<UL><LI><a href="#[c46884]">&gt;&gt;</a>&nbsp;&nbsp;&nbsp;m24xx_write
<LI><a href="#[c468c0]">&gt;&gt;</a>&nbsp;&nbsp;&nbsp;m24xx_read
</UL>

<P><STRONG><a name="[c46488]"></a>m24xx_set_addr</STRONG> (ARM, 404 bytes, Stack size 24 bytes, i2c.o(.text))
<BR><BR>[Stack]<UL><LI>Max Depth = 24<LI>Call Chain = m24xx_set_addr
</UL>
<BR>[Called By]<UL><LI><a href="#[c4644c]">&gt;&gt;</a>&nbsp;&nbsp;&nbsp;i2c_lpc_m24xx_wr
<LI><a href="#[c468c0]">&gt;&gt;</a>&nbsp;&nbsp;&nbsp;m24xx_read
</UL>

<P><STRONG><a name="[c4644c]"></a>i2c_lpc_m24xx_wr</STRONG> (ARM, 196 bytes, Stack size 48 bytes, i2c.o(.text))
<BR><BR>[Stack]<UL><LI>Max Depth = 72<LI>Call Chain = i2c_lpc_m24xx_wr &rArr; m24xx_set_addr
</UL>
<BR>[Calls]<UL><LI><a href="#[c46488]">&gt;&gt;</a>&nbsp;&nbsp;&nbsp;m24xx_set_addr
<LI><a href="#[c46500]">&gt;&gt;</a>&nbsp;&nbsp;&nbsp;i2c_lpc_ask_polling_op
<LI><a href="#[c46578]">&gt;&gt;</a>&nbsp;&nbsp;&nbsp;i2c_lpc_ctrl
<LI><a href="#[c465b4]">&gt;&gt;</a>&nbsp;&nbsp;&nbsp;i2c_lpc_stop
<LI><a href="#[c465f0]">&gt;&gt;</a>&nbsp;&nbsp;&nbsp;i2c_lpc_wr_byte
</UL>
<BR>[Called By]<UL><LI><a href="#[c46884]">&gt;&gt;</a>&nbsp;&nbsp;&nbsp;m24xx_write
</UL>

<P><STRONG><a name="[c46410]"></a>lm75_set_addr</STRONG> (ARM, 160 bytes, Stack size 12 bytes, i2c.o(.text), UNUSED)
<BR><BR>[Called By]<UL><LI><a href="#[c46230]">&gt;&gt;</a>&nbsp;&nbsp;&nbsp;lm75_write_cfg
<LI><a href="#[c4626c]">&gt;&gt;</a>&nbsp;&nbsp;&nbsp;lm75_write16
<LI><a href="#[c462a8]">&gt;&gt;</a>&nbsp;&nbsp;&nbsp;lm75_read_cfg
<LI><a href="#[c462e4]">&gt;&gt;</a>&nbsp;&nbsp;&nbsp;lm75_read16
</UL>
<P>
<H3>
Undefined Global Symbols
</H3><HR></body></html>
