<html>
<body>
<pre>
<h1>µVision Build Log</h1>
<h2>Project:</h2>
G:\ARM WS JRM Tech\Source Codes\Exp12 I2C_Serial_EEPROM\I2C_Serial_EEPROM.uvproj
Project File Date:  12/10/2010

<h2>Output:</h2>
Build target 'LPC2100'
assembling Startup.s...
compiling Retarget.c...
compiling main.c...
compiling i2c.c...
compiling lcd.c...
lcd.c(52): warning:  #61-D: integer operation result is out of range
lcd.c(52): warning:  #68-D: integer conversion resulted in a change of sign
lcd.c(55): warning:  #61-D: integer operation result is out of range
lcd.c(67): warning:  #61-D: integer operation result is out of range
lcd.c(71): warning:  #61-D: integer operation result is out of range
lcd.c(78): warning:  #61-D: integer operation result is out of range
lcd.c(83): warning:  #61-D: integer operation result is out of range
lcd.c(94): warning:  #61-D: integer operation result is out of range
lcd.c(128): warning:  #61-D: integer operation result is out of range
lcd.c(131): warning:  #61-D: integer operation result is out of range
lcd.c(137): warning:  #61-D: integer operation result is out of range
lcd.c(140): warning:  #61-D: integer operation result is out of range
linking...
Program Size: Code=5992 RO-data=16 RW-data=0 ZI-data=1160  
FromELF: creating hex file...
".\Obj\I2C_Serial_EEPROM.axf" - 0 Error(s), 12 Warning(s).
Build target 'LPC2100'
assembling Startup.s...
compiling Retarget.c...
compiling main.c...
compiling i2c.c...
compiling lcd.c...
lcd.c(52): warning:  #61-D: integer operation result is out of range
lcd.c(52): warning:  #68-D: integer conversion resulted in a change of sign
lcd.c(55): warning:  #61-D: integer operation result is out of range
lcd.c(67): warning:  #61-D: integer operation result is out of range
lcd.c(71): warning:  #61-D: integer operation result is out of range
lcd.c(78): warning:  #61-D: integer operation result is out of range
lcd.c(83): warning:  #61-D: integer operation result is out of range
lcd.c(94): warning:  #61-D: integer operation result is out of range
lcd.c(128): warning:  #61-D: integer operation result is out of range
lcd.c(131): warning:  #61-D: integer operation result is out of range
lcd.c(137): warning:  #61-D: integer operation result is out of range
lcd.c(140): warning:  #61-D: integer operation result is out of range
linking...
Program Size: Code=5992 RO-data=16 RW-data=0 ZI-data=1160  
FromELF: creating hex file...
".\Obj\I2C_Serial_EEPROM.axf" - 0 Error(s), 12 Warning(s).
