<html>
<body>
<pre>
<h1>µVision Build Log</h1>
<h2>Project:</h2>
G:\001 - jarm7board\JARM7-KIT-CD\Source\Experiments\JRM_STEPPER-BUZZER-RELAY\STEPPER-BUZZER-RELAY.uvproj
Project File Date:  12/15/2010

<h2>Output:</h2>
Build target 'Target 1'
assembling Startup.s...
compiling STEP-RELAY-BUZ.C...
STEP-RELAY-BUZ.C(11): warning:  #940-D: missing return statement at end of non-void function "wait"
STEP-RELAY-BUZ.C(40): warning:  #940-D: missing return statement at end of non-void function "relay_buzzer"
STEP-RELAY-BUZ.C(66): warning:  #940-D: missing return statement at end of non-void function "stepper_forward"
STEP-RELAY-BUZ.C(91): warning:  #940-D: missing return statement at end of non-void function "stepper_reverse"
linking...
Program Size: Code=1072 RO-data=16 RW-data=0 ZI-data=1160  
FromELF: creating hex file...
"STEPPER-BUZZER-RELAY.axf" - 0 Error(s), 4 Warning(s).
