<html>
<body>
<pre>
<h1>µVision Build Log</h1>
<h2>Project:</h2>
G:\001 - jarm7board\JARM7-KIT-CD\Source\Experiments\JRM_ADC\DEMO.uvproj
Project File Date:  12/10/2009

<h2>Output:</h2>
Build target 'DEMO'
assembling Startup.s...
compiling Retarget.c...
compiling DEMO.c...
linking...
Program Size: Code=1980 RO-data=16 RW-data=0 ZI-data=1256  
FromELF: creating hex file...
".\OBJ\DEMO.axf" - 0 Error(s), 0 Warning(s).
Build target 'DEMO'
assembling Startup.s...
compiling Retarget.c...
compiling DEMO.c...
linking...
Program Size: Code=1980 RO-data=16 RW-data=0 ZI-data=1256  
FromELF: creating hex file...
".\OBJ\DEMO.axf" - 0 Error(s), 0 Warning(s).
