<html>
<body>
<pre>
<h1>µVision Build Log</h1>
<h2>Tool Versions:</h2>
IDE-Version: µVision V5.14.0.0
Copyright (C) 2015 ARM Ltd and ARM Germany GmbH. All rights reserved.
License Information: Ajinkya Gorad, Hewlett-Packard, LIC=----
 
Tool Versions:
Toolchain:       MDK-Lite  Version: 5.14.0.0
Toolchain Path:  C:\Keil_v5\ARM\ARMCC\Bin
C Compiler:      Armcc.exe V5.05 update 1 (build 106)
Assembler:       Armasm.exe V5.05 update 1 (build 106)
Linker/Locator:  ArmLink.exe V5.05 update 1 (build 106)
Library Manager: ArmAr.exe V5.05 update 1 (build 106)
Hex Converter:   FromElf.exe V5.05 update 1 (build 106)
CPU DLL:         SARM.DLL V5.14.0.0
Dialog DLL:      DARMP.DLL V1.51
Target DLL:      UL2ARM.DLL V1.74.5.0
Dialog DLL:      TARMP.DLL V1.51
 
<h2>Project:</h2>
C:\Users\Ajinkya\Documents\ARM\Dev\Dev.uvproj
Project File Date:  03/13/2015

<h2>Output:</h2>
Rebuild target 'LPC2148'
assembling Startup.s...
compiling main.cpp...
pin.h(22): warning:  #1-D: last line of file ends without a newline
  #endif
spi.h(39): warning:  #1-D: last line of file ends without a newline
  #endif
delay.h(19): warning:  #1-D: last line of file ends without a newline
  #endif
spi1.h(32): warning:  #1-D: last line of file ends without a newline
  #endif
ILI9225.h(306): warning:  #1-D: last line of file ends without a newline
  #endif
main.cpp(26): warning:  #177-D: variable "i" was declared but never referenced
        unsigned int i=50;
main.cpp(27): warning:  #177-D: variable "str" was declared but never referenced
        char str[]="Hello Universe";
main.cpp(28): warning:  #177-D: variable "p" was declared but never referenced
        int p=1;
main.cpp: 8 warnings, 0 errors
compiling sampleProgram.cpp...
sampleProgram.cpp(19): warning:  #1-D: last line of file ends without a newline
  #endif
sampleProgram.cpp: 1 warning, 0 errors
compiling uart.cpp...
uart.cpp(73): warning:  #1-D: last line of file ends without a newline
  }
uart.cpp: 1 warning, 0 errors
compiling adc.cpp...
adc.cpp(1): warning:  #1-D: last line of file ends without a newline
  //adc library
adc.cpp: 1 warning, 0 errors
compiling spi.cpp...
pin.h(22): warning:  #1-D: last line of file ends without a newline
  #endif
spi.h(39): warning:  #1-D: last line of file ends without a newline
  #endif
spi.cpp: 2 warnings, 0 errors
compiling pll.cpp...
compiling interrupt.cpp...
compiling delay.cpp...
delay.h(19): warning:  #1-D: last line of file ends without a newline
  #endif
delay.cpp: 1 warning, 0 errors
compiling pin.cpp...
pin.h(22): warning:  #1-D: last line of file ends without a newline
  #endif
pin.cpp: 1 warning, 0 errors
compiling ILI9229.cpp...
pin.h(22): warning:  #1-D: last line of file ends without a newline
  #endif
spi.h(39): warning:  #1-D: last line of file ends without a newline
  #endif
spi1.h(32): warning:  #1-D: last line of file ends without a newline
  #endif
delay.h(19): warning:  #1-D: last line of file ends without a newline
  #endif
ILI9225.h(306): warning:  #1-D: last line of file ends without a newline
  #endif
ILI9229.cpp(273): warning:  #68-D: integer conversion resulted in a change of sign
        int ddF_y = -2 * r;
ILI9229.cpp(375): warning:  #186-D: pointless comparison of unsigned integer with zero
        if((x1 < 0) || (x1 >= _maxX) || (y1 < 0) || (y1 >= _maxY)) return;
ILI9229.cpp(375): warning:  #186-D: pointless comparison of unsigned integer with zero
        if((x1 < 0) || (x1 >= _maxX) || (y1 < 0) || (y1 >= _maxY)) return;
ILI9229.cpp(616): warning:  #177-D: variable "k" was declared but never referenced
        char h, i, j, k;
ILI9229.cpp: 9 warnings, 0 errors
compiling spi1.cpp...
spi1.h(32): warning:  #1-D: last line of file ends without a newline
  #endif
spi1.cpp(37): warning:  #940-D: missing return statement at end of non-void function "spi1::rw"
  }
spi1.cpp(49): warning:  #1-D: last line of file ends without a newline
  }
spi1.cpp: 3 warnings, 0 errors
linking...
Program Size: Code=7092 RO-data=696 RW-data=0 ZI-data=1280  
FromELF: creating hex file...
".\Objects\Dev.axf" - 0 Error(s), 27 Warning(s).
</pre>
</body>
</html>
