<html>
<body>
<pre>
<h1>µVision Build Log</h1>
<h2>Project:</h2>
G:\001 - jarm7board\JARM7-KIT-CD\Source\Experiments\JRM_Exp1 InlineAsm\Inline.uvproj
Project File Date:  <unknown>

<h2>Output:</h2>
Build target 'LPC2100'
assembling Startup.s...
compiling Retarget.c...
compiling Serial.c...
compiling Inline.c...
linking...
Program Size: Code=1696 RO-data=32 RW-data=4 ZI-data=1164  
FromELF: creating hex file...
".\Obj\Inline.axf" - 0 Error(s), 0 Warning(s).
Build target 'LPC2100'
assembling Startup.s...
compiling Retarget.c...
compiling Serial.c...
compiling Inline.c...
linking...
Program Size: Code=1696 RO-data=32 RW-data=4 ZI-data=1164  
FromELF: creating hex file...
".\Obj\Inline.axf" - 0 Error(s), 0 Warning(s).
