<html>
<body>
<pre>
<h1>µVision Build Log</h1>
<h2>Project:</h2>
G:\001 - jarm7board\JARM7-KIT-CD\Source\Experiments\JRM_4x4MatrixKeypad\4x4MatrixKeypad.uvproj
Project File Date:  10/11/2010

<h2>Output:</h2>
Build target 'LPC2100'
assembling Startup.s...
compiling Retarget.c...
compiling main.c...
compiling buzzer.c...
compiling keypad.c...
compiling lcd.c...
lcd.c(52): warning:  #61-D: integer operation result is out of range
lcd.c(52): warning:  #68-D: integer conversion resulted in a change of sign
lcd.c(55): warning:  #61-D: integer operation result is out of range
lcd.c(67): warning:  #61-D: integer operation result is out of range
lcd.c(71): warning:  #61-D: integer operation result is out of range
lcd.c(78): warning:  #61-D: integer operation result is out of range
lcd.c(83): warning:  #61-D: integer operation result is out of range
lcd.c(94): warning:  #61-D: integer operation result is out of range
lcd.c(128): warning:  #61-D: integer operation result is out of range
lcd.c(131): warning:  #61-D: integer operation result is out of range
lcd.c(137): warning:  #61-D: integer operation result is out of range
lcd.c(140): warning:  #61-D: integer operation result is out of range
compiling keypad_isr.c...
linking...
Program Size: Code=2864 RO-data=32 RW-data=20 ZI-data=1164  
FromELF: creating hex file...
".\Obj\4x4MatrixKeypad.axf" - 0 Error(s), 12 Warning(s).
