ARM Linker, RVCT4.0 [Build 524] for uVision [Evaluation]

==============================================================================

Section Cross References

    app.o(.text) refers to lcd_app.o(.text) for put_pixel
    app.o(.text) refers to bsp.o(.text) for BSP_Init
    app.o(.text) refers to 64x128glcd.o(.text) for LCD_INIT
    app.o(.text) refers to adc.o(.text) for init_adc0
    app.o(.text) refers to os_time.o(.text) for OSTimeDly
    app.o(.text) refers to os_core.o(.text) for OSInit
    app.o(.text) refers to os_task.o(.text) for OSTaskCreateExt
    app.o(.text) refers to app.o(.data) for .data
    app.o(.text) refers to app.o(.bss) for .bss
    lcd_app.o(.text) refers to 64x128glcd.o(.text) for LCD_SET_PAGE
    lcd_app.o(.text) refers to 8x8.o(.text) for get_width_of_char
    lcd_app.o(.text) refers to lcd_app.o(.bss) for .bss
    8x8.o(.text) refers to 8x8.o(.constdata) for .constdata
    bsp.o(.text) refers to os_core.o(.text) for OSTimeTick
    bsp.o(.text) refers to aeabi_sdivfast.o(.text_udiv) for __aeabi_uidivmod
    bsp.o(.text) refers to os_cpu_c.o(.text) for OS_CPU_InitExceptVect
    bsp.o(.text) refers to os_cpu_a.o(CODE) for OS_CPU_SR_Save
    bsp.o(.text) refers to bsp.o(.data) for .data
    vectors.o(VECT) refers to init.o(INIT) for ResetHndlr
    vectors.o(VECT) refers to os_cpu_a.o(CODE) for OS_CPU_ARM_ExceptUndefInstrHndlr
    init.o(INIT) refers to __main.o(!!!main) for __main
    os_core.o(.text) refers to os_cpu_a.o(CODE) for OS_CPU_SR_Save
    os_core.o(.text) refers to os_task.o(.text) for OSTaskStkChk
    os_core.o(.text) refers to os_time.o(.text) for OSTimeDly
    os_core.o(.text) refers to aeabi_sdivfast.o(.text_udiv) for __aeabi_uidivmod
    os_core.o(.text) refers to os_cpu_c.o(.text) for OSTaskStatHook
    os_core.o(.text) refers to os_mem.o(.text) for OS_MemInit
    os_core.o(.text) refers to os_tmr.o(.text) for OSTmr_Init
    os_core.o(.text) refers to os_dbg.o(.text) for OSDebugInit
    os_core.o(.text) refers to os_core.o(.data) for .data
    os_core.o(.text) refers to os_core.o(.bss) for .bss
    os_core.o(.text) refers to os_core.o(.constdata) for .constdata
    os_mbox.o(.text) refers to os_cpu_a.o(CODE) for OS_CPU_SR_Save
    os_mbox.o(.text) refers to os_core.o(.text) for OS_EventWaitListInit
    os_mbox.o(.text) refers to os_core.o(.data) for OSIntNesting
    os_mem.o(.text) refers to os_cpu_a.o(CODE) for OS_CPU_SR_Save
    os_mem.o(.text) refers to os_core.o(.text) for OS_StrCopy
    os_mem.o(.text) refers to os_core.o(.data) for OSMemFreeList
    os_mem.o(.text) refers to os_core.o(.data) for OSIntNesting
    os_mem.o(.text) refers to os_core.o(.bss) for OSMemTbl
    os_sem.o(.text) refers to os_cpu_a.o(CODE) for OS_CPU_SR_Save
    os_sem.o(.text) refers to os_core.o(.text) for OS_EventWaitListInit
    os_sem.o(.text) refers to os_core.o(.data) for OSIntNesting
    os_task.o(.text) refers to os_cpu_a.o(CODE) for OS_CPU_SR_Save
    os_task.o(.text) refers to os_core.o(.text) for OS_Sched
    os_task.o(.text) refers to os_cpu_c.o(.text) for OSTaskStkInit
    os_task.o(.text) refers to os_core.o(.bss) for OSTCBPrioTbl
    os_task.o(.text) refers to os_core.o(.data) for OSTCBCur
    os_time.o(.text) refers to os_cpu_a.o(CODE) for OS_CPU_SR_Save
    os_time.o(.text) refers to os_core.o(.text) for OS_Sched
    os_time.o(.text) refers to aeabi_sdivfast.o(.text_udiv) for __aeabi_uidivmod
    os_time.o(.text) refers to os_core.o(.data) for OSIntNesting
    os_time.o(.text) refers to os_core.o(.bss) for OSTCBPrioTbl
    os_tmr.o(.text) refers to os_sem.o(.text) for OSSemPost
    os_tmr.o(.text) refers to os_core.o(.text) for OS_StrLen
    os_tmr.o(.text) refers to os_task.o(.text) for OSTaskCreateExt
    os_tmr.o(.text) refers to os_core.o(.data) for OSIntNesting
    os_tmr.o(.text) refers to os_core.o(.data) for OSTmrFreeList
    os_tmr.o(.text) refers to os_core.o(.data) for OSTmrUsed
    os_tmr.o(.text) refers to os_core.o(.data) for OSTmrFree
    os_tmr.o(.text) refers to os_core.o(.data) for OSTmrSem
    os_tmr.o(.text) refers to os_core.o(.bss) for OSTmrWheelTbl
    os_tmr.o(.text) refers to os_core.o(.data) for OSTmrTime
    os_tmr.o(.text) refers to os_core.o(.data) for OSTmrSemSignal
    os_tmr.o(.text) refers to os_core.o(.bss) for OSTmrTbl
    os_tmr.o(.text) refers to os_core.o(.bss) for OSTmrTaskStk
    os_cpu_a.o(CODE) refers to os_core.o(.data) for OSRunning
    os_cpu_a.o(CODE) refers to os_cpu_c.o(.text) for OSTaskSwHook
    os_cpu_a.o(CODE) refers to os_core.o(.text) for OSIntExit
    os_cpu_a.o(CODE) refers to bsp.o(.text) for OS_CPU_ExceptHndlr
    os_cpu_c.o(.text) refers to app.o(.text) for App_TaskCreateHook
    os_cpu_c.o(.text) refers to os_tmr.o(.text) for OSTmrSignal
    os_cpu_c.o(.text) refers to os_cpu_c.o(.data) for .data
    os_cpu_c.o(.text) refers to os_cpu_a.o(CODE) for OS_CPU_ARM_ExceptUndefInstrHndlr
    aeabi_sdivfast.o(.text_udiv) refers to aeabi_sdivfast.o(.text) for __arm_div4
    aeabi_sdivfast_div0.o(.text_udiv) refers to aeabi_sdivfast_div0.o(.text) for __arm_div4
    __main.o(!!!main) refers to rtentry.o(.ARM.Collect$$rtentry$$00000000) for __rt_entry
    rtentry.o(.ARM.Collect$$rtentry$$00000000) refers (Special) to rtentry2.o(.ARM.Collect$$rtentry$$0000000A) for __rt_entry_li
    rtentry.o(.ARM.Collect$$rtentry$$00000000) refers (Special) to rtentry2.o(.ARM.Collect$$rtentry$$0000000D) for __rt_entry_main
    rtentry.o(.ARM.Collect$$rtentry$$00000000) refers (Special) to rtentry2.o(.ARM.Collect$$rtentry$$0000000C) for __rt_entry_postli_1
    rtentry.o(.ARM.Collect$$rtentry$$00000000) refers (Special) to rtentry2.o(.ARM.Collect$$rtentry$$00000009) for __rt_entry_postsh_1
    rtentry.o(.ARM.Collect$$rtentry$$00000000) refers (Special) to rtentry2.o(.ARM.Collect$$rtentry$$00000002) for __rt_entry_presh_1
    rtentry.o(.ARM.Collect$$rtentry$$00000000) refers (Special) to rtentry7.o(.ARM.Collect$$rtentry$$00000007) for __rt_entry_sh
    rtentry.o(.ARM.exidx) refers (Special) to rtentry2.o(.ARM.Collect$$rtentry$$0000000A) for __rt_entry_li
    rtentry.o(.ARM.exidx) refers (Special) to rtentry2.o(.ARM.Collect$$rtentry$$0000000D) for __rt_entry_main
    rtentry.o(.ARM.exidx) refers (Special) to rtentry2.o(.ARM.Collect$$rtentry$$0000000C) for __rt_entry_postli_1
    rtentry.o(.ARM.exidx) refers (Special) to rtentry2.o(.ARM.Collect$$rtentry$$00000009) for __rt_entry_postsh_1
    rtentry.o(.ARM.exidx) refers (Special) to rtentry2.o(.ARM.Collect$$rtentry$$00000002) for __rt_entry_presh_1
    rtentry.o(.ARM.exidx) refers (Special) to rtentry7.o(.ARM.Collect$$rtentry$$00000007) for __rt_entry_sh
    rtentry.o(.ARM.exidx) refers to rtentry.o(.ARM.Collect$$rtentry$$00000000) for .ARM.Collect$$rtentry$$00000000
    aeabi_idiv0_sigfpe.o(.text) refers to rt_div0.o(.text) for __rt_div0
    rtentry2.o(.ARM.Collect$$rtentry$$00000008) refers to boardinit2.o(.text) for _platform_post_stackheap_init
    rtentry2.o(.ARM.Collect$$rtentry$$0000000A) refers to libinit.o(.ARM.Collect$$libinit$$00000000) for __rt_lib_init
    rtentry2.o(.ARM.Collect$$rtentry$$0000000B) refers to boardinit3.o(.text) for _platform_post_lib_init
    rtentry2.o(.ARM.Collect$$rtentry$$0000000D) refers to exit.o(.text) for exit
    rtentry2.o(.ARM.Collect$$rtentry$$0000000D) refers to app.o(.text) for main
    rtentry2.o(.ARM.exidx) refers to rtentry2.o(.ARM.Collect$$rtentry$$00000001) for .ARM.Collect$$rtentry$$00000001
    rtentry2.o(.ARM.exidx) refers to rtentry2.o(.ARM.Collect$$rtentry$$00000002) for .ARM.Collect$$rtentry$$00000002
    rtentry2.o(.ARM.exidx) refers to rtentry2.o(.ARM.Collect$$rtentry$$00000008) for .ARM.Collect$$rtentry$$00000008
    rtentry2.o(.ARM.exidx) refers to rtentry2.o(.ARM.Collect$$rtentry$$00000009) for .ARM.Collect$$rtentry$$00000009
    rtentry2.o(.ARM.exidx) refers to rtentry2.o(.ARM.Collect$$rtentry$$0000000A) for .ARM.Collect$$rtentry$$0000000A
    rtentry2.o(.ARM.exidx) refers to rtentry2.o(.ARM.Collect$$rtentry$$0000000B) for .ARM.Collect$$rtentry$$0000000B
    rtentry2.o(.ARM.exidx) refers to rtentry2.o(.ARM.Collect$$rtentry$$0000000C) for .ARM.Collect$$rtentry$$0000000C
    rtentry2.o(.ARM.exidx) refers to rtentry2.o(.ARM.Collect$$rtentry$$0000000D) for .ARM.Collect$$rtentry$$0000000D
    rtentry4.o(.ARM.Collect$$rtentry$$00000004) refers to sys_stackheap_outer.o(.text) for __user_setup_stackheap
    rtentry4.o(.ARM.exidx) refers to rtentry4.o(.ARM.Collect$$rtentry$$00000004) for .ARM.Collect$$rtentry$$00000004
    rtentry7.o(.ARM.Collect$$rtentry$$00000007) refers to rtentry7.o(.ARM.Collect$$rtentry$$00002718) for __lit__00000000
    rtentry7.o(.ARM.exidx) refers to rtentry7.o(.ARM.Collect$$rtentry$$00000007) for .ARM.Collect$$rtentry$$00000007
    rtentry7.o(.ARM.exidx) refers to rtentry7.o(.ARM.Collect$$rtentry$$00002718) for .ARM.Collect$$rtentry$$00002718
    rt_div0.o(.text) refers to defsig_fpe_outer.o(.text) for __rt_SIGFPE
    sys_stackheap_outer.o(.text) refers to libspace.o(.text) for __user_perproc_libspace
    sys_stackheap_outer.o(.text) refers to sys_stackheap.o(.text) for __user_initial_stackheap
    exit.o(.text) refers to rtexit.o(.ARM.Collect$$rtexit$$00000000) for __rt_exit
    defsig_fpe_outer.o(.text) refers to defsig_fpe_inner.o(.text) for __rt_SIGFPE_inner
    defsig_fpe_outer.o(.text) refers to defsig_exit.o(.text) for __sig_exit
    defsig_fpe_formal.o(.text) refers to rt_raise.o(.text) for __rt_raise
    libinit.o(.ARM.Collect$$libinit$$00000000) refers (Special) to libinit2.o(.ARM.Collect$$libinit$$0000002A) for __rt_lib_init_alloca_1
    libinit.o(.ARM.Collect$$libinit$$00000000) refers (Special) to libinit2.o(.ARM.Collect$$libinit$$00000028) for __rt_lib_init_argv_1
    libinit.o(.ARM.Collect$$libinit$$00000000) refers (Special) to libinit2.o(.ARM.Collect$$libinit$$00000017) for __rt_lib_init_atexit_1
    libinit.o(.ARM.Collect$$libinit$$00000000) refers (Special) to libinit2.o(.ARM.Collect$$libinit$$0000001D) for __rt_lib_init_clock_1
    libinit.o(.ARM.Collect$$libinit$$00000000) refers (Special) to libinit2.o(.ARM.Collect$$libinit$$0000002E) for __rt_lib_init_cpp_1
    libinit.o(.ARM.Collect$$libinit$$00000000) refers (Special) to libinit2.o(.ARM.Collect$$libinit$$0000002C) for __rt_lib_init_exceptions_1
    libinit.o(.ARM.Collect$$libinit$$00000000) refers (Special) to libinit2.o(.ARM.Collect$$libinit$$0000001B) for __rt_lib_init_fp_trap_1
    libinit.o(.ARM.Collect$$libinit$$00000000) refers (Special) to libinit2.o(.ARM.Collect$$libinit$$0000001F) for __rt_lib_init_getenv_1
    libinit.o(.ARM.Collect$$libinit$$00000000) refers (Special) to libinit2.o(.ARM.Collect$$libinit$$00000006) for __rt_lib_init_heap_1
    libinit.o(.ARM.Collect$$libinit$$00000000) refers (Special) to libinit2.o(.ARM.Collect$$libinit$$0000000D) for __rt_lib_init_lc_collate_1
    libinit.o(.ARM.Collect$$libinit$$00000000) refers (Special) to libinit2.o(.ARM.Collect$$libinit$$0000000F) for __rt_lib_init_lc_ctype_1
    libinit.o(.ARM.Collect$$libinit$$00000000) refers (Special) to libinit2.o(.ARM.Collect$$libinit$$00000011) for __rt_lib_init_lc_monetary_1
    libinit.o(.ARM.Collect$$libinit$$00000000) refers (Special) to libinit2.o(.ARM.Collect$$libinit$$00000013) for __rt_lib_init_lc_numeric_1
    libinit.o(.ARM.Collect$$libinit$$00000000) refers (Special) to libinit2.o(.ARM.Collect$$libinit$$00000015) for __rt_lib_init_lc_time_1
    libinit.o(.ARM.Collect$$libinit$$00000000) refers (Special) to libinit2.o(.ARM.Collect$$libinit$$0000000A) for __rt_lib_init_rand_1
    libinit.o(.ARM.Collect$$libinit$$00000000) refers (Special) to libinit2.o(.ARM.Collect$$libinit$$0000002F) for __rt_lib_init_return
    libinit.o(.ARM.Collect$$libinit$$00000000) refers (Special) to libinit2.o(.ARM.Collect$$libinit$$00000019) for __rt_lib_init_signal_1
    libinit.o(.ARM.Collect$$libinit$$00000000) refers (Special) to libinit2.o(.ARM.Collect$$libinit$$00000021) for __rt_lib_init_stdio_1
    libinit.o(.ARM.Collect$$libinit$$00000000) refers (Special) to libinit2.o(.ARM.Collect$$libinit$$00000008) for __rt_lib_init_user_alloc_1
    libinit.o(.ARM.Collect$$libinit$$00000000) refers to fpinit.o(x$fpl$fpinit) for _fp_init
    sys_stackheap.o(.text) refers to use_no_semi.o(.text) for __I$use$semihosting
    libspace.o(.text) refers to libspace.o(.bss) for __libspace_start
    rtexit.o(.ARM.Collect$$rtexit$$00000000) refers (Special) to rtexit2.o(.ARM.Collect$$rtexit$$00000004) for __rt_exit_exit
    rtexit.o(.ARM.Collect$$rtexit$$00000000) refers (Special) to rtexit2.o(.ARM.Collect$$rtexit$$00000003) for __rt_exit_ls
    rtexit.o(.ARM.Collect$$rtexit$$00000000) refers (Special) to rtexit2.o(.ARM.Collect$$rtexit$$00000002) for __rt_exit_prels_1
    rtexit.o(.ARM.exidx) refers (Special) to rtexit2.o(.ARM.Collect$$rtexit$$00000004) for __rt_exit_exit
    rtexit.o(.ARM.exidx) refers (Special) to rtexit2.o(.ARM.Collect$$rtexit$$00000003) for __rt_exit_ls
    rtexit.o(.ARM.exidx) refers (Special) to rtexit2.o(.ARM.Collect$$rtexit$$00000002) for __rt_exit_prels_1
    rtexit.o(.ARM.exidx) refers to rtexit.o(.ARM.Collect$$rtexit$$00000000) for .ARM.Collect$$rtexit$$00000000
    rt_raise.o(.text) refers to __raise.o(.text) for __raise
    rt_raise.o(.text) refers to sys_exit.o(.text) for _sys_exit
    defsig_exit.o(.text) refers to sys_exit.o(.text) for _sys_exit
    defsig_fpe_inner.o(.text) refers to defsig_general.o(.text) for __default_signal_display
    libinit2.o(.ARM.Collect$$libinit$$0000000C) refers to libinit2.o(.ARM.Collect$$libinit$$0000000B) for .ARM.Collect$$libinit$$0000000B
    libinit2.o(.ARM.Collect$$libinit$$0000000E) refers to libinit2.o(.ARM.Collect$$libinit$$0000000B) for .ARM.Collect$$libinit$$0000000B
    libinit2.o(.ARM.Collect$$libinit$$00000010) refers to libinit2.o(.ARM.Collect$$libinit$$0000000B) for .ARM.Collect$$libinit$$0000000B
    libinit2.o(.ARM.Collect$$libinit$$00000012) refers to libinit2.o(.ARM.Collect$$libinit$$0000000B) for .ARM.Collect$$libinit$$0000000B
    libinit2.o(.ARM.Collect$$libinit$$00000014) refers to libinit2.o(.ARM.Collect$$libinit$$0000000B) for .ARM.Collect$$libinit$$0000000B
    libinit2.o(.ARM.Collect$$libinit$$00000022) refers to argv_veneer.o(.emb_text) for __ARM_argv_veneer
    libinit2.o(.ARM.Collect$$libinit$$00000023) refers to argv_veneer.o(.emb_text) for __ARM_argv_veneer
    libinit5.o(.ARM.Collect$$libinit$$00000004) refers to libinit5.o(.ARM.Collect$$libinit$$00002715) for __lit__00000000
    libinit5.o(.ARM.Collect$$libinit$$00000026) refers to libinit5.o(.ARM.Collect$$libinit$$00002737) for __lit__00000002
    libinit5.o(.ARM.Collect$$libinit$$00000026) refers to argv_veneer.o(.emb_text) for __ARM_argv_veneer
    sys_exit.o(.text) refers to use_no_semi.o(.text) for __I$use$semihosting
    rtexit2.o(.ARM.Collect$$rtexit$$00000003) refers to libshutdown.o(.ARM.Collect$$libshutdown$$00000000) for __rt_lib_shutdown
    rtexit2.o(.ARM.Collect$$rtexit$$00000004) refers to sys_exit.o(.text) for _sys_exit
    rtexit2.o(.ARM.exidx) refers to rtexit2.o(.ARM.Collect$$rtexit$$00000001) for .ARM.Collect$$rtexit$$00000001
    rtexit2.o(.ARM.exidx) refers to rtexit2.o(.ARM.Collect$$rtexit$$00000002) for .ARM.Collect$$rtexit$$00000002
    rtexit2.o(.ARM.exidx) refers to rtexit2.o(.ARM.Collect$$rtexit$$00000003) for .ARM.Collect$$rtexit$$00000003
    rtexit2.o(.ARM.exidx) refers to rtexit2.o(.ARM.Collect$$rtexit$$00000004) for .ARM.Collect$$rtexit$$00000004
    __raise.o(.text) refers to defsig.o(CL$$defsig) for __default_signal_handler
    __raise.o(.text) refers to __raise.o(i.__ARM_common_call_via_r2) for __ARM_common_call_via_r2
    defsig_general.o(.text) refers to sys_wrch.o(.text) for _ttywrch
    argv_veneer.o(.emb_text) refers to no_argv.o(.text) for __ARM_get_argv
    sys_wrch.o(.text) refers (Special) to use_no_semi.o(.text) for __I$use$semihosting
    defsig.o(CL$$defsig) refers to defsig_fpe_inner.o(.text) for __rt_SIGFPE_inner
    defsig.o(CL$$defsig) refers to defsig_rtmem_inner.o(.text) for __rt_SIGRTMEM_inner
    _get_argv_nomalloc.o(.text) refers (Special) to hrguard.o(.text) for __heap_region$guard
    _get_argv_nomalloc.o(.text) refers to defsig_rtmem_outer.o(.text) for __rt_SIGRTMEM
    _get_argv_nomalloc.o(.text) refers to sys_command.o(.text) for _sys_command_string
    libshutdown.o(.ARM.Collect$$libshutdown$$00000000) refers (Special) to libshutdown2.o(.ARM.Collect$$libshutdown$$00000006) for __rt_lib_shutdown_fp_trap_1
    libshutdown.o(.ARM.Collect$$libshutdown$$00000000) refers (Special) to libshutdown2.o(.ARM.Collect$$libshutdown$$0000000E) for __rt_lib_shutdown_heap_1
    libshutdown.o(.ARM.Collect$$libshutdown$$00000000) refers (Special) to libshutdown2.o(.ARM.Collect$$libshutdown$$0000000F) for __rt_lib_shutdown_return
    libshutdown.o(.ARM.Collect$$libshutdown$$00000000) refers (Special) to libshutdown2.o(.ARM.Collect$$libshutdown$$00000009) for __rt_lib_shutdown_signal_1
    libshutdown.o(.ARM.Collect$$libshutdown$$00000000) refers (Special) to libshutdown2.o(.ARM.Collect$$libshutdown$$00000003) for __rt_lib_shutdown_stdio_1
    libshutdown.o(.ARM.Collect$$libshutdown$$00000000) refers (Special) to libshutdown2.o(.ARM.Collect$$libshutdown$$0000000B) for __rt_lib_shutdown_user_alloc_1
    sys_command.o(.text) refers (Special) to use_no_semi.o(.text) for __I$use$semihosting
    defsig_abrt_inner.o(.text) refers to defsig_general.o(.text) for __default_signal_display
    defsig_rtred_inner.o(.text) refers to defsig_general.o(.text) for __default_signal_display
    defsig_rtmem_inner.o(.text) refers to defsig_general.o(.text) for __default_signal_display
    defsig_rtmem_outer.o(.text) refers to defsig_rtmem_inner.o(.text) for __rt_SIGRTMEM_inner
    defsig_rtmem_outer.o(.text) refers to defsig_exit.o(.text) for __sig_exit
    defsig_rtmem_formal.o(.text) refers to rt_raise.o(.text) for __rt_raise
    defsig_stak_inner.o(.text) refers to defsig_general.o(.text) for __default_signal_display
    defsig_pvfn_inner.o(.text) refers to defsig_general.o(.text) for __default_signal_display
    defsig_cppl_inner.o(.text) refers to defsig_general.o(.text) for __default_signal_display
    defsig_segv_inner.o(.text) refers to defsig_general.o(.text) for __default_signal_display
    defsig_other.o(.text) refers to defsig_general.o(.text) for __default_signal_display


==============================================================================

Removing Unused input sections from the image.

    Removing cpu_a.o(_CPU_A_CODE_), (40 bytes).
    Removing os_mbox.o(.text), (1364 bytes).
    Removing os_dbg.o(.constdata), (92 bytes).
    Removing os_dbg.o(.constdata), (2 bytes).
    Removing os_dbg.o(.constdata), (2 bytes).
    Removing os_dbg.o(.constdata), (2 bytes).
    Removing os_dbg.o(.constdata), (2 bytes).
    Removing os_dbg.o(.constdata), (2 bytes).
    Removing os_dbg.o(.constdata), (2 bytes).
    Removing os_dbg.o(.constdata), (2 bytes).
    Removing os_dbg.o(.constdata), (2 bytes).
    Removing os_dbg.o(.constdata), (2 bytes).
    Removing lib_mem.o(.text), (492 bytes).
    Removing lib_str.o(.text), (1184 bytes).

14 unused section(s) (total 3190 bytes) removed from the image.

==============================================================================

Adding Veneers to the image

    Adding AT veneer (8 bytes, Inline) for call to '__rt_lib_init' from rtentry2.o(.ARM.Collect$$rtentry$$0000000A).
    Adding AT veneer (8 bytes, Inline) for call to '__rt_lib_shutdown' from rtexit2.o(.ARM.Collect$$rtexit$$00000003).
    Adding TA veneer (4 bytes, Inline) for call to '__rt_exit' from exit.o(.text).
    Adding TA veneer (4 bytes, Inline) for call to '_fp_init' from libinit.o(.ARM.Collect$$libinit$$00000000).

4 Veneer(s) (total 24 bytes) added to the image.

==============================================================================

Image Symbol Table

    Local Symbols

    Symbol Name                              Value     Ov Type        Size  Object(Section)

    VECT                                     0x00000000   Section       64  vectors.o(VECT)
    ../../angel/boardlib.s                   0x00000000   Number         0  boardinit2.o ABSOLUTE
    ../../angel/boardlib.s                   0x00000000   Number         0  boardshut.o ABSOLUTE
    ../../angel/boardlib.s                   0x00000000   Number         0  boardinit1.o ABSOLUTE
    ../../angel/boardlib.s                   0x00000000   Number         0  boardinit3.o ABSOLUTE
    ../../angel/handlers.s                   0x00000000   Number         0  __scatter_copy.o ABSOLUTE
    ../../angel/handlers.s                   0x00000000   Number         0  __scatter_zi.o ABSOLUTE
    ../../angel/kernel.s                     0x00000000   Number         0  rtentry7.o ABSOLUTE
    ../../angel/kernel.s                     0x00000000   Number         0  rtentry4.o ABSOLUTE
    ../../angel/kernel.s                     0x00000000   Number         0  rtentry2.o ABSOLUTE
    ../../angel/kernel.s                     0x00000000   Number         0  rtexit.o ABSOLUTE
    ../../angel/kernel.s                     0x00000000   Number         0  rtexit2.o ABSOLUTE
    ../../angel/kernel.s                     0x00000000   Number         0  rtentry.o ABSOLUTE
    ../../angel/rt.s                         0x00000000   Number         0  rt_div0.o ABSOLUTE
    ../../angel/rt.s                         0x00000000   Number         0  aeabi_idiv0_sigfpe.o ABSOLUTE
    ../../angel/rt.s                         0x00000000   Number         0  aeabi_idiv0.o ABSOLUTE
    ../../angel/rt.s                         0x00000000   Number         0  rt_raise.o ABSOLUTE
    ../../angel/scatter.s                    0x00000000   Number         0  __scatter.o ABSOLUTE
    ../../angel/startup.s                    0x00000000   Number         0  __main.o ABSOLUTE
    ../../angel/sys.s                        0x00000000   Number         0  sys_stackheap_outer.o ABSOLUTE
    ../../angel/sys.s                        0x00000000   Number         0  sys_exit.o ABSOLUTE
    ../../angel/sys.s                        0x00000000   Number         0  use_no_semi.o ABSOLUTE
    ../../angel/sys.s                        0x00000000   Number         0  sys_stackheap.o ABSOLUTE
    ../../angel/sys.s                        0x00000000   Number         0  libspace.o ABSOLUTE
    ../../angel/sysapp.c                     0x00000000   Number         0  sys_command.o ABSOLUTE
    ../../angel/sysapp.c                     0x00000000   Number         0  sys_wrch.o ABSOLUTE
    ../../armsys.c                           0x00000000   Number         0  _get_argv_nomalloc.o ABSOLUTE
    ../../armsys.c                           0x00000000   Number         0  argv_veneer.o ABSOLUTE
    ../../armsys.c                           0x00000000   Number         0  argv_veneer.o ABSOLUTE
    ../../armsys.c                           0x00000000   Number         0  no_argv.o ABSOLUTE
    ../../division.s                         0x00000000   Number         0  aeabi_sdivfast.o ABSOLUTE
    ../../division.s                         0x00000000   Number         0  aeabi_sdivfast_div0.o ABSOLUTE
    ../../divrt.s                            0x00000000   Number         0  divrt_7tdmi.o ABSOLUTE
    ../../divrt.s                            0x00000000   Number         0  divrt_7tdmi_div0.o ABSOLUTE
    ../../fpinit.s                           0x00000000   Number         0  fpinit.o ABSOLUTE
    ../../heapalloc.c                        0x00000000   Number         0  hrguard.o ABSOLUTE
    ../../libinit.s                          0x00000000   Number         0  libshutdown.o ABSOLUTE
    ../../libinit.s                          0x00000000   Number         0  libinit2.o ABSOLUTE
    ../../libinit.s                          0x00000000   Number         0  libshutdown2.o ABSOLUTE
    ../../libinit.s                          0x00000000   Number         0  libinit.o ABSOLUTE
    ../../libinit.s                          0x00000000   Number         0  libinit5.o ABSOLUTE
    ../../signal.c                           0x00000000   Number         0  defsig_other.o ABSOLUTE
    ../../signal.c                           0x00000000   Number         0  defsig_fpe_formal.o ABSOLUTE
    ../../signal.c                           0x00000000   Number         0  defsig_fpe_outer.o ABSOLUTE
    ../../signal.c                           0x00000000   Number         0  defsig_fpe_inner.o ABSOLUTE
    ../../signal.c                           0x00000000   Number         0  defsig_rtmem_inner.o ABSOLUTE
    ../../signal.c                           0x00000000   Number         0  defsig_exit.o ABSOLUTE
    ../../signal.c                           0x00000000   Number         0  defsig_rtmem_outer.o ABSOLUTE
    ../../signal.c                           0x00000000   Number         0  defsig_rtmem_formal.o ABSOLUTE
    ../../signal.c                           0x00000000   Number         0  defsig_stak_inner.o ABSOLUTE
    ../../signal.c                           0x00000000   Number         0  defsig_pvfn_inner.o ABSOLUTE
    ../../signal.c                           0x00000000   Number         0  defsig_cppl_inner.o ABSOLUTE
    ../../signal.c                           0x00000000   Number         0  defsig_general.o ABSOLUTE
    ../../signal.c                           0x00000000   Number         0  __raise.o ABSOLUTE
    ../../signal.c                           0x00000000   Number         0  defsig_abrt_inner.o ABSOLUTE
    ../../signal.c                           0x00000000   Number         0  defsig_segv_inner.o ABSOLUTE
    ../../signal.c                           0x00000000   Number         0  defsig_rtred_inner.o ABSOLUTE
    ../../signal.s                           0x00000000   Number         0  defsig.o ABSOLUTE
    ../../stdlib.c                           0x00000000   Number         0  exit.o ABSOLUTE
    ..\BSP\bsp.c                             0x00000000   Number         0  bsp.o ABSOLUTE
    ..\BSP\init.s                            0x00000000   Number         0  init.o ABSOLUTE
    ..\BSP\vectors.s                         0x00000000   Number         0  vectors.o ABSOLUTE
    ..\uC-CPU\cpu_a.s                        0x00000000   Number         0  cpu_a.o ABSOLUTE
    ..\uC-LIB\lib_mem.c                      0x00000000   Number         0  lib_mem.o ABSOLUTE
    ..\uC-LIB\lib_str.c                      0x00000000   Number         0  lib_str.o ABSOLUTE
    ..\uCOS-II\Ports\os_cpu_a.asm            0x00000000   Number         0  os_cpu_a.o ABSOLUTE
    ..\uCOS-II\Ports\os_cpu_c.c              0x00000000   Number         0  os_cpu_c.o ABSOLUTE
    ..\uCOS-II\Ports\os_dbg.c                0x00000000   Number         0  os_dbg.o ABSOLUTE
    ..\uCOS-II\Source\os_core.c              0x00000000   Number         0  os_core.o ABSOLUTE
    ..\uCOS-II\Source\os_flag.c              0x00000000   Number         0  os_flag.o ABSOLUTE
    ..\uCOS-II\Source\os_mbox.c              0x00000000   Number         0  os_mbox.o ABSOLUTE
    ..\uCOS-II\Source\os_mem.c               0x00000000   Number         0  os_mem.o ABSOLUTE
    ..\uCOS-II\Source\os_mutex.c             0x00000000   Number         0  os_mutex.o ABSOLUTE
    ..\uCOS-II\Source\os_q.c                 0x00000000   Number         0  os_q.o ABSOLUTE
    ..\uCOS-II\Source\os_sem.c               0x00000000   Number         0  os_sem.o ABSOLUTE
    ..\uCOS-II\Source\os_task.c              0x00000000   Number         0  os_task.o ABSOLUTE
    ..\uCOS-II\Source\os_time.c              0x00000000   Number         0  os_time.o ABSOLUTE
    ..\uCOS-II\Source\os_tmr.c               0x00000000   Number         0  os_tmr.o ABSOLUTE
    64x128GLCD.c                             0x00000000   Number         0  64x128glcd.o ABSOLUTE
    8x8.c                                    0x00000000   Number         0  8x8.o ABSOLUTE
    adc.c                                    0x00000000   Number         0  adc.o ABSOLUTE
    app.c                                    0x00000000   Number         0  app.o ABSOLUTE
    dc.s                                     0x00000000   Number         0  dc.o ABSOLUTE
    lcd_app.c                                0x00000000   Number         0  lcd_app.o ABSOLUTE
    !!!main                                  0x00000040   Section        8  __main.o(!!!main)
    !!!scatter                               0x00000048   Section       60  __scatter.o(!!!scatter)
    !!handler_copy                           0x00000084   Section       40  __scatter_copy.o(!!handler_copy)
    !!handler_zi                             0x000000ac   Section       44  __scatter_zi.o(!!handler_zi)
    .ARM.Collect$$libinit$$00000000          0x000000e0   Section        6  libinit.o(.ARM.Collect$$libinit$$00000000)
    .ARM.Collect$$libinit$$00000006          0x000000e6   Section        0  libinit2.o(.ARM.Collect$$libinit$$00000006)
    .ARM.Collect$$libinit$$00000008          0x000000e6   Section        0  libinit2.o(.ARM.Collect$$libinit$$00000008)
    .ARM.Collect$$libinit$$0000000A          0x000000e6   Section        0  libinit2.o(.ARM.Collect$$libinit$$0000000A)
    .ARM.Collect$$libinit$$0000000D          0x000000e6   Section        0  libinit2.o(.ARM.Collect$$libinit$$0000000D)
    .ARM.Collect$$libinit$$0000000F          0x000000e6   Section        0  libinit2.o(.ARM.Collect$$libinit$$0000000F)
    .ARM.Collect$$libinit$$00000011          0x000000e6   Section        0  libinit2.o(.ARM.Collect$$libinit$$00000011)
    .ARM.Collect$$libinit$$00000013          0x000000e6   Section        0  libinit2.o(.ARM.Collect$$libinit$$00000013)
    .ARM.Collect$$libinit$$00000015          0x000000e6   Section        0  libinit2.o(.ARM.Collect$$libinit$$00000015)
    .ARM.Collect$$libinit$$00000017          0x000000e6   Section        0  libinit2.o(.ARM.Collect$$libinit$$00000017)
    .ARM.Collect$$libinit$$00000019          0x000000e6   Section        0  libinit2.o(.ARM.Collect$$libinit$$00000019)
    .ARM.Collect$$libinit$$0000001B          0x000000e6   Section        0  libinit2.o(.ARM.Collect$$libinit$$0000001B)
    .ARM.Collect$$libinit$$0000001D          0x000000e6   Section        0  libinit2.o(.ARM.Collect$$libinit$$0000001D)
    .ARM.Collect$$libinit$$0000001F          0x000000e6   Section        0  libinit2.o(.ARM.Collect$$libinit$$0000001F)
    .ARM.Collect$$libinit$$00000021          0x000000e6   Section        0  libinit2.o(.ARM.Collect$$libinit$$00000021)
    .ARM.Collect$$libinit$$00000028          0x000000e6   Section        0  libinit2.o(.ARM.Collect$$libinit$$00000028)
    .ARM.Collect$$libinit$$0000002A          0x000000e6   Section        0  libinit2.o(.ARM.Collect$$libinit$$0000002A)
    .ARM.Collect$$libinit$$0000002C          0x000000e6   Section        0  libinit2.o(.ARM.Collect$$libinit$$0000002C)
    .ARM.Collect$$libinit$$0000002E          0x000000e6   Section        0  libinit2.o(.ARM.Collect$$libinit$$0000002E)
    .ARM.Collect$$libinit$$0000002F          0x000000e6   Section       12  libinit2.o(.ARM.Collect$$libinit$$0000002F)
    .ARM.Collect$$libshutdown$$00000000      0x000000fc   Section        4  libshutdown.o(.ARM.Collect$$libshutdown$$00000000)
    .ARM.Collect$$libshutdown$$00000003      0x00000100   Section        0  libshutdown2.o(.ARM.Collect$$libshutdown$$00000003)
    .ARM.Collect$$libshutdown$$00000006      0x00000100   Section        0  libshutdown2.o(.ARM.Collect$$libshutdown$$00000006)
    .ARM.Collect$$libshutdown$$00000009      0x00000100   Section        0  libshutdown2.o(.ARM.Collect$$libshutdown$$00000009)
    .ARM.Collect$$libshutdown$$0000000B      0x00000100   Section        0  libshutdown2.o(.ARM.Collect$$libshutdown$$0000000B)
    .ARM.Collect$$libshutdown$$0000000E      0x00000100   Section        0  libshutdown2.o(.ARM.Collect$$libshutdown$$0000000E)
    .ARM.Collect$$libshutdown$$0000000F      0x00000100   Section        6  libshutdown2.o(.ARM.Collect$$libshutdown$$0000000F)
    .ARM.Collect$$rtentry$$00000000          0x00000108   Section        0  rtentry.o(.ARM.Collect$$rtentry$$00000000)
    .ARM.Collect$$rtentry$$00000002          0x00000108   Section        0  rtentry2.o(.ARM.Collect$$rtentry$$00000002)
    .ARM.Collect$$rtentry$$00000007          0x00000108   Section        4  rtentry7.o(.ARM.Collect$$rtentry$$00000007)
    .ARM.Collect$$rtentry$$00000009          0x0000010c   Section        0  rtentry2.o(.ARM.Collect$$rtentry$$00000009)
    .ARM.Collect$$rtentry$$0000000A          0x0000010c   Section        4  rtentry2.o(.ARM.Collect$$rtentry$$0000000A)
    .ARM.Collect$$rtentry$$0000000C          0x00000110   Section        0  rtentry2.o(.ARM.Collect$$rtentry$$0000000C)
    .ARM.Collect$$rtentry$$0000000D          0x00000110   Section       40  rtentry2.o(.ARM.Collect$$rtentry$$0000000D)
    .ARM.Collect$$rtentry$$00002718          0x00000138   Section        4  rtentry7.o(.ARM.Collect$$rtentry$$00002718)
    __lit__00000000                          0x00000138   Data           4  rtentry7.o(.ARM.Collect$$rtentry$$00002718)
    .ARM.Collect$$rtexit$$00000000           0x00000140   Section        0  rtexit.o(.ARM.Collect$$rtexit$$00000000)
    .ARM.Collect$$rtexit$$00000002           0x00000140   Section        0  rtexit2.o(.ARM.Collect$$rtexit$$00000002)
    .ARM.Collect$$rtexit$$00000003           0x00000140   Section        4  rtexit2.o(.ARM.Collect$$rtexit$$00000003)
    .ARM.Collect$$rtexit$$00000004           0x00000144   Section        4  rtexit2.o(.ARM.Collect$$rtexit$$00000004)
    .text                                    0x00000148   Section      324  app.o(.text)
    AppTaskStart                             0x00000164   ARM Code     132  app.o(.text)
    .text                                    0x0000028c   Section     1388  lcd_app.o(.text)
    .text                                    0x000007f8   Section       56  8x8.o(.text)
    .text                                    0x00000830   Section      776  64x128glcd.o(.text)
    .text                                    0x00000b38   Section      176  adc.o(.text)
    .text                                    0x00000be8   Section     1848  bsp.o(.text)
    VIC_DummyEINT2                           0x00000d48   ARM Code      16  bsp.o(.text)
    VIC_DummyEINT1                           0x00000d58   ARM Code      16  bsp.o(.text)
    VIC_DummyEINT0                           0x00000d68   ARM Code      16  bsp.o(.text)
    VIC_DummyRTC                             0x00000d78   ARM Code      16  bsp.o(.text)
    VIC_DummySPI                             0x00000d88   ARM Code      16  bsp.o(.text)
    VIC_DummyI2C                             0x00000d98   ARM Code      16  bsp.o(.text)
    VIC_DummyPWM0                            0x00000da8   ARM Code      16  bsp.o(.text)
    VIC_DummyUART1                           0x00000db8   ARM Code      16  bsp.o(.text)
    VIC_DummyUART0                           0x00000dc8   ARM Code      16  bsp.o(.text)
    VIC_DummyTIMER1                          0x00000dd8   ARM Code      16  bsp.o(.text)
    VIC_DummyTIMER0                          0x00000de8   ARM Code      16  bsp.o(.text)
    VIC_DummyWDT                             0x00000df8   ARM Code      16  bsp.o(.text)
    VIC_Init                                 0x000011bc   ARM Code     116  bsp.o(.text)
    BSP_PLL_Init                             0x00001230   ARM Code     136  bsp.o(.text)
    .text                                    0x00001320   Section     2832  os_core.o(.text)
    OS_SchedNew                              0x00001dfc   ARM Code      40  os_core.o(.text)
    .text                                    0x00001e30   Section      744  os_mem.o(.text)
    .text                                    0x00002118   Section     1252  os_sem.o(.text)
    .text                                    0x000025fc   Section     2400  os_task.o(.text)
    .text                                    0x00002f5c   Section      560  os_time.o(.text)
    .text                                    0x0000318c   Section     2336  os_tmr.o(.text)
    OSTmr_Free                               0x000032a4   ARM Code      96  os_tmr.o(.text)
    OSTmr_Unlink                             0x00003304   ARM Code     100  os_tmr.o(.text)
    OSTmr_Link                               0x00003628   ARM Code     104  os_tmr.o(.text)
    OSTmr_Task                               0x00003860   ARM Code     172  os_tmr.o(.text)
    OSTmr_Lock                               0x00003a38   ARM Code      32  os_tmr.o(.text)
    .text                                    0x00003aac   Section      400  os_cpu_c.o(.text)
    .text                                    0x00003c3c   Section        4  os_dbg.o(.text)
    .text                                    0x00003c40   Section      556  aeabi_sdivfast.o(.text)
    __arm_div_large_positive                 0x00003c74   ARM Code       0  aeabi_sdivfast.o(.text)
    __arm_div16                              0x00003c9c   ARM Code       0  aeabi_sdivfast.o(.text)
    __arm_div12                              0x00003ccc   ARM Code       0  aeabi_sdivfast.o(.text)
    __arm_div8                               0x00003d00   ARM Code       0  aeabi_sdivfast.o(.text)
    __arm_div4                               0x00003d30   ARM Code       0  aeabi_sdivfast.o(.text)
    .text                                    0x00003e6c   Section       12  exit.o(.text)
    .text                                    0x00003e78   Section       24  sys_exit.o(.text)
    .text                                    0x00003e90   Section        4  use_no_semi.o(.text)
    .text_udiv                               0x00003e94   Section       40  aeabi_sdivfast.o(.text_udiv)
    CODE                                     0x00003ebc   Section      632  os_cpu_a.o(CODE)
    INIT                                     0x00004134   Section      140  init.o(INIT)
    x$fpl$fpinit                             0x000041c4   Section        4  fpinit.o(x$fpl$fpinit)
    .constdata                               0x000041c8   Section     1324  8x8.o(.constdata)
    .constdata                               0x000046f4   Section      256  os_core.o(.constdata)
    .data                                    0x40000040   Section        2  app.o(.data)
    sec_count                                0x40000040   Data           2  app.o(.data)
    .data                                    0x40000044   Section        4  bsp.o(.data)
    .data                                    0x40000048   Section       56  os_core.o(.data)
    .data                                    0x40000080   Section        4  os_core.o(.data)
    .data                                    0x40000084   Section        2  os_core.o(.data)
    .data                                    0x40000086   Section        2  os_core.o(.data)
    .data                                    0x40000088   Section        4  os_core.o(.data)
    .data                                    0x4000008c   Section        4  os_core.o(.data)
    .data                                    0x40000090   Section        4  os_core.o(.data)
    .data                                    0x40000094   Section        4  os_core.o(.data)
    .data                                    0x40000098   Section        2  os_cpu_c.o(.data)
    OSTmrCtr                                 0x40000098   Data           2  os_cpu_c.o(.data)
    .bss                                     0x4000009c   Section     1024  app.o(.bss)
    AppTaskStartStk                          0x4000009c   Data        1024  app.o(.bss)
    .bss                                     0x4000049c   Section     1024  lcd_app.o(.bss)
    .bss                                     0x4000089c   Section     2984  os_core.o(.bss)
    .bss                                     0x40001444   Section      180  os_core.o(.bss)
    .bss                                     0x400014f8   Section      832  os_core.o(.bss)
    .bss                                     0x40001838   Section      512  os_core.o(.bss)
    .bss                                     0x40001a38   Section       64  os_core.o(.bss)

    Global Symbols

    Symbol Name                              Value     Ov Type        Size  Object(Section)

    BuildAttributes$$THM_ISAv1$ARM_ISAv4$S$PE$A:L22$X:L11$S22$IEEE1$IW$USESV6$~STKCKD$USESV7$~SHL$OTIME$ROPI$EBA8$UX$STANDARDLIB$REQ8$PRES8$EABIv2 0x00000000   Number         0  anon$$obj.o ABSOLUTE
    __ARM_use_no_argv                        0x00000000   Number         0  app.o ABSOLUTE
    Image$$ZI$$Limit                          - Undefined Weak Reference
    __ARM_exceptions_init                     - Undefined Weak Reference
    __alloca_initialize                       - Undefined Weak Reference
    __cpp_initialize__aeabi_                  - Undefined Weak Reference
    __cxa_finalize                            - Undefined Weak Reference
    __rt_locale                               - Undefined Weak Reference
    __sigvec_lookup                           - Undefined Weak Reference
    _atexit_init                              - Undefined Weak Reference
    _call_atexit_fns                          - Undefined Weak Reference
    _clock_init                               - Undefined Weak Reference
    _fp_trap_init                             - Undefined Weak Reference
    _fp_trap_shutdown                         - Undefined Weak Reference
    _get_lc_collate                           - Undefined Weak Reference
    _get_lc_ctype                             - Undefined Weak Reference
    _get_lc_monetary                          - Undefined Weak Reference
    _get_lc_numeric                           - Undefined Weak Reference
    _get_lc_time                              - Undefined Weak Reference
    _getenv_init                              - Undefined Weak Reference
    _handle_redirection                       - Undefined Weak Reference
    _init_alloc                               - Undefined Weak Reference
    _init_user_alloc                          - Undefined Weak Reference
    _initio                                   - Undefined Weak Reference
    _rand_init                                - Undefined Weak Reference
    _signal_finish                            - Undefined Weak Reference
    _signal_init                              - Undefined Weak Reference
    _terminate_alloc                          - Undefined Weak Reference
    _terminate_user_alloc                     - Undefined Weak Reference
    _terminateio                              - Undefined Weak Reference
    __main                                   0x00000040   ARM Code       8  __main.o(!!!main)
    __scatterload                            0x00000048   ARM Code       0  __scatter.o(!!!scatter)
    __scatterload_rt2                        0x00000048   ARM Code      52  __scatter.o(!!!scatter)
    __scatterload_null                       0x0000005c   ARM Code       0  __scatter.o(!!!scatter)
    __scatterload_copy                       0x00000084   ARM Code      40  __scatter_copy.o(!!handler_copy)
    __scatterload_zeroinit                   0x000000ac   ARM Code      44  __scatter_zi.o(!!handler_zi)
    Inline ARM to Thumb Veneer to __rt_lib_init 0x000000d8   ARM Code       8  libinit.o(.ARM.Collect$$libinit$$00000000)
    __rt_lib_init                            0x000000e1   Thumb Code     0  libinit.o(.ARM.Collect$$libinit$$00000000)
    __rt_lib_init_alloca_1                   0x000000e7   Thumb Code     0  libinit2.o(.ARM.Collect$$libinit$$0000002A)
    __rt_lib_init_argv_1                     0x000000e7   Thumb Code     0  libinit2.o(.ARM.Collect$$libinit$$00000028)
    __rt_lib_init_atexit_1                   0x000000e7   Thumb Code     0  libinit2.o(.ARM.Collect$$libinit$$00000017)
    __rt_lib_init_clock_1                    0x000000e7   Thumb Code     0  libinit2.o(.ARM.Collect$$libinit$$0000001D)
    __rt_lib_init_cpp_1                      0x000000e7   Thumb Code     0  libinit2.o(.ARM.Collect$$libinit$$0000002E)
    __rt_lib_init_exceptions_1               0x000000e7   Thumb Code     0  libinit2.o(.ARM.Collect$$libinit$$0000002C)
    __rt_lib_init_fp_trap_1                  0x000000e7   Thumb Code     0  libinit2.o(.ARM.Collect$$libinit$$0000001B)
    __rt_lib_init_getenv_1                   0x000000e7   Thumb Code     0  libinit2.o(.ARM.Collect$$libinit$$0000001F)
    __rt_lib_init_heap_1                     0x000000e7   Thumb Code     0  libinit2.o(.ARM.Collect$$libinit$$00000006)
    __rt_lib_init_lc_collate_1               0x000000e7   Thumb Code     0  libinit2.o(.ARM.Collect$$libinit$$0000000D)
    __rt_lib_init_lc_ctype_1                 0x000000e7   Thumb Code     0  libinit2.o(.ARM.Collect$$libinit$$0000000F)
    __rt_lib_init_lc_monetary_1              0x000000e7   Thumb Code     0  libinit2.o(.ARM.Collect$$libinit$$00000011)
    __rt_lib_init_lc_numeric_1               0x000000e7   Thumb Code     0  libinit2.o(.ARM.Collect$$libinit$$00000013)
    __rt_lib_init_lc_time_1                  0x000000e7   Thumb Code     0  libinit2.o(.ARM.Collect$$libinit$$00000015)
    __rt_lib_init_rand_1                     0x000000e7   Thumb Code     0  libinit2.o(.ARM.Collect$$libinit$$0000000A)
    __rt_lib_init_return                     0x000000e7   Thumb Code     0  libinit2.o(.ARM.Collect$$libinit$$0000002F)
    __rt_lib_init_signal_1                   0x000000e7   Thumb Code     0  libinit2.o(.ARM.Collect$$libinit$$00000019)
    __rt_lib_init_stdio_1                    0x000000e7   Thumb Code     0  libinit2.o(.ARM.Collect$$libinit$$00000021)
    __rt_lib_init_user_alloc_1               0x000000e7   Thumb Code     0  libinit2.o(.ARM.Collect$$libinit$$00000008)
    Inline ARM to Thumb Veneer to __rt_lib_shutdown 0x000000f4   ARM Code       8  libshutdown.o(.ARM.Collect$$libshutdown$$00000000)
    __rt_lib_shutdown                        0x000000fd   Thumb Code     0  libshutdown.o(.ARM.Collect$$libshutdown$$00000000)
    __rt_lib_shutdown_fp_trap_1              0x00000101   Thumb Code     0  libshutdown2.o(.ARM.Collect$$libshutdown$$00000006)
    __rt_lib_shutdown_heap_1                 0x00000101   Thumb Code     0  libshutdown2.o(.ARM.Collect$$libshutdown$$0000000E)
    __rt_lib_shutdown_return                 0x00000101   Thumb Code     0  libshutdown2.o(.ARM.Collect$$libshutdown$$0000000F)
    __rt_lib_shutdown_signal_1               0x00000101   Thumb Code     0  libshutdown2.o(.ARM.Collect$$libshutdown$$00000009)
    __rt_lib_shutdown_stdio_1                0x00000101   Thumb Code     0  libshutdown2.o(.ARM.Collect$$libshutdown$$00000003)
    __rt_lib_shutdown_user_alloc_1           0x00000101   Thumb Code     0  libshutdown2.o(.ARM.Collect$$libshutdown$$0000000B)
    __rt_entry                               0x00000108   ARM Code       0  rtentry.o(.ARM.Collect$$rtentry$$00000000)
    __rt_entry_presh_1                       0x00000108   ARM Code       0  rtentry2.o(.ARM.Collect$$rtentry$$00000002)
    __rt_entry_sh                            0x00000108   ARM Code       0  rtentry7.o(.ARM.Collect$$rtentry$$00000007)
    __rt_entry_li                            0x0000010c   ARM Code       0  rtentry2.o(.ARM.Collect$$rtentry$$0000000A)
    __rt_entry_postsh_1                      0x0000010c   ARM Code       0  rtentry2.o(.ARM.Collect$$rtentry$$00000009)
    __rt_entry_main                          0x00000110   ARM Code       0  rtentry2.o(.ARM.Collect$$rtentry$$0000000D)
    __rt_entry_postli_1                      0x00000110   ARM Code       0  rtentry2.o(.ARM.Collect$$rtentry$$0000000C)
    Inline Thumb to ARM Veneer to __rt_exit  0x0000013d   Thumb Code     4  rtexit.o(.ARM.Collect$$rtexit$$00000000)
    __rt_exit                                0x00000140   ARM Code       0  rtexit.o(.ARM.Collect$$rtexit$$00000000)
    __rt_exit_ls                             0x00000140   ARM Code       0  rtexit2.o(.ARM.Collect$$rtexit$$00000003)
    __rt_exit_prels_1                        0x00000140   ARM Code       0  rtexit2.o(.ARM.Collect$$rtexit$$00000002)
    __rt_exit_exit                           0x00000144   ARM Code       0  rtexit2.o(.ARM.Collect$$rtexit$$00000004)
    draw_graph_on_glcd                       0x00000148   ARM Code       8  app.o(.text)
    scaledown_adc_value                      0x00000150   ARM Code      20  app.o(.text)
    main                                     0x000001e8   ARM Code     136  app.o(.text)
    App_TaskCreateHook                       0x00000270   ARM Code       4  app.o(.text)
    App_TaskDelHook                          0x00000274   ARM Code       4  app.o(.text)
    App_TaskIdleHook                         0x00000278   ARM Code       4  app.o(.text)
    App_TaskStatHook                         0x0000027c   ARM Code       4  app.o(.text)
    App_TaskSwHook                           0x00000280   ARM Code       4  app.o(.text)
    App_TCBInitHook                          0x00000284   ARM Code       4  app.o(.text)
    App_TimeTickHook                         0x00000288   ARM Code       4  app.o(.text)
    clear_frame_buf                          0x0000028c   ARM Code      60  lcd_app.o(.text)
    lcd_goto_xy                              0x000002c8   ARM Code      16  lcd_app.o(.text)
    put_pixel                                0x000002d8   ARM Code     136  lcd_app.o(.text)
    lcd_draw_line                            0x00000360   ARM Code     464  lcd_app.o(.text)
    lcd_draw_circle                          0x00000530   ARM Code     396  lcd_app.o(.text)
    is_valid_ascii                           0x000006bc   ARM Code      24  lcd_app.o(.text)
    lcd_display_char                         0x000006d4   ARM Code      68  lcd_app.o(.text)
    lcd_display_string                       0x00000718   ARM Code      44  lcd_app.o(.text)
    init_glcd_ports                          0x00000744   ARM Code      40  lcd_app.o(.text)
    init_xy_axis                             0x0000076c   ARM Code     108  lcd_app.o(.text)
    get_width_of_char                        0x000007f8   ARM Code      20  8x8.o(.text)
    get_data_from_data_table                 0x0000080c   ARM Code      32  8x8.o(.text)
    LCD_WRITE_CMD                            0x00000830   ARM Code     124  64x128glcd.o(.text)
    LCD_WRITE_DATA                           0x000008ac   ARM Code     124  64x128glcd.o(.text)
    LCD_READ_DATA                            0x00000928   ARM Code     152  64x128glcd.o(.text)
    LCD_INIT                                 0x000009c0   ARM Code     228  64x128glcd.o(.text)
    LCD_SET_PAGE                             0x00000aa4   ARM Code      44  64x128glcd.o(.text)
    LCD_CLEAR                                0x00000ad0   ARM Code      96  64x128glcd.o(.text)
    init_adc0                                0x00000b38   ARM Code      40  adc.o(.text)
    init_adc1                                0x00000b60   ARM Code       4  adc.o(.text)
    adc_read                                 0x00000b64   ARM Code     120  adc.o(.text)
    BSP_CPU_PclkFreq                         0x00000be8   ARM Code      64  bsp.o(.text)
    Tmr_TickISR_Handler                      0x00000c28   ARM Code      16  bsp.o(.text)
    uart0_init                               0x00000c38   ARM Code      72  bsp.o(.text)
    uart1_init                               0x00000c80   ARM Code      72  bsp.o(.text)
    LED_Off                                  0x00000cc8   ARM Code     128  bsp.o(.text)
    BSP_Init                                 0x00000e08   ARM Code     288  bsp.o(.text)
    BSP_CPU_ClkFreq                          0x00000f28   ARM Code      28  bsp.o(.text)
    OS_CPU_ExceptHndlr                       0x00000f44   ARM Code      64  bsp.o(.text)
    BSP_IntDisAll                            0x00000f84   ARM Code      16  bsp.o(.text)
    LED_On                                   0x00000f94   ARM Code     128  bsp.o(.text)
    LED_Toggle                               0x00001014   ARM Code     236  bsp.o(.text)
    PB_GetStatus                             0x00001100   ARM Code      32  bsp.o(.text)
    ADC_GetStatus                            0x00001120   ARM Code      28  bsp.o(.text)
    uart1_putc                               0x0000113c   ARM Code      24  bsp.o(.text)
    uart1_puts                               0x00001154   ARM Code      40  bsp.o(.text)
    uart0_putc                               0x0000117c   ARM Code      24  bsp.o(.text)
    uart0_puts                               0x00001194   ARM Code      40  bsp.o(.text)
    OS_StrCopy                               0x00001320   ARM Code      48  os_core.o(.text)
    OSEventNameGet                           0x00001350   ARM Code     128  os_core.o(.text)
    OS_StrLen                                0x000013d0   ARM Code      36  os_core.o(.text)
    OSEventNameSet                           0x000013f4   ARM Code     140  os_core.o(.text)
    OS_TaskStatStkChk                        0x00001480   ARM Code      96  os_core.o(.text)
    OS_TaskStat                              0x000014e0   ARM Code     160  os_core.o(.text)
    OS_TaskIdle                              0x00001580   ARM Code      36  os_core.o(.text)
    OS_MemClr                                0x000015a4   ARM Code      32  os_core.o(.text)
    OSInit                                   0x000015c4   ARM Code     448  os_core.o(.text)
    OSIntEnter                               0x00001784   ARM Code      36  os_core.o(.text)
    OSIntExit                                0x000017a8   ARM Code     148  os_core.o(.text)
    OSSchedLock                              0x0000183c   ARM Code      68  os_core.o(.text)
    OS_Sched                                 0x00001880   ARM Code     176  os_core.o(.text)
    OSSchedUnlock                            0x00001930   ARM Code      88  os_core.o(.text)
    OSStart                                  0x00001988   ARM Code      64  os_core.o(.text)
    OSStatInit                               0x000019c8   ARM Code      68  os_core.o(.text)
    OSTimeTick                               0x00001a0c   ARM Code     232  os_core.o(.text)
    OSVersion                                0x00001af4   ARM Code       8  os_core.o(.text)
    OS_Dummy                                 0x00001afc   ARM Code       4  os_core.o(.text)
    OS_EventTaskRdy                          0x00001b00   ARM Code     172  os_core.o(.text)
    OS_EventTaskWait                         0x00001bac   ARM Code     116  os_core.o(.text)
    OS_EventTOAbort                          0x00001c20   ARM Code      80  os_core.o(.text)
    OS_EventWaitListInit                     0x00001c70   ARM Code      40  os_core.o(.text)
    OS_MemCopy                               0x00001c98   ARM Code      32  os_core.o(.text)
    OS_TCBInit                               0x00001cb8   ARM Code     324  os_core.o(.text)
    OSMemCreate                              0x00001e30   ARM Code     152  os_mem.o(.text)
    OSMemGet                                 0x00001ec8   ARM Code      92  os_mem.o(.text)
    OSMemNameGet                             0x00001f24   ARM Code      96  os_mem.o(.text)
    OSMemNameSet                             0x00001f84   ARM Code     112  os_mem.o(.text)
    OSMemPut                                 0x00001ff4   ARM Code      84  os_mem.o(.text)
    OSMemQuery                               0x00002048   ARM Code      88  os_mem.o(.text)
    OS_MemInit                               0x000020a0   ARM Code     108  os_mem.o(.text)
    OSSemAccept                              0x00002118   ARM Code      60  os_sem.o(.text)
    OSSemCreate                              0x00002154   ARM Code     116  os_sem.o(.text)
    OSSemDel                                 0x000021c8   ARM Code     284  os_sem.o(.text)
    OSSemPend                                0x000022e4   ARM Code     240  os_sem.o(.text)
    OSSemPendAbort                           0x000023d4   ARM Code     192  os_sem.o(.text)
    OSSemPost                                0x00002494   ARM Code     140  os_sem.o(.text)
    OSSemQuery                               0x00002520   ARM Code     100  os_sem.o(.text)
    OSSemSet                                 0x00002584   ARM Code     100  os_sem.o(.text)
    OSTaskChangePrio                         0x000025fc   ARM Code     360  os_task.o(.text)
    OSTaskCreate                             0x00002764   ARM Code     200  os_task.o(.text)
    OS_TaskStkClr                            0x0000282c   ARM Code      36  os_task.o(.text)
    OSTaskCreateExt                          0x00002850   ARM Code     228  os_task.o(.text)
    OSTaskDel                                0x00002934   ARM Code     416  os_task.o(.text)
    OSTaskDelReq                             0x00002ad4   ARM Code     132  os_task.o(.text)
    OSTaskNameGet                            0x00002b58   ARM Code     152  os_task.o(.text)
    OSTaskNameSet                            0x00002bf0   ARM Code     168  os_task.o(.text)
    OSTaskResume                             0x00002c98   ARM Code     192  os_task.o(.text)
    OSTaskStkChk                             0x00002d58   ARM Code     164  os_task.o(.text)
    OSTaskSuspend                            0x00002dfc   ARM Code     188  os_task.o(.text)
    OSTaskQuery                              0x00002eb8   ARM Code     124  os_task.o(.text)
    OSTimeDly                                0x00002f5c   ARM Code     120  os_time.o(.text)
    OSTimeDlyHMSM                            0x00002fd4   ARM Code     156  os_time.o(.text)
    OSTimeDlyResume                          0x00003070   ARM Code     200  os_time.o(.text)
    OSTimeGet                                0x00003138   ARM Code      32  os_time.o(.text)
    OSTimeSet                                0x00003158   ARM Code      28  os_time.o(.text)
    OSTmrCreate                              0x0000318c   ARM Code     280  os_tmr.o(.text)
    OSTmrDel                                 0x00003368   ARM Code     172  os_tmr.o(.text)
    OSTmrNameGet                             0x00003414   ARM Code     172  os_tmr.o(.text)
    OSTmrRemainGet                           0x000034c0   ARM Code     240  os_tmr.o(.text)
    OSTmrStateGet                            0x000035b0   ARM Code     120  os_tmr.o(.text)
    OSTmrStart                               0x00003690   ARM Code     176  os_tmr.o(.text)
    OSTmrStop                                0x00003740   ARM Code     276  os_tmr.o(.text)
    OSTmrSignal                              0x00003854   ARM Code      12  os_tmr.o(.text)
    OSTmr_Init                               0x0000390c   ARM Code     300  os_tmr.o(.text)
    OSInitHookBegin                          0x00003aac   ARM Code      16  os_cpu_c.o(.text)
    OSInitHookEnd                            0x00003abc   ARM Code       4  os_cpu_c.o(.text)
    OSTaskCreateHook                         0x00003ac0   ARM Code       4  os_cpu_c.o(.text)
    OSTaskDelHook                            0x00003ac4   ARM Code       4  os_cpu_c.o(.text)
    OSTaskIdleHook                           0x00003ac8   ARM Code       4  os_cpu_c.o(.text)
    OSTaskStatHook                           0x00003acc   ARM Code       4  os_cpu_c.o(.text)
    OSTaskStkInit                            0x00003ad0   ARM Code     144  os_cpu_c.o(.text)
    OSTaskSwHook                             0x00003b60   ARM Code       4  os_cpu_c.o(.text)
    OSTCBInitHook                            0x00003b64   ARM Code       4  os_cpu_c.o(.text)
    OSTimeTickHook                           0x00003b68   ARM Code      60  os_cpu_c.o(.text)
    OS_CPU_InitExceptVect                    0x00003ba4   ARM Code      96  os_cpu_c.o(.text)
    OSDebugInit                              0x00003c3c   ARM Code       4  os_dbg.o(.text)
    __aeabi_idiv                             0x00003c40   ARM Code       0  aeabi_sdivfast.o(.text)
    __aeabi_idivmod                          0x00003c40   ARM Code     556  aeabi_sdivfast.o(.text)
    exit                                     0x00003e6d   Thumb Code    12  exit.o(.text)
    _sys_exit                                0x00003e78   ARM Code      20  sys_exit.o(.text)
    __I$use$semihosting                      0x00003e90   ARM Code       0  use_no_semi.o(.text)
    __use_no_semihosting_swi                 0x00003e90   ARM Code       4  use_no_semi.o(.text)
    __aeabi_uidiv                            0x00003e94   ARM Code       0  aeabi_sdivfast.o(.text_udiv)
    __aeabi_uidivmod                         0x00003e94   ARM Code      40  aeabi_sdivfast.o(.text_udiv)
    OS_CPU_SR_Save                           0x00003ebc   ARM Code       0  os_cpu_a.o(CODE)
    OS_CPU_SR_Restore                        0x00003ecc   ARM Code       0  os_cpu_a.o(CODE)
    OSStartHighRdy                           0x00003ed4   ARM Code       0  os_cpu_a.o(CODE)
    OSCtxSw                                  0x00003f08   ARM Code       0  os_cpu_a.o(CODE)
    OSIntCtxSw                               0x00003f6c   ARM Code       0  os_cpu_a.o(CODE)
    OS_CPU_ARM_ExceptResetHndlr              0x00003fa8   ARM Code       0  os_cpu_a.o(CODE)
    OS_CPU_ARM_ExceptUndefInstrHndlr         0x00003fb8   ARM Code       0  os_cpu_a.o(CODE)
    OS_CPU_ARM_ExceptSwiHndlr                0x00003fc8   ARM Code       0  os_cpu_a.o(CODE)
    OS_CPU_ARM_ExceptPrefetchAbortHndlr      0x00003fd8   ARM Code       0  os_cpu_a.o(CODE)
    OS_CPU_ARM_ExceptDataAbortHndlr          0x00003fec   ARM Code       0  os_cpu_a.o(CODE)
    OS_CPU_ARM_ExceptAddrAbortHndlr          0x00004000   ARM Code       0  os_cpu_a.o(CODE)
    OS_CPU_ARM_ExceptIrqHndlr                0x00004014   ARM Code       0  os_cpu_a.o(CODE)
    OS_CPU_ARM_ExceptFiqHndlr                0x00004028   ARM Code       0  os_cpu_a.o(CODE)
    ResetHndlr                               0x00004134   ARM Code       0  init.o(INIT)
    Inline Thumb to ARM Veneer to _fp_init   0x000041c1   Thumb Code     4  fpinit.o(x$fpl$fpinit)
    __fplib_config_pureend_doubles           0x000041c4   ARM Code       0  fpinit.o(x$fpl$fpinit)
    _fp_init                                 0x000041c4   ARM Code       4  fpinit.o(x$fpl$fpinit)
    data_table                               0x000041c8   Data         588  8x8.o(.constdata)
    offset_table                             0x00004414   Data         384  8x8.o(.constdata)
    index_table                              0x00004594   Data         256  8x8.o(.constdata)
    width_table                              0x00004694   Data          96  8x8.o(.constdata)
    OSUnMapTbl                               0x000046f4   Data         256  os_core.o(.constdata)
    Region$$Table$$Base                      0x000047f4   Number         0  anon$$obj.o(Region$$Table)
    Region$$Table$$Limit                     0x00004814   Number         0  anon$$obj.o(Region$$Table)
    VIC_SpuriousInt                          0x40000044   Data           4  bsp.o(.data)
    OSCPUUsage                               0x40000048   Data           1  os_core.o(.data)
    OSStatRdy                                0x40000049   Data           1  os_core.o(.data)
    OSIntNesting                             0x4000004a   Data           1  os_core.o(.data)
    OSLockNesting                            0x4000004b   Data           1  os_core.o(.data)
    OSPrioCur                                0x4000004c   Data           1  os_core.o(.data)
    OSPrioHighRdy                            0x4000004d   Data           1  os_core.o(.data)
    OSRdyGrp                                 0x4000004e   Data           1  os_core.o(.data)
    OSRunning                                0x4000004f   Data           1  os_core.o(.data)
    OSTaskCtr                                0x40000050   Data           1  os_core.o(.data)
    OSTickStepState                          0x40000051   Data           1  os_core.o(.data)
    OSCtxSwCtr                               0x40000054   Data           4  os_core.o(.data)
    OSEventFreeList                          0x40000058   Data           4  os_core.o(.data)
    OSIdleCtrMax                             0x4000005c   Data           4  os_core.o(.data)
    OSIdleCtrRun                             0x40000060   Data           4  os_core.o(.data)
    OSRdyTbl                                 0x40000064   Data           4  os_core.o(.data)
    OSIdleCtr                                0x40000068   Data           4  os_core.o(.data)
    OSTCBCur                                 0x4000006c   Data           4  os_core.o(.data)
    OSTCBFreeList                            0x40000070   Data           4  os_core.o(.data)
    OSTCBHighRdy                             0x40000074   Data           4  os_core.o(.data)
    OSTCBList                                0x40000078   Data           4  os_core.o(.data)
    OSTime                                   0x4000007c   Data           4  os_core.o(.data)
    OSMemFreeList                            0x40000080   Data           4  os_core.o(.data)
    OSTmrFree                                0x40000084   Data           2  os_core.o(.data)
    OSTmrUsed                                0x40000086   Data           2  os_core.o(.data)
    OSTmrTime                                0x40000088   Data           4  os_core.o(.data)
    OSTmrSem                                 0x4000008c   Data           4  os_core.o(.data)
    OSTmrSemSignal                           0x40000090   Data           4  os_core.o(.data)
    OSTmrFreeList                            0x40000094   Data           4  os_core.o(.data)
    frame_buf                                0x4000049c   Data        1024  lcd_app.o(.bss)
    OSEventTbl                               0x4000089c   Data         320  os_core.o(.bss)
    OSTaskStatStk                            0x400009dc   Data         512  os_core.o(.bss)
    OSTaskIdleStk                            0x40000bdc   Data         512  os_core.o(.bss)
    OSTCBPrioTbl                             0x40000ddc   Data         128  os_core.o(.bss)
    OSTCBTbl                                 0x40000e5c   Data        1512  os_core.o(.bss)
    OSMemTbl                                 0x40001444   Data         180  os_core.o(.bss)
    OSTmrTbl                                 0x400014f8   Data         832  os_core.o(.bss)
    OSTmrTaskStk                             0x40001838   Data         512  os_core.o(.bss)
    OSTmrWheelTbl                            0x40001a38   Data          64  os_core.o(.bss)
    Image$$ARM_LIB_HEAP$$ZI$$Base            0x40007000   Number         0  anon$$obj.o(ARM_LIB_HEAP.bss)
    Image$$ARM_LIB_HEAP$$ZI$$Limit           0x40007100   Number         0  anon$$obj.o(ARM_LIB_HEAP.bss)
    Image$$ARM_LIB_STACK$$ZI$$Limit          0x40008000   Number         0  anon$$obj.o(ARM_LIB_STACK.bss)



==============================================================================

Memory Map of the image

  Image Entry point : 0x00004134

  Load Region LR_IROM1 (Base: 0x00000000, Size: 0x00004870, Max: 0x00080000, ABSOLUTE)

    Execution Region ER_IROM1 (Base: 0x00000000, Size: 0x00004814, Max: 0x00080000, ABSOLUTE)

    Base Addr    Size         Type   Attr      Idx    E Section Name        Object

    0x00000000   0x00000040   Code   RO          178  * VECT                vectors.o
    0x00000040   0x00000008   Code   RO          415  * !!!main             __main.o(c_t.l)
    0x00000048   0x0000003c   Code   RO          594    !!!scatter          __scatter.o(c_t.l)
    0x00000084   0x00000028   Code   RO          596    !!handler_copy      __scatter_copy.o(c_t.l)
    0x000000ac   0x0000002c   Code   RO          598    !!handler_zi        __scatter_zi.o(c_t.l)
    0x000000d8   0x00000008   Ven    RO          461    .ARM.Collect$$libinit$$00000000  libinit.o(c_t.l)
    0x000000e0   0x00000006   Code   RO          461    .ARM.Collect$$libinit$$00000000  libinit.o(c_t.l)
    0x000000e6   0x00000000   Code   RO          477    .ARM.Collect$$libinit$$00000006  libinit2.o(c_t.l)
    0x000000e6   0x00000000   Code   RO          479    .ARM.Collect$$libinit$$00000008  libinit2.o(c_t.l)
    0x000000e6   0x00000000   Code   RO          481    .ARM.Collect$$libinit$$0000000A  libinit2.o(c_t.l)
    0x000000e6   0x00000000   Code   RO          484    .ARM.Collect$$libinit$$0000000D  libinit2.o(c_t.l)
    0x000000e6   0x00000000   Code   RO          486    .ARM.Collect$$libinit$$0000000F  libinit2.o(c_t.l)
    0x000000e6   0x00000000   Code   RO          488    .ARM.Collect$$libinit$$00000011  libinit2.o(c_t.l)
    0x000000e6   0x00000000   Code   RO          490    .ARM.Collect$$libinit$$00000013  libinit2.o(c_t.l)
    0x000000e6   0x00000000   Code   RO          492    .ARM.Collect$$libinit$$00000015  libinit2.o(c_t.l)
    0x000000e6   0x00000000   Code   RO          494    .ARM.Collect$$libinit$$00000017  libinit2.o(c_t.l)
    0x000000e6   0x00000000   Code   RO          496    .ARM.Collect$$libinit$$00000019  libinit2.o(c_t.l)
    0x000000e6   0x00000000   Code   RO          498    .ARM.Collect$$libinit$$0000001B  libinit2.o(c_t.l)
    0x000000e6   0x00000000   Code   RO          500    .ARM.Collect$$libinit$$0000001D  libinit2.o(c_t.l)
    0x000000e6   0x00000000   Code   RO          502    .ARM.Collect$$libinit$$0000001F  libinit2.o(c_t.l)
    0x000000e6   0x00000000   Code   RO          504    .ARM.Collect$$libinit$$00000021  libinit2.o(c_t.l)
    0x000000e6   0x00000000   Code   RO          508    .ARM.Collect$$libinit$$00000028  libinit2.o(c_t.l)
    0x000000e6   0x00000000   Code   RO          510    .ARM.Collect$$libinit$$0000002A  libinit2.o(c_t.l)
    0x000000e6   0x00000000   Code   RO          512    .ARM.Collect$$libinit$$0000002C  libinit2.o(c_t.l)
    0x000000e6   0x00000000   Code   RO          514    .ARM.Collect$$libinit$$0000002E  libinit2.o(c_t.l)
    0x000000e6   0x0000000c   Code   RO          515    .ARM.Collect$$libinit$$0000002F  libinit2.o(c_t.l)
    0x000000f2   0x00000002   PAD
    0x000000f4   0x00000008   Ven    RO          552    .ARM.Collect$$libshutdown$$00000000  libshutdown.o(c_t.l)
    0x000000fc   0x00000004   Code   RO          552    .ARM.Collect$$libshutdown$$00000000  libshutdown.o(c_t.l)
    0x00000100   0x00000000   Code   RO          579    .ARM.Collect$$libshutdown$$00000003  libshutdown2.o(c_t.l)
    0x00000100   0x00000000   Code   RO          582    .ARM.Collect$$libshutdown$$00000006  libshutdown2.o(c_t.l)
    0x00000100   0x00000000   Code   RO          585    .ARM.Collect$$libshutdown$$00000009  libshutdown2.o(c_t.l)
    0x00000100   0x00000000   Code   RO          587    .ARM.Collect$$libshutdown$$0000000B  libshutdown2.o(c_t.l)
    0x00000100   0x00000000   Code   RO          590    .ARM.Collect$$libshutdown$$0000000E  libshutdown2.o(c_t.l)
    0x00000100   0x00000006   Code   RO          591    .ARM.Collect$$libshutdown$$0000000F  libshutdown2.o(c_t.l)
    0x00000106   0x00000002   PAD
    0x00000108   0x00000000   Code   RO          417    .ARM.Collect$$rtentry$$00000000  rtentry.o(c_t.l)
    0x00000108   0x00000000   Code   RO          424    .ARM.Collect$$rtentry$$00000002  rtentry2.o(c_t.l)
    0x00000108   0x00000004   Code   RO          441    .ARM.Collect$$rtentry$$00000007  rtentry7.o(c_t.l)
    0x0000010c   0x00000000   Code   RO          426    .ARM.Collect$$rtentry$$00000009  rtentry2.o(c_t.l)
    0x0000010c   0x00000004   Code   RO          427    .ARM.Collect$$rtentry$$0000000A  rtentry2.o(c_t.l)
    0x00000110   0x00000000   Code   RO          429    .ARM.Collect$$rtentry$$0000000C  rtentry2.o(c_t.l)
    0x00000110   0x00000028   Code   RO          430    .ARM.Collect$$rtentry$$0000000D  rtentry2.o(c_t.l)
    0x00000138   0x00000004   Code   RO          442    .ARM.Collect$$rtentry$$00002718  rtentry7.o(c_t.l)
    0x0000013c   0x00000004   Ven    RO          467    .ARM.Collect$$rtexit$$00000000  rtexit.o(c_t.l)
    0x00000140   0x00000000   Code   RO          467    .ARM.Collect$$rtexit$$00000000  rtexit.o(c_t.l)
    0x00000140   0x00000000   Code   RO          527    .ARM.Collect$$rtexit$$00000002  rtexit2.o(c_t.l)
    0x00000140   0x00000004   Code   RO          528    .ARM.Collect$$rtexit$$00000003  rtexit2.o(c_t.l)
    0x00000144   0x00000004   Code   RO          529    .ARM.Collect$$rtexit$$00000004  rtexit2.o(c_t.l)
    0x00000148   0x00000144   Code   RO            3    .text               app.o
    0x0000028c   0x0000056c   Code   RO           90    .text               lcd_app.o
    0x000007f8   0x00000038   Code   RO          115    .text               8x8.o
    0x00000830   0x00000308   Code   RO          128    .text               64x128glcd.o
    0x00000b38   0x000000b0   Code   RO          144    .text               adc.o
    0x00000be8   0x00000738   Code   RO          159    .text               bsp.o
    0x00001320   0x00000b10   Code   RO          188    .text               os_core.o
    0x00001e30   0x000002e8   Code   RO          238    .text               os_mem.o
    0x00002118   0x000004e4   Code   RO          262    .text               os_sem.o
    0x000025fc   0x00000960   Code   RO          274    .text               os_task.o
    0x00002f5c   0x00000230   Code   RO          287    .text               os_time.o
    0x0000318c   0x00000920   Code   RO          299    .text               os_tmr.o
    0x00003aac   0x00000190   Code   RO          314    .text               os_cpu_c.o
    0x00003c3c   0x00000004   Code   RO          335    .text               os_dbg.o
    0x00003c40   0x0000022c   Code   RO          399    .text               aeabi_sdivfast.o(c_t.l)
    0x00003e6c   0x0000000c   Code   RO          449    .text               exit.o(c_t.l)
    0x00003e78   0x00000018   Code   RO          522    .text               sys_exit.o(c_t.l)
    0x00003e90   0x00000004   Code   RO          524    .text               use_no_semi.o(c_t.l)
    0x00003e94   0x00000028   Code   RO          400    .text_udiv          aeabi_sdivfast.o(c_t.l)
    0x00003ebc   0x00000278   Code   RO          311    CODE                os_cpu_a.o
    0x00004134   0x0000008c   Code   RO          182  * INIT                init.o
    0x000041c0   0x00000004   Ven    RO          520    x$fpl$fpinit        fpinit.o(fz_ts.l)
    0x000041c4   0x00000004   Code   RO          520    x$fpl$fpinit        fpinit.o(fz_ts.l)
    0x000041c8   0x0000052c   Data   RO          116    .constdata          8x8.o
    0x000046f4   0x00000100   Data   RO          194    .constdata          os_core.o
    0x000047f4   0x00000020   Data   RO          592    Region$$Table       anon$$obj.o


    Execution Region RW_IRAM1 (Base: 0x40000040, Size: 0x00001a38, Max: 0x00006000, ABSOLUTE)

    Base Addr    Size         Type   Attr      Idx    E Section Name        Object

    0x40000040   0x00000002   Data   RW            5    .data               app.o
    0x40000042   0x00000002   PAD
    0x40000044   0x00000004   Data   RW          160    .data               bsp.o
    0x40000048   0x00000038   Data   RW          195    .data               os_core.o
    0x40000080   0x00000004   Data   RW          196    .data               os_core.o
    0x40000084   0x00000002   Data   RW          197    .data               os_core.o
    0x40000086   0x00000002   Data   RW          198    .data               os_core.o
    0x40000088   0x00000004   Data   RW          199    .data               os_core.o
    0x4000008c   0x00000004   Data   RW          200    .data               os_core.o
    0x40000090   0x00000004   Data   RW          201    .data               os_core.o
    0x40000094   0x00000004   Data   RW          202    .data               os_core.o
    0x40000098   0x00000002   Data   RW          315    .data               os_cpu_c.o
    0x4000009a   0x00000002   PAD
    0x4000009c   0x00000400   Zero   RW            4    .bss                app.o
    0x4000049c   0x00000400   Zero   RW           91    .bss                lcd_app.o
    0x4000089c   0x00000ba8   Zero   RW          189    .bss                os_core.o
    0x40001444   0x000000b4   Zero   RW          190    .bss                os_core.o
    0x400014f8   0x00000340   Zero   RW          191    .bss                os_core.o
    0x40001838   0x00000200   Zero   RW          192    .bss                os_core.o
    0x40001a38   0x00000040   Zero   RW          193    .bss                os_core.o


    Execution Region ARM_LIB_HEAP (Base: 0x40007000, Size: 0x00000100, Max: 0x00000100, ABSOLUTE, UNINIT)

    Base Addr    Size         Type   Attr      Idx    E Section Name        Object

    0x40007000   0x00000100   Zero   RW            1    ARM_LIB_HEAP.bss    anon$$obj.o


    Execution Region ARM_LIB_STACK (Base: 0x40007200, Size: 0x00000e00, Max: 0x00000e00, ABSOLUTE, UNINIT)

    Base Addr    Size         Type   Attr      Idx    E Section Name        Object

    0x40007200   0x00000e00   Zero   RW            2    ARM_LIB_STACK.bss   anon$$obj.o


==============================================================================

Image component sizes


      Code (inc. data)   RO Data    RW Data    ZI Data      Debug   Object Name

       776          8          0          0          0       2139   64x128glcd.o
        56          4       1324          0          0       1587   8x8.o
       176         12          0          0          0        951   adc.o
       324         24          0          2       1024      17356   app.o
      1848        104          0          4          0       7460   bsp.o
       140          8          0          0          0        296   init.o
      1388         32          0          0       1024       4496   lcd_app.o
      2832         80        256         80       4572      18558   os_core.o
       632         36          0          0          0        476   os_cpu_a.o
       400         56          0          2          0      14786   os_cpu_c.o
         4          0          0          0          0        494   os_dbg.o
       744         12          0          0          0       3412   os_mem.o
      1252         20          0          0          0       4342   os_sem.o
      2400         40          0          0          0       7579   os_task.o
       560         24          0          0          0       2034   os_time.o
      2336         84          0          0          0       7149   os_tmr.o
        64         28          0          0          0        312   vectors.o

    ----------------------------------------------------------------------
     15932        572       1612         92      10460      93427   Object Totals
         0          0         32          0       3840          0   (incl. Generated)
         0          0          0          4          0          1   (incl. Padding)

    ----------------------------------------------------------------------

      Code (inc. data)   RO Data    RW Data    ZI Data      Debug   Library Member Name

         8          0          0          0          0         68   __main.o
        60          8          0          0          0          0   __scatter.o
        40          0          0          0          0          0   __scatter_copy.o
        44          0          0          0          0          0   __scatter_zi.o
       596          0          0          0          0        148   aeabi_sdivfast.o
        12          0          0          0          0         60   exit.o
         8          0          0          0          0         68   fpinit.o
        14          0          0          0          0          0   libinit.o
        12          0          0          0          0          0   libinit2.o
        12          0          0          0          0          0   libshutdown.o
         6          0          0          0          0          0   libshutdown2.o
         0          0          0          0          0          0   rtentry.o
        44          4          0          0          0          0   rtentry2.o
         8          4          0          0          0          0   rtentry7.o
         4          0          0          0          0          0   rtexit.o
         8          0          0          0          0          0   rtexit2.o
        24          8          0          0          0         68   sys_exit.o
         4          0          0          0          0         68   use_no_semi.o

    ----------------------------------------------------------------------
       908         24          0          0          0        480   Library Totals
         4          0          0          0          0          0   (incl. Padding)

    ----------------------------------------------------------------------

      Code (inc. data)   RO Data    RW Data    ZI Data      Debug   Library Name

       896         24          0          0          0        412   c_t.l
         8          0          0          0          0         68   fz_ts.l

    ----------------------------------------------------------------------
       908         24          0          0          0        480   Library Totals

    ----------------------------------------------------------------------

==============================================================================


      Code (inc. data)   RO Data    RW Data    ZI Data      Debug   

     16840        596       1612         92      10460      92208   Grand Totals
     16840        596       1612         92      10460      92208   ELF Image Totals
     16840        596       1612         92          0          0   ROM Totals

==============================================================================

    Total RO  Size (Code + RO Data)                18452 (  18.02kB)
    Total RW  Size (RW Data + ZI Data)             10552 (  10.30kB)
    Total ROM Size (Code + RO Data + RW Data)      18544 (  18.11kB)

==============================================================================

